Microchip MPLAB XC8 Compiler V2.31

Linker command line:

-W-3 --edf=/Applications/microchip/xc8/v2.31/pic/dat/en_msgs.txt -cn \
  -h+dist/default/production/rtSolder.X.production.sym \
  --cmf=dist/default/production/rtSolder.X.production.cmf -z -Q16F1788 \
  -o/tmp/xcVAJ9c8o --defsym=__MPLAB_BUILD=1 \
  -Mdist/default/production/rtSolder.X.production.map -E1 -ver=XC8 Compiler \
  --acfsm=1493 -ASTACK=02180h-025EFh -pstack=STACK -ACODE=00h-07FFhx8 \
  -ASTRCODE=00h-03FFFh -ASTRING=00h-0FFhx64 -ACONST=00h-0FFhx64 \
  -AENTRY=00h-0FFhx64 -ACOMMON=070h-07Fh -ABANK0=020h-06Fh \
  -ABANK1=0A0h-0EFh -ABANK2=0120h-016Fh -ABANK3=01A0h-01EFh \
  -ABANK4=0220h-026Fh -ABANK5=02A0h-02EFh -ABANK6=0320h-036Fh \
  -ABANK7=03A0h-03EFh -ABANK8=0420h-046Fh -ABANK9=04A0h-04EFh \
  -ABANK10=0520h-056Fh -ABANK11=05A0h-05EFh -ABANK12=0620h-066Fh \
  -ABANK13=06A0h-06EFh -ABANK14=0720h-076Fh -ABANK15=07A0h-07EFh \
  -ABANK16=0820h-086Fh -ABANK17=08A0h-08EFh -ABANK18=0920h-096Fh \
  -ABANK19=09A0h-09EFh -ABANK20=0A20h-0A6Fh -ABANK21=0AA0h-0AEFh \
  -ABANK22=0B20h-0B6Fh -ABANK23=0BA0h-0BEFh -ABANK24=0C20h-0C6Fh \
  -ABANK25=0CA0h-0CBFh -ABIGRAM=02000h-027EFh \
  -ARAM=020h-06Fh,0A0h-0EFh,0120h-016Fh,01A0h-01EFh,0220h-026Fh,02A0h-02EFh,0320h-036Fh,03A0h-03EFh,0420h-046Fh,04A0h-04EFh,0520h-056Fh,05A0h-05EFh,0620h-066Fh,06A0h-06EFh,0720h-076Fh,07A0h-07EFh,0820h-086Fh,08A0h-08EFh,0920h-096Fh,09A0h-09EFh,0A20h-0A6Fh,0AA0h-0AEFh,0B20h-0B6Fh,0BA0h-0BEFh,0C20h-0C6Fh,0CA0h-0CBFh \
  -AABS1=020h-07Fh,0A0h-0EFh,0120h-016Fh,01A0h-01EFh,0220h-026Fh,02A0h-02EFh,0320h-036Fh,03A0h-03EFh,0420h-046Fh,04A0h-04EFh,0520h-056Fh,05A0h-05EFh,0620h-066Fh,06A0h-06EFh,0720h-076Fh,07A0h-07EFh,0820h-086Fh,08A0h-08EFh,0920h-096Fh,09A0h-09EFh,0A20h-0A6Fh,0AA0h-0AEFh,0B20h-0B6Fh,0BA0h-0BEFh,0C20h-0C6Fh,0CA0h-0CBFh \
  -ASFR0=00h-01Fh -ASFR1=080h-09Fh -ASFR2=0100h-011Fh -ASFR3=0180h-019Fh \
  -ASFR4=0200h-021Fh -ASFR5=0280h-029Fh -ASFR6=0300h-031Fh \
  -ASFR7=0380h-039Fh -ASFR8=0400h-041Fh -ASFR9=0480h-049Fh \
  -ASFR10=0500h-051Fh -ASFR11=0580h-059Fh -ASFR12=0600h-061Fh \
  -ASFR13=0680h-069Fh -ASFR14=0700h-071Fh -ASFR15=0780h-079Fh \
  -ASFR16=0800h-081Fh -ASFR17=0880h-089Fh -ASFR18=0900h-091Fh \
  -ASFR19=0980h-099Fh -ASFR20=0A00h-0A1Fh -ASFR21=0A80h-0A9Fh \
  -ASFR22=0B00h-0B1Fh -ASFR23=0B80h-0B9Fh -ASFR24=0C00h-0C1Fh \
  -ASFR25=0C80h-0C9Fh -ASFR26=0D00h-0D6Fh -ASFR27=0D80h-0DEFh \
  -ASFR28=0E00h-0E6Fh -ASFR29=0E80h-0EEFh -ASFR30=0F00h-0F6Fh \
  -ASFR31=0F80h-0FEFh -ACONFIG=08007h-08008h -DCONFIG=2 \
  -AIDLOC=08000h-08003h -DIDLOC=2 -AEEDATA=00h-0FFh/0F000h \
  -peeprom_data=EEDATA -DEEDATA=2 -DCODE=2 -DSTRCODE=2 -DSTRING=2 -DCONST=2 \
  -DENTRY=2 -preset_vec=00h,intentry=04h,init,end_init -ppowerup=CODE \
  -pcinit=CODE -pfunctab=ENTRY -k /tmp/xcKG71F0R.o \
  dist/default/production/rtSolder.X.production.o 

Object code version is 3.11

Machine type is 16F1788



                Name                               Link     Load   Length Selector   Space Scale
/tmp/xcKG71F0R.o
                end_init                             1C       1C        2        8       0
                reset_vec                             0        0        2        0       0
                config                             8007     8007        2        0       4
dist/default/production/rtSolder.X.production.o
                cinit                                1E       1E       41        8       0
                intentry                              4        4       18        8       0
                eeprom_data                           0     F000        8    1E000       3
                config                             8007     8007        2        0       4
                text62                             3758     3758        5     6EB0       0
                text61                             37EE     37EE       12     6FDC       0
                text60                             2E6F     2E6F       78     5CDE       0
                text59                             37CF     37CF        F     6F9E       0
                text58                             3762     3762        6     6EC4       0
                text57                                2        2        1        0       0
                text56                             29DD     29DD       14     53BA       0
                text54                             37B4     37B4        D     6F68       0
                text53                             3754     3754        4     6EA8       0
                text52                             3785     3785        B     6F0A       0
                text51                             3768     3768        6     6ED0       0
                text50                             2B55     2B55       34     56AA       0
                text49                             376E     376E        6     6EDC       0
                text48                             2A84     2A84       1C     5508       0
                text47                             374E     374E        3     6E9C       0
                text46                             29A5     29A5       12     534A       0
                text45                             3751     3751        3     6EA2       0
                text44                             3790     3790        C     6F20       0
                text43                             377B     377B        A     6EF6       0
                text42                             1C38     1C38        8     3870       0
                text41                             375D     375D        5     6EBA       0
                text40                             37C1     37C1        E     6F82       0
                text39                             3774     3774        7     6EE8       0
                text38                             2000     2000        7     3B1A       0
                text37                             29B7     29B7       13     536E       0
                text36                             2D9E     2D9E       64     5B3C       0
                text35                             2C4C     2C4C       4B     5898       0
                text34                             2ABD     2ABD       20     557A       0
                text33                             2A4F     2A4F       1A     549E       0
                text32                             2A69     2A69       1B     54D2       0
                text31                             23BF     23BF      103     477E       0
                text30                             203B     203B       BB     4076       0
                text29                             2CE5     2CE5       5C     59CA       0
                text28                             122F     122F        8     245E       0
                text27                             2E02     2E02       6D     5C04       0
                text26                             2A07     2A07       18     540E       0
                text25                             2AA0     2AA0       1D     5540       0
                text24                             2F61     2F61       9F     5EC2       0
                text23                             21D3     21D3       F5     43A6       0
                text22                             20F6     20F6       DD     41EC       0
                text21                             2A1F     2A1F       18     543E       0
                text20                                3        3        1        6       0
                text19                             2BBD     2BBD       47     577A       0
                text18                             2ADD     2ADD       25     55BA       0
                text17                             2A37     2A37       18     546E       0
                text16                             2C97     2C97       4E     592E       0
                text15                             1C40     1C40      14D     3880       0
                text14                             24C2     24C2      13E     4984       0
                text13                             2B89     2B89       34     5712       0
                text12                             2B02     2B02       27     5604       0
                text11                             1D8D     1D8D      273     3B1A       0
                text10                             29CA     29CA       13     5394       0
                text9                              2007     2007       34     400E       0
                text8                              2B29     2B29       2C     5652       0
                text7                              37DE     37DE       10     6FBC       0
                text6                              2C04     2C04       48     5808       0
                text5                              2D41     2D41       5D     5A82       0
                text4                              22C8     22C8       F7     4590       0
                text3                              29F1     29F1       16     53E2       0
                text2                              1237     1237       A4     246E       0
                text1                              12DB     12DB      525     25B6       0
                maintext                           2EE7     2EE7       7A     5DCE       0
                cstackBANK0                          20       20       50       20       1
                cstackCOMMON                         70       70        6       70       1
                cstackBANK1                          D4       D4       1C       A0       1
                clrtext                            379C     379C        C     6F38       0
                inittext                           37A8     37A8        C     6F50       0
                bssBANK4                            220      220       40      220       1
                bssBANK3                            1A0      1A0       40      1A0       1
                bssBANK2                            120      120       36      120       1
                bssBANK1                             A0       A0       34       A0       1
                bssCOMMON                            76       76        4       70       1
                stringtext21                       3875     3875        4     7000       0
                stringtext20                       3870     3870        5     7000       0
                stringtext19                       386B     386B        5     7000       0
                stringtext18                       3866     3866        5     7000       0
                stringtext17                       3861     3861        5     7000       0
                stringtext16                       385B     385B        6     7000       0
                stringtext15                       3854     3854        7     7000       0
                stringtext14                       384D     384D        7     7000       0
                stringtext13                       3846     3846        7     7000       0
                stringtext12                       383E     383E        8     7000       0
                stringtext11                       3836     3836        8     7000       0
                stringtext10                       382E     382E        8     7000       0
                stringtext9                        3826     3826        8     7000       0
                stringtext8                        381E     381E        8     7000       0
                stringtext7                        3816     3816        8     7000       0
                stringtext6                        380E     380E        8     7000       0
                stringtext5                        3800     3800        E     7000       0
                nvBANK2                             156      156        2      120       1
                stringtext4                        2800     2800      1A3     5000       0
                stringtext3                        1800     1800      438     3000       0
                stringtext2                         947      947      8E8       BE       0
                stringtext1                          5F       5F      8E8       BE       0
                idataBIGRAM                        2600     2600      200     4C00       0

TOTAL           Name                               Link     Load   Length     Space
        CLASS   STACK          

        CLASS   CODE           
                end_init                             1C       1C        2         0
                cinit                                1E       1E       41         0
                intentry                              4        4       18         0
                reset_vec                             0        0        2         0
                text62                             3758     3758        5         0
                text61                             37EE     37EE       12         0
                text60                             2E6F     2E6F       78         0
                text59                             37CF     37CF        F         0
                text58                             3762     3762        6         0
                text57                                2        2        1         0
                text56                             29DD     29DD       14         0
                text54                             37B4     37B4        D         0
                text53                             3754     3754        4         0
                text52                             3785     3785        B         0
                text51                             3768     3768        6         0
                text50                             2B55     2B55       34         0
                text49                             376E     376E        6         0
                text48                             2A84     2A84       1C         0
                text47                             374E     374E        3         0
                text46                             29A5     29A5       12         0
                text45                             3751     3751        3         0
                text44                             3790     3790        C         0
                text43                             377B     377B        A         0
                text42                             1C38     1C38        8         0
                text41                             375D     375D        5         0
                text40                             37C1     37C1        E         0
                text39                             3774     3774        7         0
                text38                             2000     2000        7         0
                text37                             29B7     29B7       13         0
                text36                             2D9E     2D9E       64         0
                text35                             2C4C     2C4C       4B         0
                text34                             2ABD     2ABD       20         0
                text33                             2A4F     2A4F       1A         0
                text32                             2A69     2A69       1B         0
                text31                             23BF     23BF      103         0
                text30                             203B     203B       BB         0
                text29                             2CE5     2CE5       5C         0
                text28                             122F     122F        8         0
                text27                             2E02     2E02       6D         0
                text26                             2A07     2A07       18         0
                text25                             2AA0     2AA0       1D         0
                text24                             2F61     2F61       9F         0
                text23                             21D3     21D3       F5         0
                text22                             20F6     20F6       DD         0
                text21                             2A1F     2A1F       18         0
                text20                                3        3        1         0
                text19                             2BBD     2BBD       47         0
                text18                             2ADD     2ADD       25         0
                text17                             2A37     2A37       18         0
                text16                             2C97     2C97       4E         0
                text15                             1C40     1C40      14D         0
                text14                             24C2     24C2      13E         0
                text13                             2B89     2B89       34         0
                text12                             2B02     2B02       27         0
                text11                             1D8D     1D8D      273         0
                text10                             29CA     29CA       13         0
                text9                              2007     2007       34         0
                text8                              2B29     2B29       2C         0
                text7                              37DE     37DE       10         0
                text6                              2C04     2C04       48         0
                text5                              2D41     2D41       5D         0
                text4                              22C8     22C8       F7         0
                text3                              29F1     29F1       16         0
                text2                              1237     1237       A4         0
                text1                              12DB     12DB      525         0
                maintext                           2EE7     2EE7       7A         0
                clrtext                            379C     379C        C         0
                inittext                           37A8     37A8        C         0
                idataBIGRAM                        2600     2600      200         0

        CLASS   STRCODE        
                stringtext21                       3875     3875        4         0
                stringtext20                       3870     3870        5         0
                stringtext19                       386B     386B        5         0
                stringtext18                       3866     3866        5         0
                stringtext17                       3861     3861        5         0
                stringtext16                       385B     385B        6         0
                stringtext15                       3854     3854        7         0
                stringtext14                       384D     384D        7         0
                stringtext13                       3846     3846        7         0
                stringtext12                       383E     383E        8         0
                stringtext11                       3836     3836        8         0
                stringtext10                       382E     382E        8         0
                stringtext9                        3826     3826        8         0
                stringtext8                        381E     381E        8         0
                stringtext7                        3816     3816        8         0
                stringtext6                        380E     380E        8         0
                stringtext5                        3800     3800        E         0
                stringtext4                        2800     2800      1A3         0
                stringtext3                        1800     1800      438         0
                stringtext2                         947      947      8E8         0
                stringtext1                          5F       5F      8E8         0

        CLASS   STRING         

        CLASS   CONST          

        CLASS   ENTRY          

        CLASS   COMMON         
                cstackCOMMON                         70       70        6         1
                bssCOMMON                            76       76        4         1

        CLASS   BANK0          
                cstackBANK0                          20       20       50         1

        CLASS   BANK1          
                cstackBANK1                          D4       D4       1C         1
                bssBANK1                             A0       A0       34         1

        CLASS   BANK2          
                bssBANK2                            120      120       36         1
                nvBANK2                             156      156        2         1

        CLASS   BANK3          
                bssBANK3                            1A0      1A0       40         1

        CLASS   BANK4          
                bssBANK4                            220      220       40         1

        CLASS   BANK5          

        CLASS   BANK6          

        CLASS   BANK7          

        CLASS   BANK8          

        CLASS   BANK9          

        CLASS   BANK10         

        CLASS   BANK11         

        CLASS   BANK12         

        CLASS   BANK13         

        CLASS   BANK14         

        CLASS   BANK15         

        CLASS   BANK16         

        CLASS   BANK17         

        CLASS   BANK18         

        CLASS   BANK19         

        CLASS   BANK20         

        CLASS   BANK21         

        CLASS   BANK22         

        CLASS   BANK23         

        CLASS   BANK24         

        CLASS   BANK25         

        CLASS   BIGRAM         

        CLASS   RAM            

        CLASS   ABS1           
                abs_s1                               7E       7E        2         1
                abs_s1                              9A0      9A0       50         1
                abs_s1                              A20      A20       50         1
                abs_s1                              AA0      AA0       50         1
                abs_s1                              B20      B20       50         1
                abs_s1                              BA0      BA0       50         1
                abs_s1                              C20      C20       50         1
                abs_s1                              CA0      CA0       20         1
                abs_s1                             25F0     25F0        0         1

        CLASS   SFR0           

        CLASS   SFR1           

        CLASS   SFR2           

        CLASS   SFR3           

        CLASS   SFR4           

        CLASS   SFR5           

        CLASS   SFR6           

        CLASS   SFR7           

        CLASS   SFR8           

        CLASS   SFR9           

        CLASS   SFR10          

        CLASS   SFR11          

        CLASS   SFR12          

        CLASS   SFR13          

        CLASS   SFR14          

        CLASS   SFR15          

        CLASS   SFR16          

        CLASS   SFR17          

        CLASS   SFR18          

        CLASS   SFR19          

        CLASS   SFR20          

        CLASS   SFR21          

        CLASS   SFR22          

        CLASS   SFR23          

        CLASS   SFR24          

        CLASS   SFR25          

        CLASS   SFR26          

        CLASS   SFR27          

        CLASS   SFR28          

        CLASS   SFR29          

        CLASS   SFR30          

        CLASS   SFR31          

        CLASS   CONFIG         
                config                             8007     8007        2         4

        CLASS   IDLOC          

        CLASS   EEDATA         
                eeprom_data                           0     F000        8         3

        CLASS   BANK31         

        CLASS   BANK30         

        CLASS   BANK29         

        CLASS   BANK28         

        CLASS   BANK27         

        CLASS   BANK26         



SEGMENTS        Name                           Load    Length   Top    Selector   Space  Class     Delta

                text21                         002A1F  000018  002A37      543E       0  CODE        2
                text26                         002A07  000018  002A1F      540E       0  CODE        2
                text17                         002A37  000018  002A4F      546E       0  CODE        2
                text48                         002A84  00001C  002AA0      5508       0  CODE        2
                text32                         002A69  00001B  002A84      54D2       0  CODE        2
                text25                         002AA0  00001D  002ABD      5540       0  CODE        2
                text33                         002A4F  00001A  002A69      549E       0  CODE        2
                text3                          0029F1  000016  002A07      53E2       0  CODE        2
                clrtext                        00379C  00000C  0037A8      6F38       0  CODE        2
                text44                         003790  00000C  00379C      6F20       0  CODE        2
                text54                         0037B4  00000D  0037C1      6F68       0  CODE        2
                inittext                       0037A8  00000C  0037B4      6F50       0  CODE        2
                text28                         00122F  000008  001237      245E       0  CODE        2
                text42                         001C38  000008  001C40      3870       0  CODE        2
                text52                         003785  00000B  003790      6F0A       0  CODE        2
                text43                         00377B  00000A  003785      6EF6       0  CODE        2
                text40                         0037C1  00000E  0037CF      6F82       0  CODE        2
                text37                         0029B7  000013  0029CA      536E       0  CODE        2
                text46                         0029A5  000012  0029B7      534A       0  CODE        2
                text56                         0029DD  000014  0029F1      53BA       0  CODE        2
                text10                         0029CA  000013  0029DD      5394       0  CODE        2
                text59                         0037CF  00000F  0037DE      6F9E       0  CODE        2
                stringtext5                    003800  000079  003879      7000       0  STRCODE     2
                text61                         0037EE  000012  003800      6FDC       0  CODE        2
                text7                          0037DE  000010  0037EE      6FBC       0  CODE        2
                text34                         002ABD  000020  002ADD      557A       0  CODE        2
                reset_vec                      000000  000003  000003         0       0  CODE        2
                text18                         002ADD  000025  002B02      55BA       0  CODE        2
                text8                          002B29  00002C  002B55      5652       0  CODE        2
                text12                         002B02  000027  002B29      5604       0  CODE        2
                text39                         003774  000007  00377B      6EE8       0  CODE        2
                text51                         003768  000006  00376E      6ED0       0  CODE        2
                text45                         003751  000003  003754      6EA2       0  CODE        2
                text47                         00374E  000003  003751      6E9C       0  CODE        2
                text20                         000003  000001  000004         6       0  CODE        2
                text53                         003754  000004  003758      6EA8       0  CODE        2
                text58                         003762  000006  003768      6EC4       0  CODE        2
                text41                         00375D  000005  003762      6EBA       0  CODE        2
                text62                         003758  000005  00375D      6EB0       0  CODE        2
                text49                         00376E  000006  003774      6EDC       0  CODE        2
                text50                         002B55  000034  002B89      56AA       0  CODE        2
                text1                          0012DB  000525  001800      25B6       0  CODE        2
                stringtext3                    001800  000438  001C38      3000       0  STRCODE     2
                stringtext1                    00005F  0011D0  00122F        BE       0  STRCODE     2
                stringtext4                    002800  0001A3  0029A3      5000       0  STRCODE     2
                text15                         001C40  00014D  001D8D      3880       0  CODE        2
                text11                         001D8D  00027A  002007      3B1A       0  CODE        2
                idataBIGRAM                    002600  000200  002800      4C00       0  CODE        2
                bssBANK1                       0000A0  000050  0000F0        A0       1  BANK1       1
                cstackCOMMON                   000070  00000A  00007A        70       1  COMMON      1
                cstackBANK0                    000020  000050  000070        20       1  BANK0       1
                intentry                       000004  00005B  00005F         8       0  CODE        2
                eeprom_data                    00F000  000008  00F008     1E000       3  EEDATA      2
                bssBANK3                       0001A0  000040  0001E0       1A0       1  BANK3       1
                bssBANK2                       000120  000038  000158       120       1  BANK2       1
                bssBANK4                       000220  000040  000260       220       1  BANK4       1
                text29                         002CE5  00005C  002D41      59CA       0  CODE        2
                text16                         002C97  00004E  002CE5      592E       0  CODE        2
                text5                          002D41  00005D  002D9E      5A82       0  CODE        2
                text27                         002E02  00006D  002E6F      5C04       0  CODE        2
                text36                         002D9E  000064  002E02      5B3C       0  CODE        2
                text9                          002007  000034  00203B      400E       0  CODE        2
                text13                         002B89  000034  002BBD      5712       0  CODE        2
                text19                         002BBD  000047  002C04      577A       0  CODE        2
                text35                         002C4C  00004B  002C97      5898       0  CODE        2
                text6                          002C04  000048  002C4C      5808       0  CODE        2
                text23                         0021D3  0000F5  0022C8      43A6       0  CODE        2
                text22                         0020F6  0000DD  0021D3      41EC       0  CODE        2
                text4                          0022C8  0000F7  0023BF      4590       0  CODE        2
                text14                         0024C2  00013E  002600      4984       0  CODE        2
                text31                         0023BF  000103  0024C2      477E       0  CODE        2
                maintext                       002EE7  00007A  002F61      5DCE       0  CODE        2
                text60                         002E6F  000078  002EE7      5CDE       0  CODE        2
                text24                         002F61  00009F  003000      5EC2       0  CODE        2
                text30                         00203B  0000BB  0020F6      4076       0  CODE        2
                text2                          001237  0000A4  0012DB      246E       0  CODE        2


UNUSED ADDRESS RANGES

        Name                Unused          Largest block    Delta
        BANK10           00520-0056F              50           1
        BANK11           005A0-005EF              50           1
        BANK12           00620-0066F              50           1
        BANK13           006A0-006EF              50           1
        BANK14           00720-0076F              50           1
        BANK15           007A0-007EF              50           1
        BANK16           00820-0086F              50           1
        BANK17           008A0-008EF              50           1
        BANK18           00920-0096F              50           1
        BANK2            00158-0016F              18           1
        BANK3            001E0-001EF              10           1
        BANK4            00260-0026F              10           1
        BANK5            002A0-002EF              50           1
        BANK6            00320-0036F              50           1
        BANK7            003A0-003EF              50           1
        BANK8            00420-0046F              50           1
        BANK9            004A0-004EF              50           1
        BIGRAM           02000-027EF             7F0           1
        CODE             029A3-029A4               2           2
                         03000-0374D             74E
                         03879-03FFF             787
        COMMON           0007A-0007D               4           1
        CONST            029A3-029A4               2           2
                         03000-0374D             100
                         03879-03FFF             100
        EEDATA           0F008-0F0FF              F8           2
        ENTRY            029A3-029A4               2           2
                         03000-0374D             100
                         03879-03FFF             100
        IDLOC            08000-08003               4           2
        RAM              00158-0016F              18           1
                         001E0-001EF              10
                         00260-0026F              10
                         002A0-002EF              50
                         00320-0036F              50
                         003A0-003EF              50
                         00420-0046F              50
                         004A0-004EF              50
                         00520-0056F              50
                         005A0-005EF              50
                         00620-0066F              50
                         006A0-006EF              50
                         00720-0076F              50
                         007A0-007EF              50
                         00820-0086F              50
                         008A0-008EF              50
                         00920-0096F              50
        SFR0             00000-0001F              20           1
        SFR1             00080-0009F              20           1
        SFR10            00500-0051F              20           1
        SFR11            00580-0059F              20           1
        SFR12            00600-0061F              20           1
        SFR13            00680-0069F              20           1
        SFR14            00700-0071F              20           1
        SFR15            00780-0079F              20           1
        SFR16            00800-0081F              20           1
        SFR17            00880-0089F              20           1
        SFR18            00900-0091F              20           1
        SFR19            00980-0099F              20           1
        SFR2             00100-0011F              20           1
        SFR20            00A00-00A1F              20           1
        SFR21            00A80-00A9F              20           1
        SFR22            00B00-00B1F              20           1
        SFR23            00B80-00B9F              20           1
        SFR24            00C00-00C1F              20           1
        SFR25            00C80-00C9F              20           1
        SFR26            00D00-00D6F              70           1
        SFR27            00D80-00DEF              70           1
        SFR28            00E00-00E6F              70           1
        SFR29            00E80-00EEF              70           1
        SFR3             00180-0019F              20           1
        SFR30            00F00-00F6F              70           1
        SFR31            00F80-00FEF              70           1
        SFR4             00200-0021F              20           1
        SFR5             00280-0029F              20           1
        SFR6             00300-0031F              20           1
        SFR7             00380-0039F              20           1
        SFR8             00400-0041F              20           1
        SFR9             00480-0049F              20           1
        STACK            02180-025EF             470           1
        STRCODE          029A3-029A4               2           2
                         03000-0374D             74E
                         03879-03FFF             787
        STRING           029A3-029A4               2           2
                         03000-0374D             100
                         03879-03FFF             100

                                  Symbol Table

?_ADC_GetConversionResult                   cstackCOMMON 00070
?___aodiv                                   cstackBANK0  00020
?___aomod                                   cstackBANK0  00020
?___lwdiv                                   cstackBANK0  00024
?___lwmod                                   cstackBANK0  00020
?___wmul                                    cstackBANK0  00020
?_abs                                       cstackBANK0  00032
?_atoi                                      cstackBANK0  00024
?_calc_supply_voltage                       cstackCOMMON 00074
?_calc_tip_temperatur                       cstackCOMMON 00074
?_dtoa                                      cstackBANK0  0003A
?_isdigit                                   cstackCOMMON 00074
?_isspace                                   cstackCOMMON 00074
?_pad                                       cstackBANK0  0002F
?_sprintf                                   cstackBANK1  000D7
?_strlen                                    cstackCOMMON 00074
?_vfpfcnvrt                                 cstackBANK0  00058
?_vfprintf                                  cstackBANK0  0006B
ADC_StartConversion@channel                 cstackCOMMON 00075
DATAEE_ReadByte@bAdd                        cstackCOMMON 00074
DATAEE_WriteByte@GIEBitValue                cstackBANK0  00021
DATAEE_WriteByte@bAdd                       cstackBANK0  00020
DATAEE_WriteByte@bData                      cstackCOMMON 00074
IOCAF0_SetInterruptHandler@InterruptHandler cstackCOMMON 00074
TMR1_SetInterruptHandler@InterruptHandler   cstackCOMMON 00074
TMR1_WriteTimer@timerVal                    cstackCOMMON 00070
_ADCON0                                     (abs)        0009D
_ADCON0bits                                 (abs)        0009D
_ADCON1                                     (abs)        0009E
_ADCON2                                     (abs)        0009F
_ADC_GetConversionResult                    text62       03758
_ADC_ISR                                    text60       02E6F
_ADC_Initialize                             text54       037B4
_ADC_StartConversion                        text10       029CA
_ADRESH                                     (abs)        0009C
_ADRESL                                     (abs)        0009B
_ANSELA                                     (abs)        0018C
_ANSELB                                     (abs)        0018D
_ANSELC                                     (abs)        0018E
_AN_IN_Temp                                 bssBANK1     000B0
_AN_IN_U_Supply                             bssBANK1     000AE
_AN_Sample                                  bssBANK4     00220
_APFCON1                                    (abs)        0011D
_APFCON2                                    (abs)        0011C
_BORCON                                     (abs)        00116
_DATAEE_ReadByte                            text44       03790
_DATAEE_WriteByte                           text34       02ABD
_EEADRL                                     (abs)        00191
_EECON1bits                                 (abs)        00195
_EECON2                                     (abs)        00196
_EEDATL                                     (abs)        00193
_EE_AutoOff                                 bssBANK1     000C3
_EE_soll_Power                              bssBANK1     000C4
_EE_solltemperatur                          bssBANK1     000C5
_FVRCON                                     (abs)        00117
_FVR_Initialize                             text53       03754
_INTCONbits                                 (abs)        0000B
_INTERRUPT_InterruptManager                 intentry     00004
_IOCAF0_DefaultInterruptHandler             (abs)        00000
_IOCAF0_InterruptHandler                    nvBANK2      00156
_IOCAF0_SetInterruptHandler                 text51       03768
_IOCAFbits                                  (abs)        00393
_IOCANbits                                  (abs)        00392
_IOCAPbits                                  (abs)        00391
_LATA                                       (abs)        0010C
_LATB                                       (abs)        0010D
_LATC                                       (abs)        0010E
_LATCbits                                   (abs)        0010E
_ODCONA                                     (abs)        0028C
_ODCONB                                     (abs)        0028D
_ODCONC                                     (abs)        0028E
_OPTION_REGbits                             (abs)        00095
_OSCCON                                     (abs)        00099
_OSCILLATOR_Initialize                      text52       03785
_OSCSTAT                                    (abs)        0009A
_OSCTUNE                                    (abs)        00098
_PIE1bits                                   (abs)        00091
_PIN_MANAGER_Initialize                     text50       02B55
_PIR1bits                                   (abs)        00011
_PLLR                                       (abs)        004D6
_PORTAbits                                  (abs)        0000C
_PORTBbits                                  (abs)        0000D
_SLRCONA                                    (abs)        0030C
_SLRCONB                                    (abs)        0030D
_SLRCONC                                    (abs)        0030E
_SSP1ADD                                    (abs)        00212
_SSP1BUF                                    (abs)        00211
_SSP1CON1bits                               (abs)        00215
_SSP1CON2                                   (abs)        00216
_SSP1CON2bits                               (abs)        00216
_SSP1STATbits                               (abs)        00214
_SYSTEM_Initialize                          text46       029A5
_T1CON                                      (abs)        00018
_T1CONbits                                  (abs)        00018
_T1GCON                                     (abs)        00019
_TEMP_SOLL                                  bssBANK1     000A8
_TMR1H                                      (abs)        00017
_TMR1L                                      (abs)        00016
_TMR1_DefaultInterruptHandler               text57       00002
_TMR1_ISR                                   text56       029DD
_TMR1_Initialize                            text48       02A84
_TMR1_InterruptHandler                      bssBANK2     0012E
_TMR1_SetInterruptHandler                   text49       0376E
_TMR1_StartTimer                            text45       03751
_TMR1_WriteTimer                            text59       037CF
_TRISA                                      (abs)        0008C
_TRISB                                      (abs)        0008D
_TRISC                                      (abs)        0008E
_TRISCbits                                  (abs)        0008E
_TRISE                                      (abs)        00090
_Temp_Anz_Filter                            bssBANK3     001A0
_Temp_Anz_pos                               bssBANK1     000CC
_Temperatur_Anzeige                         bssBANK1     000A6
_Temperatur_TIP                             bssBANK1     000AC
_U_Supply                                   bssBANK1     000AA
_WDTCON                                     (abs)        00097
_WDT_Initialize                             text47       0374E
_WPUA                                       (abs)        0020C
_WPUB                                       (abs)        0020D
_WPUC                                       (abs)        0020E
_WPUE                                       (abs)        00210
__Beeprom_data                              eeprom_data  0F000
__Habs1                                     abs1         00000
__Hbank0                                    bank0        00000
__Hbank1                                    bank1        00000
__Hbank10                                   bank10       00000
__Hbank11                                   bank11       00000
__Hbank12                                   bank12       00000
__Hbank13                                   bank13       00000
__Hbank14                                   bank14       00000
__Hbank15                                   bank15       00000
__Hbank16                                   bank16       00000
__Hbank17                                   bank17       00000
__Hbank18                                   bank18       00000
__Hbank19                                   bank19       00000
__Hbank2                                    bank2        00000
__Hbank20                                   bank20       00000
__Hbank21                                   bank21       00000
__Hbank22                                   bank22       00000
__Hbank23                                   bank23       00000
__Hbank24                                   bank24       00000
__Hbank25                                   bank25       00000
__Hbank26                                   bank26       00000
__Hbank27                                   bank27       00000
__Hbank28                                   bank28       00000
__Hbank29                                   bank29       00000
__Hbank3                                    bank3        00000
__Hbank30                                   bank30       00000
__Hbank31                                   bank31       00000
__Hbank4                                    bank4        00000
__Hbank5                                    bank5        00000
__Hbank6                                    bank6        00000
__Hbank7                                    bank7        00000
__Hbank8                                    bank8        00000
__Hbank9                                    bank9        00000
__Hbigram                                   bigram       00000
__HbssBANK1                                 bssBANK1     00000
__HbssBANK2                                 bssBANK2     00000
__HbssBANK3                                 bssBANK3     00000
__HbssBANK4                                 bssBANK4     00000
__HbssCOMMON                                bssCOMMON    00000
__Hcinit                                    cinit        0005F
__Hclrtext                                  clrtext      00000
__Hcode                                     code         00000
__Hcommon                                   common       00000
__Hconfig                                   config       08009
__HcstackBANK0                              cstackBANK0  00000
__HcstackBANK1                              cstackBANK1  00000
__HcstackCOMMON                             cstackCOMMON 00000
__Heeprom_data                              eeprom_data  00008
__Hend_init                                 end_init     0001E
__Hfunctab                                  functab      00000
__HidataBIGRAM                              idataBIGRAM  00000
__Hinit                                     init         0001C
__Hinittext                                 inittext     00000
__Hintentry                                 intentry     0001C
__Hmaintext                                 maintext     00000
__HnvBANK2                                  nvBANK2      00000
__Hpowerup                                  powerup      00000
__Hram                                      ram          00000
__Hreset_vec                                reset_vec    00002
__Hsfr0                                     sfr0         00000
__Hsfr1                                     sfr1         00000
__Hsfr10                                    sfr10        00000
__Hsfr11                                    sfr11        00000
__Hsfr12                                    sfr12        00000
__Hsfr13                                    sfr13        00000
__Hsfr14                                    sfr14        00000
__Hsfr15                                    sfr15        00000
__Hsfr16                                    sfr16        00000
__Hsfr17                                    sfr17        00000
__Hsfr18                                    sfr18        00000
__Hsfr19                                    sfr19        00000
__Hsfr2                                     sfr2         00000
__Hsfr20                                    sfr20        00000
__Hsfr21                                    sfr21        00000
__Hsfr22                                    sfr22        00000
__Hsfr23                                    sfr23        00000
__Hsfr24                                    sfr24        00000
__Hsfr25                                    sfr25        00000
__Hsfr26                                    sfr26        00000
__Hsfr27                                    sfr27        00000
__Hsfr28                                    sfr28        00000
__Hsfr29                                    sfr29        00000
__Hsfr3                                     sfr3         00000
__Hsfr30                                    sfr30        00000
__Hsfr31                                    sfr31        00000
__Hsfr4                                     sfr4         00000
__Hsfr5                                     sfr5         00000
__Hsfr6                                     sfr6         00000
__Hsfr7                                     sfr7         00000
__Hsfr8                                     sfr8         00000
__Hsfr9                                     sfr9         00000
__Hspace_0                                  (abs)        03879
__Hspace_1                                  (abs)        00260
__Hspace_2                                  (abs)        00000
__Hspace_3                                  (abs)        00008
__Hspace_4                                  (abs)        10010
__Hstack                                    stack        00000
__Hstrings                                  strings      00000
__Hstringtext1                              stringtext1  00000
__Hstringtext10                             stringtext10 00000
__Hstringtext11                             stringtext11 00000
__Hstringtext12                             stringtext12 00000
__Hstringtext13                             stringtext13 00000
__Hstringtext14                             stringtext14 00000
__Hstringtext15                             stringtext15 00000
__Hstringtext16                             stringtext16 00000
__Hstringtext17                             stringtext17 00000
__Hstringtext18                             stringtext18 00000
__Hstringtext19                             stringtext19 00000
__Hstringtext2                              stringtext2  00000
__Hstringtext20                             stringtext20 00000
__Hstringtext21                             stringtext21 00000
__Hstringtext22                             stringtext22 00000
__Hstringtext3                              stringtext3  00000
__Hstringtext4                              stringtext4  00000
__Hstringtext5                              stringtext5  00000
__Hstringtext6                              stringtext6  00000
__Hstringtext7                              stringtext7  00000
__Hstringtext8                              stringtext8  00000
__Hstringtext9                              stringtext9  00000
__Htext                                     text         00000
__Labs1                                     abs1         00000
__Lbank0                                    bank0        00000
__Lbank1                                    bank1        00000
__Lbank10                                   bank10       00000
__Lbank11                                   bank11       00000
__Lbank12                                   bank12       00000
__Lbank13                                   bank13       00000
__Lbank14                                   bank14       00000
__Lbank15                                   bank15       00000
__Lbank16                                   bank16       00000
__Lbank17                                   bank17       00000
__Lbank18                                   bank18       00000
__Lbank19                                   bank19       00000
__Lbank2                                    bank2        00000
__Lbank20                                   bank20       00000
__Lbank21                                   bank21       00000
__Lbank22                                   bank22       00000
__Lbank23                                   bank23       00000
__Lbank24                                   bank24       00000
__Lbank25                                   bank25       00000
__Lbank26                                   bank26       00000
__Lbank27                                   bank27       00000
__Lbank28                                   bank28       00000
__Lbank29                                   bank29       00000
__Lbank3                                    bank3        00000
__Lbank30                                   bank30       00000
__Lbank31                                   bank31       00000
__Lbank4                                    bank4        00000
__Lbank5                                    bank5        00000
__Lbank6                                    bank6        00000
__Lbank7                                    bank7        00000
__Lbank8                                    bank8        00000
__Lbank9                                    bank9        00000
__Lbigram                                   bigram       00000
__LbssBANK1                                 bssBANK1     00000
__LbssBANK2                                 bssBANK2     00000
__LbssBANK3                                 bssBANK3     00000
__LbssBANK4                                 bssBANK4     00000
__LbssCOMMON                                bssCOMMON    00000
__Lcinit                                    cinit        0001E
__Lclrtext                                  clrtext      00000
__Lcode                                     code         00000
__Lcommon                                   common       00000
__Lconfig                                   config       00000
__LcstackBANK0                              cstackBANK0  00000
__LcstackBANK1                              cstackBANK1  00000
__LcstackCOMMON                             cstackCOMMON 00000
__Leeprom_data                              eeprom_data  00000
__Lend_init                                 end_init     0001C
__Lfunctab                                  functab      00000
__LidataBIGRAM                              idataBIGRAM  00000
__Linit                                     init         0001C
__Linittext                                 inittext     00000
__Lintentry                                 intentry     00004
__Lmaintext                                 maintext     00000
__LnvBANK2                                  nvBANK2      00000
__Lpowerup                                  powerup      00000
__Lram                                      ram          00000
__Lreset_vec                                reset_vec    00000
__Lsfr0                                     sfr0         00000
__Lsfr1                                     sfr1         00000
__Lsfr10                                    sfr10        00000
__Lsfr11                                    sfr11        00000
__Lsfr12                                    sfr12        00000
__Lsfr13                                    sfr13        00000
__Lsfr14                                    sfr14        00000
__Lsfr15                                    sfr15        00000
__Lsfr16                                    sfr16        00000
__Lsfr17                                    sfr17        00000
__Lsfr18                                    sfr18        00000
__Lsfr19                                    sfr19        00000
__Lsfr2                                     sfr2         00000
__Lsfr20                                    sfr20        00000
__Lsfr21                                    sfr21        00000
__Lsfr22                                    sfr22        00000
__Lsfr23                                    sfr23        00000
__Lsfr24                                    sfr24        00000
__Lsfr25                                    sfr25        00000
__Lsfr26                                    sfr26        00000
__Lsfr27                                    sfr27        00000
__Lsfr28                                    sfr28        00000
__Lsfr29                                    sfr29        00000
__Lsfr3                                     sfr3         00000
__Lsfr30                                    sfr30        00000
__Lsfr31                                    sfr31        00000
__Lsfr4                                     sfr4         00000
__Lsfr5                                     sfr5         00000
__Lsfr6                                     sfr6         00000
__Lsfr7                                     sfr7         00000
__Lsfr8                                     sfr8         00000
__Lsfr9                                     sfr9         00000
__Lspace_0                                  (abs)        00000
__Lspace_1                                  (abs)        00000
__Lspace_2                                  (abs)        00000
__Lspace_3                                  (abs)        00000
__Lspace_4                                  (abs)        00000
__Lstack                                    stack        00000
__Lstrings                                  strings      00000
__Lstringtext1                              stringtext1  00000
__Lstringtext10                             stringtext10 00000
__Lstringtext11                             stringtext11 00000
__Lstringtext12                             stringtext12 00000
__Lstringtext13                             stringtext13 00000
__Lstringtext14                             stringtext14 00000
__Lstringtext15                             stringtext15 00000
__Lstringtext16                             stringtext16 00000
__Lstringtext17                             stringtext17 00000
__Lstringtext18                             stringtext18 00000
__Lstringtext19                             stringtext19 00000
__Lstringtext2                              stringtext2  00000
__Lstringtext20                             stringtext20 00000
__Lstringtext21                             stringtext21 00000
__Lstringtext22                             stringtext22 00000
__Lstringtext3                              stringtext3  00000
__Lstringtext4                              stringtext4  00000
__Lstringtext5                              stringtext5  00000
__Lstringtext6                              stringtext6  00000
__Lstringtext7                              stringtext7  00000
__Lstringtext8                              stringtext8  00000
__Lstringtext9                              stringtext9  00000
__Ltext                                     text         00000
__S0                                        (abs)        03879
__S1                                        (abs)        00260
__S2                                        (abs)        00000
__S3                                        (abs)        0F008
___aodiv                                    text23       021D3
___aodiv@counter                            cstackBANK0  00030
___aodiv@dividend                           cstackBANK0  00028
___aodiv@divisor                            cstackBANK0  00020
___aodiv@quotient                           cstackBANK0  00032
___aodiv@sign                               cstackBANK0  00031
___aomod                                    text22       020F6
___aomod@counter                            cstackBANK0  00030
___aomod@dividend                           cstackBANK0  00028
___aomod@divisor                            cstackBANK0  00020
___aomod@sign                               cstackBANK0  00031
___int_sp                                   stack        00000
___latbits                                  (abs)        00003
___lwdiv                                    text9        02007
___lwdiv@counter                            cstackBANK0  0002B
___lwdiv@dividend                           cstackBANK0  00026
___lwdiv@divisor                            cstackBANK0  00024
___lwdiv@quotient                           cstackBANK0  00029
___lwmod                                    text8        02B29
___lwmod@counter                            cstackCOMMON 00075
___lwmod@dividend                           cstackBANK0  00022
___lwmod@divisor                            cstackBANK0  00020
___sp                                       stack        00000
___stackhi                                  (abs)        025EF
___stacklo                                  (abs)        02180
___wmul                                     text32       02A69
___wmul@multiplicand                        cstackBANK0  00022
___wmul@multiplier                          cstackBANK0  00020
___wmul@product                             cstackCOMMON 00074
__end_of_ADC_GetConversionResult            text62       0375D
__end_of_ADC_ISR                            text60       02EE7
__end_of_ADC_Initialize                     text54       037C1
__end_of_ADC_StartConversion                text10       029DD
__end_of_DATAEE_ReadByte                    text44       0379C
__end_of_DATAEE_WriteByte                   text34       02ADD
__end_of_FVR_Initialize                     text53       03758
__end_of_INTERRUPT_InterruptManager         intentry     0001C
__end_of_IOCAF0_SetInterruptHandler         text51       0376E
__end_of_OSCILLATOR_Initialize              text52       03790
__end_of_PIN_MANAGER_Initialize             text50       02B89
__end_of_SYSTEM_Initialize                  text46       029B7
__end_of_TMR1_DefaultInterruptHandler       text57       00003
__end_of_TMR1_ISR                           text56       029F1
__end_of_TMR1_Initialize                    text48       02AA0
__end_of_TMR1_SetInterruptHandler           text49       03774
__end_of_TMR1_StartTimer                    text45       03754
__end_of_TMR1_WriteTimer                    text59       037DE
__end_of_WDT_Initialize                     text47       03751
__end_of___aodiv                            text23       022C8
__end_of___aomod                            text22       021D3
__end_of___lwdiv                            text9        0203B
__end_of___lwmod                            text8        02B55
__end_of___wmul                             text32       02A84
__end_of__initialization                    cinit        0005B
__end_of_abs                                text21       02A37
__end_of_atoi                               text24       03000
__end_of_calc_supply_voltage                text7        037EE
__end_of_calc_tip_temperatur                text3        02A07
__end_of_dtoa                               text15       01D8D
__end_of_fb_clear                           text33       02A69
__end_of_fb_draw_char                       text6        02C4C
__end_of_fb_draw_char_big                   text2        012DB
__end_of_fb_draw_char_super_big             text31       024C2
__end_of_fb_draw_string                     text5        02D9E
__end_of_fb_draw_string_big                 text30       020F6
__end_of_fb_show                            text28       01237
__end_of_font                               stringtext4  029A3
__end_of_font2                              stringtext2  0122F
__end_of_font2@font$F1117                   stringtext1  00947
__end_of_font_3                             stringtext3  01C38
__end_of_fputc                              text19       02C04
__end_of_fputs                              text18       02B02
__end_of_get_switch_state                   text27       02E6F
__end_of_idleI2C                            text42       01C40
__end_of_initI2C                            text43       03785
__end_of_init_system                        text35       02C97
__end_of_isdigit                            text26       02A1F
__end_of_isspace                            text25       02ABD
__end_of_lcd_init                           text36       02E02
__end_of_lcd_sendCommand                    text37       029CA
__end_of_lcd_sendFramebuffer                text29       02D41
__end_of_main                               maintext     02F61
__end_of_pad                                text16       02CE5
__end_of_proc_menue                         text11       02000
__end_of_proc_off                           text4        023BF
__end_of_proc_solder                        text1        01800
__end_of_putch                              text20       00004
__end_of_sendI2C                            text40       037CF
__end_of_sprintf                            text12       02B29
__end_of_startI2C                           text39       0377B
__end_of_stopI2C                            text38       02007
__end_of_strlen                             text17       02A4F
__end_of_timer1_fired                       text58       03768
__end_of_vfpfcnvrt                          text14       02600
__end_of_vfprintf                           text13       02BBD
__end_of_waitI2C                            text41       03762
__end_ofi1_ADC_StartConversion              text61       03800
__initialization                            cinit        0001E
__pbssBANK1                                 bssBANK1     000A0
__pbssBANK2                                 bssBANK2     00120
__pbssBANK3                                 bssBANK3     001A0
__pbssBANK4                                 bssBANK4     00220
__pbssCOMMON                                bssCOMMON    00076
__pcstackBANK0                              cstackBANK0  00020
__pcstackBANK1                              cstackBANK1  000D4
__pcstackCOMMON                             cstackCOMMON 00070
__pdataBIGRAM                               (abs)        025F0
__pidataBIGRAM                              idataBIGRAM  02600
__pintentry                                 intentry     00004
__pmaintext                                 maintext     02EE7
__pnvBANK2                                  nvBANK2      00156
__pstringtext1                              stringtext1  0005F
__pstringtext10                             stringtext10 0382E
__pstringtext11                             stringtext11 03836
__pstringtext12                             stringtext12 0383E
__pstringtext13                             stringtext13 03846
__pstringtext14                             stringtext14 0384D
__pstringtext15                             stringtext15 03854
__pstringtext16                             stringtext16 0385B
__pstringtext17                             stringtext17 03861
__pstringtext18                             stringtext18 03866
__pstringtext19                             stringtext19 0386B
__pstringtext2                              stringtext2  00947
__pstringtext20                             stringtext20 03870
__pstringtext21                             stringtext21 03875
__pstringtext22                             stringtext22 00000
__pstringtext3                              stringtext3  01800
__pstringtext4                              stringtext4  02800
__pstringtext5                              stringtext5  03800
__pstringtext6                              stringtext6  0380E
__pstringtext7                              stringtext7  03816
__pstringtext8                              stringtext8  0381E
__pstringtext9                              stringtext9  03826
__ptext1                                    text1        012DB
__ptext10                                   text10       029CA
__ptext11                                   text11       01D8D
__ptext12                                   text12       02B02
__ptext13                                   text13       02B89
__ptext14                                   text14       024C2
__ptext15                                   text15       01C40
__ptext16                                   text16       02C97
__ptext17                                   text17       02A37
__ptext18                                   text18       02ADD
__ptext19                                   text19       02BBD
__ptext2                                    text2        01237
__ptext20                                   text20       00003
__ptext21                                   text21       02A1F
__ptext22                                   text22       020F6
__ptext23                                   text23       021D3
__ptext24                                   text24       02F61
__ptext25                                   text25       02AA0
__ptext26                                   text26       02A07
__ptext27                                   text27       02E02
__ptext28                                   text28       0122F
__ptext29                                   text29       02CE5
__ptext3                                    text3        029F1
__ptext30                                   text30       0203B
__ptext31                                   text31       023BF
__ptext32                                   text32       02A69
__ptext33                                   text33       02A4F
__ptext34                                   text34       02ABD
__ptext35                                   text35       02C4C
__ptext36                                   text36       02D9E
__ptext37                                   text37       029B7
__ptext38                                   text38       02000
__ptext39                                   text39       03774
__ptext4                                    text4        022C8
__ptext40                                   text40       037C1
__ptext41                                   text41       0375D
__ptext42                                   text42       01C38
__ptext43                                   text43       0377B
__ptext44                                   text44       03790
__ptext45                                   text45       03751
__ptext46                                   text46       029A5
__ptext47                                   text47       0374E
__ptext48                                   text48       02A84
__ptext49                                   text49       0376E
__ptext5                                    text5        02D41
__ptext50                                   text50       02B55
__ptext51                                   text51       03768
__ptext52                                   text52       03785
__ptext53                                   text53       03754
__ptext54                                   text54       037B4
__ptext56                                   text56       029DD
__ptext57                                   text57       00002
__ptext58                                   text58       03762
__ptext59                                   text59       037CF
__ptext6                                    text6        02C04
__ptext60                                   text60       02E6F
__ptext61                                   text61       037EE
__ptext62                                   text62       03758
__ptext7                                    text7        037DE
__ptext8                                    text8        02B29
__ptext9                                    text9        02007
__size_of_ADC_GetConversionResult           (abs)        00000
__size_of_ADC_ISR                           (abs)        00000
__size_of_ADC_Initialize                    (abs)        00000
__size_of_ADC_StartConversion               (abs)        00000
__size_of_DATAEE_ReadByte                   (abs)        00000
__size_of_DATAEE_WriteByte                  (abs)        00000
__size_of_FVR_Initialize                    (abs)        00000
__size_of_INTERRUPT_InterruptManager        (abs)        00000
__size_of_IOCAF0_SetInterruptHandler        (abs)        00000
__size_of_OSCILLATOR_Initialize             (abs)        00000
__size_of_PIN_MANAGER_Initialize            (abs)        00000
__size_of_SYSTEM_Initialize                 (abs)        00000
__size_of_TMR1_DefaultInterruptHandler      (abs)        00000
__size_of_TMR1_ISR                          (abs)        00000
__size_of_TMR1_Initialize                   (abs)        00000
__size_of_TMR1_SetInterruptHandler          (abs)        00000
__size_of_TMR1_StartTimer                   (abs)        00000
__size_of_TMR1_WriteTimer                   (abs)        00000
__size_of_WDT_Initialize                    (abs)        00000
__size_of___aodiv                           (abs)        00000
__size_of___aomod                           (abs)        00000
__size_of___lwdiv                           (abs)        00000
__size_of___lwmod                           (abs)        00000
__size_of___wmul                            (abs)        00000
__size_of_abs                               (abs)        00000
__size_of_atoi                              (abs)        00000
__size_of_calc_supply_voltage               (abs)        00000
__size_of_calc_tip_temperatur               (abs)        00000
__size_of_dtoa                              (abs)        00000
__size_of_fb_clear                          (abs)        00000
__size_of_fb_draw_char                      (abs)        00000
__size_of_fb_draw_char_big                  (abs)        00000
__size_of_fb_draw_char_super_big            (abs)        00000
__size_of_fb_draw_string                    (abs)        00000
__size_of_fb_draw_string_big                (abs)        00000
__size_of_fb_show                           (abs)        00000
__size_of_fputc                             (abs)        00000
__size_of_fputs                             (abs)        00000
__size_of_get_switch_state                  (abs)        00000
__size_of_idleI2C                           (abs)        00000
__size_of_initI2C                           (abs)        00000
__size_of_init_system                       (abs)        00000
__size_of_isdigit                           (abs)        00000
__size_of_isspace                           (abs)        00000
__size_of_lcd_init                          (abs)        00000
__size_of_lcd_sendCommand                   (abs)        00000
__size_of_lcd_sendFramebuffer               (abs)        00000
__size_of_main                              (abs)        00000
__size_of_pad                               (abs)        00000
__size_of_proc_menue                        (abs)        00000
__size_of_proc_off                          (abs)        00000
__size_of_proc_solder                       (abs)        00000
__size_of_putch                             (abs)        00000
__size_of_sendI2C                           (abs)        00000
__size_of_sprintf                           (abs)        00000
__size_of_startI2C                          (abs)        00000
__size_of_stopI2C                           (abs)        00000
__size_of_strlen                            (abs)        00000
__size_of_timer1_fired                      (abs)        00000
__size_of_vfpfcnvrt                         (abs)        00000
__size_of_vfprintf                          (abs)        00000
__size_of_waitI2C                           (abs)        00000
__size_ofi1_ADC_StartConversion             (abs)        00000
_abs                                        text21       02A1F
_an_in_pos                                  bssCOMMON    00079
_atoi                                       text24       02F61
_atoi$1832                                  cstackBANK0  0002C
_atoi$1833                                  cstackBANK0  00030
_atoi$1834                                  cstackBANK0  0002E
_buffer                                     (abs)        025F0
_calc_supply_voltage                        text7        037DE
_calc_tip_temperatur                        text3        029F1
_counter2ms_blink                           bssBANK1     000B5
_counter2ms_solder                          bssBANK1     000D1
_counter_200ms                              bssBANK2     00128
_counter_left                               bssBANK1     000CB
_counter_minutes                            bssBANK1     000D2
_counter_right                              bssBANK1     000CA
_counter_solder_break                       bssBANK1     000B4
_dbuf                                       bssBANK3     001C0
_dtoa                                       text15       01C40
_dtoa$1797                                  cstackBANK0  00046
_fb_clear                                   text33       02A4F
_fb_draw_char                               text6        02C04
_fb_draw_char_big                           text2        01237
_fb_draw_char_super_big                     text31       023BF
_fb_draw_string                             text5        02D41
_fb_draw_string_big                         text30       0203B
_fb_show                                    text28       0122F
_flags                                      bssBANK1     000A4
_font                                       stringtext4  02800
_font2                                      stringtext2  00947
_font_3                                     stringtext3  01800
_fputc                                      text19       02BBD
_fputs                                      text18       02ADD
_get_switch_state                           text27       02E02
_i                                          bssCOMMON    00078
_idleI2C                                    text42       01C38
_initI2C                                    text43       0377B
_init_system                                text35       02C4C
_isdigit                                    text26       02A07
_isspace                                    text25       02AA0
_isspace$1850                               cstackBANK0  00022
_lcd_init                                   text36       02D9E
_lcd_sendCommand                            text37       029B7
_lcd_sendFramebuffer                        text29       02CE5
_main                                       maintext     02EE7
_meassure_number                            bssBANK1     000D3
_mode                                       bssBANK1     000C7
_ne                                         bssBANK1     000B6
_nh                                         bssBANK1     000B8
_nout                                       bssBANK2     00120
[...]
      Temps:          0       0       0       0       0       0       0       0       0       0       0       0       0       0       0       0       0       0       0       0       0       0       0       0       0       0       0
      Totals:         0       0       0       0       0       0       0       0       0       0       0       0       0       0       0       0       0       0       0       0       0       0       0       0       0       0       0
Total ram usage:        0 bytes
 Hardware stack levels used:    1
 Hardware stack levels required when called:    2
 This function calls:
		_ADC_ISR
		_TMR1_ISR
 This function is called by:
		Interrupt level 1
 This function uses a non-reentrant model


 *************** function _TMR1_ISR *****************
 Defined at:
		line 157 in file "mcc_generated_files/tmr1.c"
 Parameters:    Size  Location     Type
		None
 Auto vars:     Size  Location     Type
		None
 Return value:  Size  Location     Type
                  1    wreg      void 
 Registers used:
		wreg, status,2, status,0, pclath, cstack
 Tracked objects:
		On entry : 
		On exit  : 
		Unchanged: 
 Data sizes:     COMMON   BANK0   BANK1   BANK2   BANK3   BANK4   BANK5   BANK6   BANK7   BANK8   BANK9  BANK10  BANK11  BANK12  BANK13  BANK14  BANK15  BANK16  BANK17  BANK18  BANK19  BANK20  BANK21  BANK22  BANK23  BANK24  BANK25
      Params:         0       0       0       0       0       0       0       0       0       0       0       0       0       0       0       0       0       0       0       0       0       0       0       0       0       0       0
      Locals:         0       0       0       0       0       0       0       0       0       0       0       0       0       0       0       0       0       0       0       0       0       0       0       0       0       0       0
      Temps:          0       0       0       0       0       0       0       0       0       0       0       0       0       0       0       0       0       0       0       0       0       0       0       0       0       0       0
      Totals:         0       0       0       0       0       0       0       0       0       0       0       0       0       0       0       0       0       0       0       0       0       0       0       0       0       0       0
Total ram usage:        0 bytes
 Hardware stack levels used:    1
 Hardware stack levels required when called:    1
 This function calls:
		Absolute function
		_TMR1_DefaultInterruptHandler
		_TMR1_WriteTimer
		_timer1_fired
 This function is called by:
		_INTERRUPT_InterruptManager
 This function uses a non-reentrant model


 *************** function _TMR1_DefaultInterruptHandler *****************
 Defined at:
		line 175 in file "mcc_generated_files/tmr1.c"
 Parameters:    Size  Location     Type
		None
 Auto vars:     Size  Location     Type
		None
 Return value:  Size  Location     Type
                  1    wreg      void 
 Registers used:
		None
 Tracked objects:
		On entry : 
		On exit  : 
		Unchanged: 
 Data sizes:     COMMON   BANK0   BANK1   BANK2   BANK3   BANK4   BANK5   BANK6   BANK7   BANK8   BANK9  BANK10  BANK11  BANK12  BANK13  BANK14  BANK15  BANK16  BANK17  BANK18  BANK19  BANK20  BANK21  BANK22  BANK23  BANK24  BANK25
      Params:         0       0       0       0       0       0       0       0       0       0       0       0       0       0       0       0       0       0       0       0       0       0       0       0       0       0       0
      Locals:         0       0       0       0       0       0       0       0       0       0       0       0       0       0       0       0       0       0       0       0       0       0       0       0       0       0       0
      Temps:          0       0       0       0       0       0       0       0       0       0       0       0       0       0       0       0       0       0       0       0       0       0       0       0       0       0       0
      Totals:         0       0       0       0       0       0       0       0       0       0       0       0       0       0       0       0       0       0       0       0       0       0       0       0       0       0       0
Total ram usage:        0 bytes
 Hardware stack levels used:    1
 This function calls:
		Nothing
 This function is called by:
		_TMR1_Initialize
		_TMR1_ISR
 This function uses a non-reentrant model


 *************** function _timer1_fired *****************
 Defined at:
		line 138 in file "main.c"
 Parameters:    Size  Location     Type
		None
 Auto vars:     Size  Location     Type
		None
 Return value:  Size  Location     Type
                  1    wreg      void 
 Registers used:
		wreg, status,2, status,0
 Tracked objects:
		On entry : 
		On exit  : 
		Unchanged: 
 Data sizes:     COMMON   BANK0   BANK1   BANK2   BANK3   BANK4   BANK5   BANK6   BANK7   BANK8   BANK9  BANK10  BANK11  BANK12  BANK13  BANK14  BANK15  BANK16  BANK17  BANK18  BANK19  BANK20  BANK21  BANK22  BANK23  BANK24  BANK25
      Params:         0       0       0       0       0       0       0       0       0       0       0       0       0       0       0       0       0       0       0       0       0       0       0       0       0       0       0
      Locals:         0       0       0       0       0       0       0       0       0       0       0       0       0       0       0       0       0       0       0       0       0       0       0       0       0       0       0
      Temps:          1       0       0       0       0       0       0       0       0       0       0       0       0       0       0       0       0       0       0       0       0       0       0       0       0       0       0
      Totals:         1       0       0       0       0       0       0       0       0       0       0       0       0       0       0       0       0       0       0       0       0       0       0       0       0       0       0
Total ram usage:        1 bytes
 Hardware stack levels used:    1
 This function calls:
		Nothing
 This function is called by:
		_main
		_TMR1_ISR
 This function uses a non-reentrant model


 *************** function _TMR1_WriteTimer *****************
 Defined at:
		line 120 in file "mcc_generated_files/tmr1.c"
 Parameters:    Size  Location     Type
  timerVal        2    0[COMMON] unsigned short 
 Auto vars:     Size  Location     Type
		None
 Return value:  Size  Location     Type
                  1    wreg      void 
 Registers used:
		wreg
 Tracked objects:
		On entry : 
		On exit  : 
		Unchanged: 
 Data sizes:     COMMON   BANK0   BANK1   BANK2   BANK3   BANK4   BANK5   BANK6   BANK7   BANK8   BANK9  BANK10  BANK11  BANK12  BANK13  BANK14  BANK15  BANK16  BANK17  BANK18  BANK19  BANK20  BANK21  BANK22  BANK23  BANK24  BANK25
      Params:         2       0       0       0       0       0       0       0       0       0       0       0       0       0       0       0       0       0       0       0       0       0       0       0       0       0       0
      Locals:         0       0       0       0       0       0       0       0       0       0       0       0       0       0       0       0       0       0       0       0       0       0       0       0       0       0       0
      Temps:          0       0       0       0       0       0       0       0       0       0       0       0       0       0       0       0       0       0       0       0       0       0       0       0       0       0       0
      Totals:         2       0       0       0       0       0       0       0       0       0       0       0       0       0       0       0       0       0       0       0       0       0       0       0       0       0       0
Total ram usage:        2 bytes
 Hardware stack levels used:    1
 This function calls:
		Nothing
 This function is called by:
		_TMR1_ISR
 This function uses a non-reentrant model


 *************** function _ADC_ISR *****************
 Defined at:
		line 150 in file "mcc_generated_files/adc.c"
 Parameters:    Size  Location     Type
		None
 Auto vars:     Size  Location     Type
		None
 Return value:  Size  Location     Type
                  1    wreg      void 
 Registers used:
		wreg, fsr1l, fsr1h, status,2, status,0, pclath, cstack
 Tracked objects:
		On entry : 
		On exit  : 
		Unchanged: 
 Data sizes:     COMMON   BANK0   BANK1   BANK2   BANK3   BANK4   BANK5   BANK6   BANK7   BANK8   BANK9  BANK10  BANK11  BANK12  BANK13  BANK14  BANK15  BANK16  BANK17  BANK18  BANK19  BANK20  BANK21  BANK22  BANK23  BANK24  BANK25
      Params:         0       0       0       0       0       0       0       0       0       0       0       0       0       0       0       0       0       0       0       0       0       0       0       0       0       0       0
      Locals:         0       0       0       0       0       0       0       0       0       0       0       0       0       0       0       0       0       0       0       0       0       0       0       0       0       0       0
      Temps:          2       0       0       0       0       0       0       0       0       0       0       0       0       0       0       0       0       0       0       0       0       0       0       0       0       0       0
      Totals:         2       0       0       0       0       0       0       0       0       0       0       0       0       0       0       0       0       0       0       0       0       0       0       0       0       0       0
Total ram usage:        2 bytes
 Hardware stack levels used:    1
 Hardware stack levels required when called:    1
 This function calls:
		_ADC_GetConversionResult
		i1_ADC_StartConversion
 This function is called by:
		_INTERRUPT_InterruptManager
 This function uses a non-reentrant model


 *************** function i1_ADC_StartConversion *****************
 Defined at:
		line 95 in file "mcc_generated_files/adc.c"
 Parameters:    Size  Location     Type
  channel         1    wreg     enum E5669
 Auto vars:     Size  Location     Type
  channel         1    1[COMMON] enum E5669
 Return value:  Size  Location     Type
                  1    wreg      void 
 Registers used:
		wreg, status,2, status,0
 Tracked objects:
		On entry : 
		On exit  : 
		Unchanged: 
 Data sizes:     COMMON   BANK0   BANK1   BANK2   BANK3   BANK4   BANK5   BANK6   BANK7   BANK8   BANK9  BANK10  BANK11  BANK12  BANK13  BANK14  BANK15  BANK16  BANK17  BANK18  BANK19  BANK20  BANK21  BANK22  BANK23  BANK24  BANK25
      Params:         0       0       0       0       0       0       0       0       0       0       0       0       0       0       0       0       0       0       0       0       0       0       0       0       0       0       0
      Locals:         1       0       0       0       0       0       0       0       0       0       0       0       0       0       0       0       0       0       0       0       0       0       0       0       0       0       0
      Temps:          1       0       0       0       0       0       0       0       0       0       0       0       0       0       0       0       0       0       0       0       0       0       0       0       0       0       0
      Totals:         2       0       0       0       0       0       0       0       0       0       0       0       0       0       0       0       0       0       0       0       0       0       0       0       0       0       0
Total ram usage:        2 bytes
 Hardware stack levels used:    1
 This function calls:
		Nothing
 This function is called by:
		_ADC_ISR
 This function uses a non-reentrant model


 *************** function _ADC_GetConversionResult *****************
 Defined at:
		line 116 in file "mcc_generated_files/adc.c"
 Parameters:    Size  Location     Type
		None
 Auto vars:     Size  Location     Type
		None
 Return value:  Size  Location     Type
                  2    0[COMMON] unsigned short 
 Registers used:
		wreg
 Tracked objects:
		On entry : 
		On exit  : 
		Unchanged: 
 Data sizes:     COMMON   BANK0   BANK1   BANK2   BANK3   BANK4   BANK5   BANK6   BANK7   BANK8   BANK9  BANK10  BANK11  BANK12  BANK13  BANK14  BANK15  BANK16  BANK17  BANK18  BANK19  BANK20  BANK21  BANK22  BANK23  BANK24  BANK25
      Params:         2       0       0       0       0       0       0       0       0       0       0       0       0       0       0       0       0       0       0       0       0       0       0       0       0       0       0
      Locals:         0       0       0       0       0       0       0       0       0       0       0       0       0       0       0       0       0       0       0       0       0       0       0       0       0       0       0
      Temps:          0       0       0       0       0       0       0       0       0       0       0       0       0       0       0       0       0       0       0       0       0       0       0       0       0       0       0
      Totals:         2       0       0       0       0       0       0       0       0       0       0       0       0       0       0       0       0       0       0       0       0       0       0       0       0       0       0
Total ram usage:        2 bytes
 Hardware stack levels used:    1
 This function calls:
		Nothing
 This function is called by:
		_ADC_ISR
 This function uses a non-reentrant model



MODULE INFORMATION

Module		Function		Class		Link	Load	Size
/Applications/microchip/xc8/v2.31/pic/sources/c99/common/putch.c
		_putch         		CODE           	0003	0000	1

/Applications/microchip/xc8/v2.31/pic/sources/c99/common/putch.c estimated size: 1

mcc_generated_files/fvr.c
		_FVR_Initialize		CODE           	3754	0000	4

mcc_generated_files/fvr.c estimated size: 4

mcc_generated_files/interrupt_manager.c
		_INTERRUPT_InterruptManager		CODE           	0004	0000	24

mcc_generated_files/interrupt_manager.c estimated size: 24

/Applications/microchip/xc8/v2.31/pic/sources/c99/common/aodiv.c
		___aodiv       		CODE           	21D3	0000	245

/Applications/microchip/xc8/v2.31/pic/sources/c99/common/aodiv.c estimated size: 245

/Applications/microchip/xc8/v2.31/pic/sources/c99/common/atoi.c
		_atoi          		CODE           	2F61	0000	159

/Applications/microchip/xc8/v2.31/pic/sources/c99/common/atoi.c estimated size: 159

mcc_generated_files/pin_manager.c
		_PIN_MANAGER_Initialize		CODE           	2B55	0000	52
		_IOCAF0_SetInterruptHandler		CODE           	3768	0000	6

mcc_generated_files/pin_manager.c estimated size: 58

/Applications/microchip/xc8/v2.31/pic/sources/c99/common/lwdiv.c
		___lwdiv       		CODE           	2007	0000	52

/Applications/microchip/xc8/v2.31/pic/sources/c99/common/lwdiv.c estimated size: 52

/Applications/microchip/xc8/v2.31/pic/sources/c99/common/nf_sprintf.c
		_sprintf       		CODE           	2B02	0000	39

/Applications/microchip/xc8/v2.31/pic/sources/c99/common/nf_sprintf.c estimated size: 39

mcc_generated_files/adc.c
		_ADC_Initialize		CODE           	37B4	0000	13
		_ADC_GetConversionResult		CODE           	3758	0000	5
		_ADC_StartConversion		CODE           	29CA	0000	19
		_ADC_ISR       		CODE           	2E6F	0000	120

mcc_generated_files/adc.c estimated size: 157

/Applications/microchip/xc8/v2.31/pic/sources/c99/common/nf_fputs.c
		_fputs         		CODE           	2ADD	0000	37

/Applications/microchip/xc8/v2.31/pic/sources/c99/common/nf_fputs.c estimated size: 37

/Applications/microchip/xc8/v2.31/pic/sources/c99/common/strlen.c
		_strlen        		CODE           	2A37	0000	24

/Applications/microchip/xc8/v2.31/pic/sources/c99/common/strlen.c estimated size: 24

/Applications/microchip/xc8/v2.31/pic/sources/c99/common/isspace.c
		_isspace       		CODE           	2AA0	0000	29

/Applications/microchip/xc8/v2.31/pic/sources/c99/common/isspace.c estimated size: 29

OLED/i2c1.c
		_stopI2C       		CODE           	2000	0000	7
		_startI2C      		CODE           	3774	0000	7
		_idleI2C       		CODE           	1C38	0000	8
		_sendI2C       		CODE           	37C1	0000	14
		_waitI2C       		CODE           	375D	0000	5
		_initI2C       		CODE           	377B	0000	10

OLED/i2c1.c estimated size: 51

shared
		_font_3        		STRCODE        	1800	0000	1080
		_font          		STRCODE        	2800	0000	419
		i1_ADC_StartConversion		CODE           	37EE	0000	18
		__initialization		CODE           	001E	0000	61
		_font2@font$F1117		STRCODE        	0000	0000	0
		_font2         		STRCODE        	0947	0000	2280

shared estimated size: 3858

mcc_generated_files/mcc.c
		_WDT_Initialize		CODE           	374E	0000	3
		_OSCILLATOR_Initialize		CODE           	3785	0000	11
		_SYSTEM_Initialize		CODE           	29A5	0000	18

mcc_generated_files/mcc.c estimated size: 32

/Applications/microchip/xc8/v2.31/pic/sources/c99/common/doprnt.c
		_vfpfcnvrt     		CODE           	24C2	0000	318
		_pad           		CODE           	2C97	0000	78
		_dtoa          		CODE           	1C40	0000	333
		_vfprintf      		CODE           	2B89	0000	52

/Applications/microchip/xc8/v2.31/pic/sources/c99/common/doprnt.c estimated size: 781

mcc_generated_files/tmr1.c
		_TMR1_Initialize		CODE           	2A84	0000	28
		_TMR1_SetInterruptHandler		CODE           	376E	0000	6
		_TMR1_DefaultInterruptHandler		CODE           	0002	0000	1
		_TMR1_WriteTimer		CODE           	37CF	0000	15
		_TMR1_StartTimer		CODE           	3751	0000	3
		_TMR1_ISR      		CODE           	29DD	0000	20

mcc_generated_files/tmr1.c estimated size: 73

/Applications/microchip/xc8/v2.31/pic/sources/c99/common/isdigit.c
		_isdigit       		CODE           	2A07	0000	24

/Applications/microchip/xc8/v2.31/pic/sources/c99/common/isdigit.c estimated size: 24

/Applications/microchip/xc8/v2.31/pic/sources/c99/common/Umul16.c
		___wmul        		CODE           	2A69	0000	27

/Applications/microchip/xc8/v2.31/pic/sources/c99/common/Umul16.c estimated size: 27

mcc_generated_files/memory.c
		_DATAEE_WriteByte		CODE           	2ABD	0000	32
		_DATAEE_ReadByte		CODE           	3790	0000	12

mcc_generated_files/memory.c estimated size: 44

OLED/lcd.c
		_fb_draw_string		CODE           	2D41	0000	93
		_fb_show       		CODE           	122F	0000	8
		_fb_draw_string_big		CODE           	203B	0000	187
		_lcd_sendFramebuffer		CODE           	2CE5	0000	92
		_fb_draw_char_super_big		CODE           	23BF	0000	259
		_lcd_sendCommand		CODE           	29B7	0000	19
		_fb_draw_char  		CODE           	2C04	0000	72
		_fb_draw_char_big		CODE           	1237	0000	164
		_fb_clear      		CODE           	2A4F	0000	26
		_lcd_init      		CODE           	2D9E	0000	100

OLED/lcd.c estimated size: 1020

/Applications/microchip/xc8/v2.31/pic/sources/c99/common/aomod.c
		___aomod       		CODE           	20F6	0000	221

/Applications/microchip/xc8/v2.31/pic/sources/c99/common/aomod.c estimated size: 221

/Applications/microchip/xc8/v2.31/pic/sources/c99/common/nf_fputc.c
		_fputc         		CODE           	2BBD	0000	71

/Applications/microchip/xc8/v2.31/pic/sources/c99/common/nf_fputc.c estimated size: 71

main.c
		_init_system   		CODE           	2C4C	0000	75
		_main          		CODE           	2EE7	0000	122
		_proc_solder   		CODE           	12DB	0000	1317
		_proc_menue    		CODE           	1D8D	0000	627
		_calc_supply_voltage		CODE           	37DE	0000	16
		_get_switch_state		CODE           	2E02	0000	109
		_calc_tip_temperatur		CODE           	29F1	0000	22
		_proc_off      		CODE           	22C8	0000	247
		_timer1_fired  		CODE           	3762	0000	6

main.c estimated size: 2541

/Applications/microchip/xc8/v2.31/pic/sources/c99/common/abs.c
		_abs           		CODE           	2A1F	0000	24

/Applications/microchip/xc8/v2.31/pic/sources/c99/common/abs.c estimated size: 24

/Applications/microchip/xc8/v2.31/pic/sources/c99/common/lwmod.c
		___lwmod       		CODE           	2B29	0000	44

/Applications/microchip/xc8/v2.31/pic/sources/c99/common/lwmod.c estimated size: 44

