Microchip MPLAB XC8 Compiler V2.31

Linker command line:

-W-3 --edf=/Applications/microchip/xc8/v2.31/pic/dat/en_msgs.txt -cn \
  -h+dist/default/production/rtSolder.X.production.sym \
  --cmf=dist/default/production/rtSolder.X.production.cmf -z -Q16F1788 \
  -o/tmp/xcKU5ahLx --defsym=__MPLAB_BUILD=1 \
  -Mdist/default/production/rtSolder.X.production.map -E1 -ver=XC8 Compiler \
  --acfsm=1493 -ASTACK=02180h-025EFh -pstack=STACK -ACODE=00h-07FFhx8 \
  -ASTRCODE=00h-03FFFh -ASTRING=00h-0FFhx64 -ACONST=00h-0FFhx64 \
  -AENTRY=00h-0FFhx64 -ACOMMON=070h-07Fh -ABANK0=020h-06Fh \
  -ABANK1=0A0h-0EFh -ABANK2=0120h-016Fh -ABANK3=01A0h-01EFh \
  -ABANK4=0220h-026Fh -ABANK5=02A0h-02EFh -ABANK6=0320h-036Fh \
  -ABANK7=03A0h-03EFh -ABANK8=0420h-046Fh -ABANK9=04A0h-04EFh \
  -ABANK10=0520h-056Fh -ABANK11=05A0h-05EFh -ABANK12=0620h-066Fh \
  -ABANK13=06A0h-06EFh -ABANK14=0720h-076Fh -ABANK15=07A0h-07EFh \
  -ABANK16=0820h-086Fh -ABANK17=08A0h-08EFh -ABANK18=0920h-096Fh \
  -ABANK19=09A0h-09EFh -ABANK20=0A20h-0A6Fh -ABANK21=0AA0h-0AEFh \
  -ABANK22=0B20h-0B6Fh -ABANK23=0BA0h-0BEFh -ABANK24=0C20h-0C6Fh \
  -ABANK25=0CA0h-0CBFh -ABIGRAM=02000h-027EFh \
  -ARAM=020h-06Fh,0A0h-0EFh,0120h-016Fh,01A0h-01EFh,0220h-026Fh,02A0h-02EFh,0320h-036Fh,03A0h-03EFh,0420h-046Fh,04A0h-04EFh,0520h-056Fh,05A0h-05EFh,0620h-066Fh,06A0h-06EFh,0720h-076Fh,07A0h-07EFh,0820h-086Fh,08A0h-08EFh,0920h-096Fh,09A0h-09EFh,0A20h-0A6Fh,0AA0h-0AEFh,0B20h-0B6Fh,0BA0h-0BEFh,0C20h-0C6Fh,0CA0h-0CBFh \
  -AABS1=020h-07Fh,0A0h-0EFh,0120h-016Fh,01A0h-01EFh,0220h-026Fh,02A0h-02EFh,0320h-036Fh,03A0h-03EFh,0420h-046Fh,04A0h-04EFh,0520h-056Fh,05A0h-05EFh,0620h-066Fh,06A0h-06EFh,0720h-076Fh,07A0h-07EFh,0820h-086Fh,08A0h-08EFh,0920h-096Fh,09A0h-09EFh,0A20h-0A6Fh,0AA0h-0AEFh,0B20h-0B6Fh,0BA0h-0BEFh,0C20h-0C6Fh,0CA0h-0CBFh \
  -ASFR0=00h-01Fh -ASFR1=080h-09Fh -ASFR2=0100h-011Fh -ASFR3=0180h-019Fh \
  -ASFR4=0200h-021Fh -ASFR5=0280h-029Fh -ASFR6=0300h-031Fh \
  -ASFR7=0380h-039Fh -ASFR8=0400h-041Fh -ASFR9=0480h-049Fh \
  -ASFR10=0500h-051Fh -ASFR11=0580h-059Fh -ASFR12=0600h-061Fh \
  -ASFR13=0680h-069Fh -ASFR14=0700h-071Fh -ASFR15=0780h-079Fh \
  -ASFR16=0800h-081Fh -ASFR17=0880h-089Fh -ASFR18=0900h-091Fh \
  -ASFR19=0980h-099Fh -ASFR20=0A00h-0A1Fh -ASFR21=0A80h-0A9Fh \
  -ASFR22=0B00h-0B1Fh -ASFR23=0B80h-0B9Fh -ASFR24=0C00h-0C1Fh \
  -ASFR25=0C80h-0C9Fh -ASFR26=0D00h-0D6Fh -ASFR27=0D80h-0DEFh \
  -ASFR28=0E00h-0E6Fh -ASFR29=0E80h-0EEFh -ASFR30=0F00h-0F6Fh \
  -ASFR31=0F80h-0FEFh -ACONFIG=08007h-08008h -DCONFIG=2 \
  -AIDLOC=08000h-08003h -DIDLOC=2 -AEEDATA=00h-0FFh/0F000h \
  -peeprom_data=EEDATA -DEEDATA=2 -DCODE=2 -DSTRCODE=2 -DSTRING=2 -DCONST=2 \
  -DENTRY=2 -preset_vec=00h,intentry=04h,init,end_init -ppowerup=CODE \
  -pcinit=CODE -pfunctab=ENTRY -k /tmp/xclumKA8k.o \
  dist/default/production/rtSolder.X.production.o 

Object code version is 3.11

Machine type is 16F1788



                Name                               Link     Load   Length Selector   Space Scale
/tmp/xclumKA8k.o
                end_init                             1C       1C        2        8       0
                reset_vec                             0        0        2        0       0
                config                             8007     8007        2        0       4
dist/default/production/rtSolder.X.production.o
                cinit                                1E       1E       41        8       0
                intentry                              4        4       18        8       0
                eeprom_data                           0     F000        8    1E000       3
                config                             8007     8007        2        0       4
                text62                             3706     3706        5     6E0C       0
                text61                             37B3     37B3       12     6F66       0
                text60                             2DBA     2DBA       74     5B74       0
                text59                             3794     3794        F     6F28       0
                text58                             3710     3710        6     6E20       0
                text57                                2        2        1        0       0
                text56                             2000     2000       14     3842       0
                text54                             3779     3779        D     6EF2       0
                text53                             3702     3702        4     6E04       0
                text52                             374A     374A        B     6E94       0
                text51                             3716     3716        6     6E2C       0
                text50                             2B05     2B05       34     560A       0
                text49                             371C     371C        6     6E38       0
                text48                             2A34     2A34       1C     5468       0
                text47                             36FF     36FF        3     6DFE       0
                text46                             37C5     37C5       12     6F8A       0
                text45                             1800     1800        3     2D66       0
                text44                             3755     3755        C     6EAA       0
                text43                             3740     3740        A     6E80       0
                text42                             3730     3730        8     6E60       0
                text41                             370B     370B        5     6E16       0
                text40                             3786     3786        E     6F0C       0
                text39                             3722     3722        7     6E44       0
                text38                             3729     3729        7     6E52       0
                text37                             37D7     37D7       13     6FAE       0
                text36                             2CE9     2CE9       64     59D2       0
                text35                             1668     1668       4B     2CD0       0
                text34                             2A6D     2A6D       20     54DA       0
                text33                             29FF     29FF       1A     53FE       0
                text32                             2A19     2A19       1B     5432       0
                text31                             228A     228A      103     4514       0
                text30                             2F45     2F45       BB     5E8A       0
                text29                             2C30     2C30       5C     5860       0
                text28                             3738     3738        8     6E70       0
                text27                             2D4D     2D4D       6D     5A9A       0
                text26                             29B7     29B7       18     536E       0
                text25                             2A50     2A50       1D     54A0       0
                text24                             2EA6     2EA6       9F     5D4C       0
                text23                             2195     2195       F5     432A       0
                text22                             20B8     20B8       DD     4170       0
                text21                             29CF     29CF       18     539E       0
                text20                                3        3        1        6       0
                text19                             2BA1     2BA1       47     5742       0
                text18                             2A8D     2A8D       25     551A       0
                text17                             29E7     29E7       18     53CE       0
                text16                             1803     1803       4E     3006       0
                text15                             16B3     16B3      14D     2D66       0
                text14                             1851     1851      13E     30A2       0
                text13                             2B39     2B39       34     5672       0
                text12                             2AB2     2AB2       27     5564       0
                text11                             258D     258D      273     4B1A       0
                text10                             29A4     29A4       13     5348       0
                text9                              2B6D     2B6D       34     56DA       0
                text8                              2AD9     2AD9       2C     55B2       0
                text7                              37A3     37A3       10     6F46       0
                text6                              37EA     37EA       16     6FD4       0
                text5                              2BE8     2BE8       48     57D0       0
                text4                              2C8C     2C8C       5D     5918       0
                text3                              198F     198F      292     331E       0
                text2                              2014     2014       A4     4028       0
                text1                              1C21     1C21      3DF     3842       0
                maintext                           2E2E     2E2E       78     5C5C       0
                cstackBANK0                          20       20       50       20       1
                cstackCOMMON                         70       70        6       70       1
                cstackBANK1                          D4       D4       1C       A0       1
                clrtext                            3761     3761        C     6EC2       0
                inittext                           376D     376D        C     6EDA       0
                bssBANK4                            220      220       40      220       1
                bssBANK3                            1A0      1A0       40      1A0       1
                bssBANK2                            120      120       38      120       1
                bssBANK1                             A0       A0       34       A0       1
                bssCOMMON                            76       76        4       70       1
                stringtext21                       3875     3875        4     7000       0
                stringtext20                       3870     3870        5     7000       0
                stringtext19                       386B     386B        5     7000       0
                stringtext18                       3866     3866        5     7000       0
                stringtext17                       3861     3861        5     7000       0
                stringtext16                       385B     385B        6     7000       0
                stringtext15                       3854     3854        7     7000       0
                stringtext14                       384D     384D        7     7000       0
                stringtext13                       3846     3846        7     7000       0
                stringtext12                       383E     383E        8     7000       0
                stringtext11                       3836     3836        8     7000       0
                stringtext10                       382E     382E        8     7000       0
                stringtext9                        3826     3826        8     7000       0
                stringtext8                        381E     381E        8     7000       0
                stringtext7                        3816     3816        8     7000       0
                stringtext6                        380E     380E        8     7000       0
                stringtext5                        3800     3800        E     7000       0
                nvBANK2                             158      158        2      120       1
                stringtext4                        2800     2800      1A3     5000       0
                stringtext3                        122F     122F      438       BE       0
                stringtext2                         947      947      8E8       BE       0
                stringtext1                          5F       5F      8E8       BE       0
                idataBIGRAM                        238D     238D      200     471A       0

TOTAL           Name                               Link     Load   Length     Space
        CLASS   STACK          

        CLASS   CODE           
                end_init                             1C       1C        2         0
                cinit                                1E       1E       41         0
                intentry                              4        4       18         0
                reset_vec                             0        0        2         0
                text62                             3706     3706        5         0
                text61                             37B3     37B3       12         0
                text60                             2DBA     2DBA       74         0
                text59                             3794     3794        F         0
                text58                             3710     3710        6         0
                text57                                2        2        1         0
                text56                             2000     2000       14         0
                text54                             3779     3779        D         0
                text53                             3702     3702        4         0
                text52                             374A     374A        B         0
                text51                             3716     3716        6         0
                text50                             2B05     2B05       34         0
                text49                             371C     371C        6         0
                text48                             2A34     2A34       1C         0
                text47                             36FF     36FF        3         0
                text46                             37C5     37C5       12         0
                text45                             1800     1800        3         0
                text44                             3755     3755        C         0
                text43                             3740     3740        A         0
                text42                             3730     3730        8         0
                text41                             370B     370B        5         0
                text40                             3786     3786        E         0
                text39                             3722     3722        7         0
                text38                             3729     3729        7         0
                text37                             37D7     37D7       13         0
                text36                             2CE9     2CE9       64         0
                text35                             1668     1668       4B         0
                text34                             2A6D     2A6D       20         0
                text33                             29FF     29FF       1A         0
                text32                             2A19     2A19       1B         0
                text31                             228A     228A      103         0
                text30                             2F45     2F45       BB         0
                text29                             2C30     2C30       5C         0
                text28                             3738     3738        8         0
                text27                             2D4D     2D4D       6D         0
                text26                             29B7     29B7       18         0
                text25                             2A50     2A50       1D         0
                text24                             2EA6     2EA6       9F         0
                text23                             2195     2195       F5         0
                text22                             20B8     20B8       DD         0
                text21                             29CF     29CF       18         0
                text20                                3        3        1         0
                text19                             2BA1     2BA1       47         0
                text18                             2A8D     2A8D       25         0
                text17                             29E7     29E7       18         0
                text16                             1803     1803       4E         0
                text15                             16B3     16B3      14D         0
                text14                             1851     1851      13E         0
                text13                             2B39     2B39       34         0
                text12                             2AB2     2AB2       27         0
                text11                             258D     258D      273         0
                text10                             29A4     29A4       13         0
                text9                              2B6D     2B6D       34         0
                text8                              2AD9     2AD9       2C         0
                text7                              37A3     37A3       10         0
                text6                              37EA     37EA       16         0
                text5                              2BE8     2BE8       48         0
                text4                              2C8C     2C8C       5D         0
                text3                              198F     198F      292         0
                text2                              2014     2014       A4         0
                text1                              1C21     1C21      3DF         0
                maintext                           2E2E     2E2E       78         0
                clrtext                            3761     3761        C         0
                inittext                           376D     376D        C         0
                idataBIGRAM                        238D     238D      200         0

        CLASS   STRCODE        
                stringtext21                       3875     3875        4         0
                stringtext20                       3870     3870        5         0
                stringtext19                       386B     386B        5         0
                stringtext18                       3866     3866        5         0
                stringtext17                       3861     3861        5         0
                stringtext16                       385B     385B        6         0
                stringtext15                       3854     3854        7         0
                stringtext14                       384D     384D        7         0
                stringtext13                       3846     3846        7         0
                stringtext12                       383E     383E        8         0
                stringtext11                       3836     3836        8         0
                stringtext10                       382E     382E        8         0
                stringtext9                        3826     3826        8         0
                stringtext8                        381E     381E        8         0
                stringtext7                        3816     3816        8         0
                stringtext6                        380E     380E        8         0
                stringtext5                        3800     3800        E         0
                stringtext4                        2800     2800      1A3         0
                stringtext3                        122F     122F      438         0
                stringtext2                         947      947      8E8         0
                stringtext1                          5F       5F      8E8         0

        CLASS   STRING         

        CLASS   CONST          

        CLASS   ENTRY          

        CLASS   COMMON         
                cstackCOMMON                         70       70        6         1
                bssCOMMON                            76       76        4         1

        CLASS   BANK0          
                cstackBANK0                          20       20       50         1

        CLASS   BANK1          
                cstackBANK1                          D4       D4       1C         1
                bssBANK1                             A0       A0       34         1

        CLASS   BANK2          
                bssBANK2                            120      120       38         1
                nvBANK2                             158      158        2         1

        CLASS   BANK3          
                bssBANK3                            1A0      1A0       40         1

        CLASS   BANK4          
                bssBANK4                            220      220       40         1

        CLASS   BANK5          

        CLASS   BANK6          

        CLASS   BANK7          

        CLASS   BANK8          

        CLASS   BANK9          

        CLASS   BANK10         

        CLASS   BANK11         

        CLASS   BANK12         

        CLASS   BANK13         

        CLASS   BANK14         

        CLASS   BANK15         

        CLASS   BANK16         

        CLASS   BANK17         

        CLASS   BANK18         

        CLASS   BANK19         

        CLASS   BANK20         

        CLASS   BANK21         

        CLASS   BANK22         

        CLASS   BANK23         

        CLASS   BANK24         

        CLASS   BANK25         

        CLASS   BIGRAM         

        CLASS   RAM            

        CLASS   ABS1           
                abs_s1                               7E       7E        2         1
                abs_s1                              9A0      9A0       50         1
                abs_s1                              A20      A20       50         1
                abs_s1                              AA0      AA0       50         1
                abs_s1                              B20      B20       50         1
                abs_s1                              BA0      BA0       50         1
                abs_s1                              C20      C20       50         1
                abs_s1                              CA0      CA0       20         1
                abs_s1                             25F0     25F0        0         1

        CLASS   SFR0           

        CLASS   SFR1           

        CLASS   SFR2           

        CLASS   SFR3           

        CLASS   SFR4           

        CLASS   SFR5           

        CLASS   SFR6           

        CLASS   SFR7           

        CLASS   SFR8           

        CLASS   SFR9           

        CLASS   SFR10          

        CLASS   SFR11          

        CLASS   SFR12          

        CLASS   SFR13          

        CLASS   SFR14          

        CLASS   SFR15          

        CLASS   SFR16          

        CLASS   SFR17          

        CLASS   SFR18          

        CLASS   SFR19          

        CLASS   SFR20          

        CLASS   SFR21          

        CLASS   SFR22          

        CLASS   SFR23          

        CLASS   SFR24          

        CLASS   SFR25          

        CLASS   SFR26          

        CLASS   SFR27          

        CLASS   SFR28          

        CLASS   SFR29          

        CLASS   SFR30          

        CLASS   SFR31          

        CLASS   CONFIG         
                config                             8007     8007        2         4

        CLASS   IDLOC          

        CLASS   EEDATA         
                eeprom_data                           0     F000        8         3

        CLASS   BANK31         

        CLASS   BANK30         

        CLASS   BANK29         

        CLASS   BANK28         

        CLASS   BANK27         

        CLASS   BANK26         



SEGMENTS        Name                           Load    Length   Top    Selector   Space  Class     Delta

                text7                          0037A3  000010  0037B3      6F46       0  CODE        2
                text59                         003794  00000F  0037A3      6F28       0  CODE        2
                text40                         003786  00000E  003794      6F0C       0  CODE        2
                stringtext5                    003800  000079  003879      7000       0  STRCODE     2
                reset_vec                      000000  000003  000003         0       0  CODE        2
                text61                         0037B3  000012  0037C5      6F66       0  CODE        2
                text46                         0037C5  000012  0037D7      6F8A       0  CODE        2
                text37                         0037D7  000013  0037EA      6FAE       0  CODE        2
                text54                         003779  00000D  003786      6EF2       0  CODE        2
                clrtext                        003761  00000C  00376D      6EC2       0  CODE        2
                inittext                       00376D  00000C  003779      6EDA       0  CODE        2
                text10                         0029A4  000013  0029B7      5348       0  CODE        2
                text6                          0037EA  000016  003800      6FD4       0  CODE        2
                text21                         0029CF  000018  0029E7      539E       0  CODE        2
                text26                         0029B7  000018  0029CF      536E       0  CODE        2
                text44                         003755  00000C  003761      6EAA       0  CODE        2
                text43                         003740  00000A  00374A      6E80       0  CODE        2
                text42                         003730  000008  003738      6E60       0  CODE        2
                text28                         003738  000008  003740      6E70       0  CODE        2
                text52                         00374A  00000B  003755      6E94       0  CODE        2
                text17                         0029E7  000018  0029FF      53CE       0  CODE        2
                text25                         002A50  00001D  002A6D      54A0       0  CODE        2
                text34                         002A6D  000020  002A8D      54DA       0  CODE        2
                text32                         002A19  00001B  002A34      5432       0  CODE        2
                text48                         002A34  00001C  002A50      5468       0  CODE        2
                text18                         002A8D  000025  002AB2      551A       0  CODE        2
                text8                          002AD9  00002C  002B05      55B2       0  CODE        2
                text50                         002B05  000034  002B39      560A       0  CODE        2
                text12                         002AB2  000027  002AD9      5564       0  CODE        2
                text33                         0029FF  00001A  002A19      53FE       0  CODE        2
                text38                         003729  000007  003730      6E52       0  CODE        2
                text49                         00371C  000006  003722      6E38       0  CODE        2
                text53                         003702  000004  003706      6E04       0  CODE        2
                text47                         0036FF  000003  003702      6DFE       0  CODE        2
                text20                         000003  000001  000004         6       0  CODE        2
                text62                         003706  000005  00370B      6E0C       0  CODE        2
                text51                         003716  000006  00371C      6E2C       0  CODE        2
                text58                         003710  000006  003716      6E20       0  CODE        2
                text41                         00370B  000005  003710      6E16       0  CODE        2
                text39                         003722  000007  003729      6E44       0  CODE        2
                stringtext1                    00005F  001608  001667        BE       0  STRCODE     2
                text1                          001C21  0003F3  002014      3842       0  CODE        2
                bssBANK1                       0000A0  000050  0000F0        A0       1  BANK1       1
                idataBIGRAM                    00238D  000200  00258D      471A       0  CODE        2
                stringtext4                    002800  0001A3  0029A3      5000       0  STRCODE     2
                text3                          00198F  000292  001C21      331E       0  CODE        2
                text11                         00258D  000273  002800      4B1A       0  CODE        2
                cstackCOMMON                   000070  00000A  00007A        70       1  COMMON      1
                cstackBANK0                    000020  000050  000070        20       1  BANK0       1
                eeprom_data                    00F000  000008  00F008     1E000       3  EEDATA      2
                intentry                       000004  00005B  00005F         8       0  CODE        2
                bssBANK2                       000120  00003A  00015A       120       1  BANK2       1
                bssBANK4                       000220  000040  000260       220       1  BANK4       1
                bssBANK3                       0001A0  000040  0001E0       1A0       1  BANK3       1
                text29                         002C30  00005C  002C8C      5860       0  CODE        2
                text16                         001803  00004E  001851      3006       0  CODE        2
                text4                          002C8C  00005D  002CE9      5918       0  CODE        2
                text27                         002D4D  00006D  002DBA      5A9A       0  CODE        2
                text36                         002CE9  000064  002D4D      59D2       0  CODE        2
                text9                          002B6D  000034  002BA1      56DA       0  CODE        2
                text13                         002B39  000034  002B6D      5672       0  CODE        2
                text19                         002BA1  000047  002BE8      5742       0  CODE        2
                text35                         001668  00004B  0016B3      2CD0       0  CODE        2
                text5                          002BE8  000048  002C30      57D0       0  CODE        2
                text23                         002195  0000F5  00228A      432A       0  CODE        2
                text22                         0020B8  0000DD  002195      4170       0  CODE        2
                text31                         00228A  000103  00238D      4514       0  CODE        2
                text15                         0016B3  000150  001803      2D66       0  CODE        2
                text14                         001851  00013E  00198F      30A2       0  CODE        2
                maintext                       002E2E  000078  002EA6      5C5C       0  CODE        2
                text60                         002DBA  000074  002E2E      5B74       0  CODE        2
                text24                         002EA6  00009F  002F45      5D4C       0  CODE        2
                text30                         002F45  0000BB  003000      5E8A       0  CODE        2
                text2                          002014  0000A4  0020B8      4028       0  CODE        2


UNUSED ADDRESS RANGES

        Name                Unused          Largest block    Delta
        BANK10           00520-0056F              50           1
        BANK11           005A0-005EF              50           1
        BANK12           00620-0066F              50           1
        BANK13           006A0-006EF              50           1
        BANK14           00720-0076F              50           1
        BANK15           007A0-007EF              50           1
        BANK16           00820-0086F              50           1
        BANK17           008A0-008EF              50           1
        BANK18           00920-0096F              50           1
        BANK2            0015A-0016F              16           1
        BANK3            001E0-001EF              10           1
        BANK4            00260-0026F              10           1
        BANK5            002A0-002EF              50           1
        BANK6            00320-0036F              50           1
        BANK7            003A0-003EF              50           1
        BANK8            00420-0046F              50           1
        BANK9            004A0-004EF              50           1
        BIGRAM           02000-027EF             7F0           1
        CODE             01667-01667               1           2
                         029A3-029A3               1
                         03000-036FE             6FF
                         03879-03FFF             787
        COMMON           0007A-0007D               4           1
        CONST            01667-01667               1           2
                         029A3-029A3               1
                         03000-036FE             100
                         03879-03FFF             100
        EEDATA           0F008-0F0FF              F8           2
        ENTRY            01667-01667               1           2
                         029A3-029A3               1
                         03000-036FE             100
                         03879-03FFF             100
        IDLOC            08000-08003               4           2
        RAM              0015A-0016F              16           1
                         001E0-001EF              10
                         00260-0026F              10
                         002A0-002EF              50
                         00320-0036F              50
                         003A0-003EF              50
                         00420-0046F              50
                         004A0-004EF              50
                         00520-0056F              50
                         005A0-005EF              50
                         00620-0066F              50
                         006A0-006EF              50
                         00720-0076F              50
                         007A0-007EF              50
                         00820-0086F              50
                         008A0-008EF              50
                         00920-0096F              50
        SFR0             00000-0001F              20           1
        SFR1             00080-0009F              20           1
        SFR10            00500-0051F              20           1
        SFR11            00580-0059F              20           1
        SFR12            00600-0061F              20           1
        SFR13            00680-0069F              20           1
        SFR14            00700-0071F              20           1
        SFR15            00780-0079F              20           1
        SFR16            00800-0081F              20           1
        SFR17            00880-0089F              20           1
        SFR18            00900-0091F              20           1
        SFR19            00980-0099F              20           1
        SFR2             00100-0011F              20           1
        SFR20            00A00-00A1F              20           1
        SFR21            00A80-00A9F              20           1
        SFR22            00B00-00B1F              20           1
        SFR23            00B80-00B9F              20           1
        SFR24            00C00-00C1F              20           1
        SFR25            00C80-00C9F              20           1
        SFR26            00D00-00D6F              70           1
        SFR27            00D80-00DEF              70           1
        SFR28            00E00-00E6F              70           1
        SFR29            00E80-00EEF              70           1
        SFR3             00180-0019F              20           1
        SFR30            00F00-00F6F              70           1
        SFR31            00F80-00FEF              70           1
        SFR4             00200-0021F              20           1
        SFR5             00280-0029F              20           1
        SFR6             00300-0031F              20           1
        SFR7             00380-0039F              20           1
        SFR8             00400-0041F              20           1
        SFR9             00480-0049F              20           1
        STACK            02180-025EF             470           1
        STRCODE          01667-01667               1           2
                         029A3-029A3               1
                         03000-036FE             6FF
                         03879-03FFF             787
        STRING           01667-01667               1           2
                         029A3-029A3               1
                         03000-036FE             100
                         03879-03FFF             100

                                  Symbol Table

?_ADC_GetConversionResult                   cstackCOMMON 00070
?___aodiv                                   cstackBANK0  00020
?___aomod                                   cstackBANK0  00020
?___lwdiv                                   cstackBANK0  00024
?___lwmod                                   cstackBANK0  00020
?___wmul                                    cstackBANK0  00020
?_abs                                       cstackBANK0  00032
?_atoi                                      cstackBANK0  00024
?_calc_supply_voltage                       cstackCOMMON 00074
?_calc_tip_temperatur                       cstackCOMMON 00074
?_dtoa                                      cstackBANK0  0003A
?_isdigit                                   cstackCOMMON 00074
?_isspace                                   cstackCOMMON 00074
?_pad                                       cstackBANK0  0002F
?_sprintf                                   cstackBANK1  000D7
?_strlen                                    cstackCOMMON 00074
?_vfpfcnvrt                                 cstackBANK0  00058
?_vfprintf                                  cstackBANK0  0006B
ADC_StartConversion@channel                 cstackCOMMON 00075
DATAEE_ReadByte@bAdd                        cstackCOMMON 00074
DATAEE_WriteByte@GIEBitValue                cstackBANK0  00021
DATAEE_WriteByte@bAdd                       cstackBANK0  00020
DATAEE_WriteByte@bData                      cstackCOMMON 00074
IOCAF0_SetInterruptHandler@InterruptHandler cstackCOMMON 00074
TMR1_SetInterruptHandler@InterruptHandler   cstackCOMMON 00074
TMR1_WriteTimer@timerVal                    cstackCOMMON 00070
_ADCON0                                     (abs)        0009D
_ADCON0bits                                 (abs)        0009D
_ADCON1                                     (abs)        0009E
_ADCON2                                     (abs)        0009F
_ADC_GetConversionResult                    text62       03706
_ADC_ISR                                    text60       02DBA
_ADC_Initialize                             text54       03779
_ADC_StartConversion                        text10       029A4
_ADRESH                                     (abs)        0009C
_ADRESL                                     (abs)        0009B
_ANSELA                                     (abs)        0018C
_ANSELB                                     (abs)        0018D
_ANSELC                                     (abs)        0018E
_AN_IN_Temp                                 bssBANK1     000B0
_AN_IN_U_Supply                             bssBANK1     000AE
_AN_Sample                                  bssBANK4     00220
_APFCON1                                    (abs)        0011D
_APFCON2                                    (abs)        0011C
_BORCON                                     (abs)        00116
_DATAEE_ReadByte                            text44       03755
_DATAEE_WriteByte                           text34       02A6D
_EEADRL                                     (abs)        00191
_EECON1bits                                 (abs)        00195
_EECON2                                     (abs)        00196
_EEDATL                                     (abs)        00193
_EE_AutoOff                                 bssBANK1     000C3
_EE_soll_Power                              bssBANK1     000C4
_EE_solltemperatur                          bssBANK1     000C5
_FVRCON                                     (abs)        00117
_FVR_Initialize                             text53       03702
_INTCONbits                                 (abs)        0000B
_INTERRUPT_InterruptManager                 intentry     00004
_IOCAF0_DefaultInterruptHandler             (abs)        00000
_IOCAF0_InterruptHandler                    nvBANK2      00158
_IOCAF0_SetInterruptHandler                 text51       03716
_IOCAFbits                                  (abs)        00393
_IOCANbits                                  (abs)        00392
_IOCAPbits                                  (abs)        00391
_LATA                                       (abs)        0010C
_LATB                                       (abs)        0010D
_LATC                                       (abs)        0010E
_LATCbits                                   (abs)        0010E
_ODCONA                                     (abs)        0028C
_ODCONB                                     (abs)        0028D
_ODCONC                                     (abs)        0028E
_OPTION_REGbits                             (abs)        00095
_OSCCON                                     (abs)        00099
_OSCILLATOR_Initialize                      text52       0374A
_OSCSTAT                                    (abs)        0009A
_OSCTUNE                                    (abs)        00098
_PIE1bits                                   (abs)        00091
_PIN_MANAGER_Initialize                     text50       02B05
_PIR1bits                                   (abs)        00011
_PLLR                                       (abs)        004D6
_PORTAbits                                  (abs)        0000C
_PORTBbits                                  (abs)        0000D
_SLRCONA                                    (abs)        0030C
_SLRCONB                                    (abs)        0030D
_SLRCONC                                    (abs)        0030E
_SSP1ADD                                    (abs)        00212
_SSP1BUF                                    (abs)        00211
_SSP1CON1bits                               (abs)        00215
_SSP1CON2                                   (abs)        00216
_SSP1CON2bits                               (abs)        00216
_SSP1STATbits                               (abs)        00214
_SYSTEM_Initialize                          text46       037C5
_T1CON                                      (abs)        00018
_T1CONbits                                  (abs)        00018
_T1GCON                                     (abs)        00019
_TEMP_SOLL                                  bssBANK1     000A8
_TMR1H                                      (abs)        00017
_TMR1L                                      (abs)        00016
_TMR1_DefaultInterruptHandler               text57       00002
_TMR1_ISR                                   text56       02000
_TMR1_Initialize                            text48       02A34
_TMR1_InterruptHandler                      bssBANK2     00130
_TMR1_SetInterruptHandler                   text49       0371C
_TMR1_StartTimer                            text45       01800
_TMR1_WriteTimer                            text59       03794
_TRISA                                      (abs)        0008C
_TRISB                                      (abs)        0008D
_TRISC                                      (abs)        0008E
_TRISCbits                                  (abs)        0008E
_TRISE                                      (abs)        00090
_Temp_Anz_Filter                            bssBANK3     001A0
_Temp_Anz_pos                               bssBANK1     000CB
_Temperatur_Anzeige                         bssBANK1     000A6
_Temperatur_TIP                             bssBANK1     000AC
_U_Supply                                   bssBANK1     000AA
_WDTCON                                     (abs)        00097
_WDT_Initialize                             text47       036FF
_WPUA                                       (abs)        0020C
_WPUB                                       (abs)        0020D
_WPUC                                       (abs)        0020E
_WPUE                                       (abs)        00210
__Beeprom_data                              eeprom_data  0F000
__Habs1                                     abs1         00000
__Hbank0                                    bank0        00000
__Hbank1                                    bank1        00000
__Hbank10                                   bank10       00000
__Hbank11                                   bank11       00000
__Hbank12                                   bank12       00000
__Hbank13                                   bank13       00000
__Hbank14                                   bank14       00000
__Hbank15                                   bank15       00000
__Hbank16                                   bank16       00000
__Hbank17                                   bank17       00000
__Hbank18                                   bank18       00000
__Hbank19                                   bank19       00000
__Hbank2                                    bank2        00000
__Hbank20                                   bank20       00000
__Hbank21                                   bank21       00000
__Hbank22                                   bank22       00000
__Hbank23                                   bank23       00000
__Hbank24                                   bank24       00000
__Hbank25                                   bank25       00000
__Hbank26                                   bank26       00000
__Hbank27                                   bank27       00000
__Hbank28                                   bank28       00000
__Hbank29                                   bank29       00000
__Hbank3                                    bank3        00000
__Hbank30                                   bank30       00000
__Hbank31                                   bank31       00000
__Hbank4                                    bank4        00000
__Hbank5                                    bank5        00000
__Hbank6                                    bank6        00000
__Hbank7                                    bank7        00000
__Hbank8                                    bank8        00000
__Hbank9                                    bank9        00000
__Hbigram                                   bigram       00000
__HbssBANK1                                 bssBANK1     00000
__HbssBANK2                                 bssBANK2     00000
__HbssBANK3                                 bssBANK3     00000
__HbssBANK4                                 bssBANK4     00000
__HbssCOMMON                                bssCOMMON    00000
__Hcinit                                    cinit        0005F
__Hclrtext                                  clrtext      00000
__Hcode                                     code         00000
__Hcommon                                   common       00000
__Hconfig                                   config       08009
__HcstackBANK0                              cstackBANK0  00000
__HcstackBANK1                              cstackBANK1  00000
__HcstackCOMMON                             cstackCOMMON 00000
__Heeprom_data                              eeprom_data  00008
__Hend_init                                 end_init     0001E
__Hfunctab                                  functab      00000
__HidataBIGRAM                              idataBIGRAM  00000
__Hinit                                     init         0001C
__Hinittext                                 inittext     00000
__Hintentry                                 intentry     0001C
__Hmaintext                                 maintext     00000
__HnvBANK2                                  nvBANK2      00000
__Hpowerup                                  powerup      00000
__Hram                                      ram          00000
__Hreset_vec                                reset_vec    00002
__Hsfr0                                     sfr0         00000
__Hsfr1                                     sfr1         00000
__Hsfr10                                    sfr10        00000
__Hsfr11                                    sfr11        00000
__Hsfr12                                    sfr12        00000
__Hsfr13                                    sfr13        00000
__Hsfr14                                    sfr14        00000
__Hsfr15                                    sfr15        00000
__Hsfr16                                    sfr16        00000
__Hsfr17                                    sfr17        00000
__Hsfr18                                    sfr18        00000
__Hsfr19                                    sfr19        00000
__Hsfr2                                     sfr2         00000
__Hsfr20                                    sfr20        00000
__Hsfr21                                    sfr21        00000
__Hsfr22                                    sfr22        00000
__Hsfr23                                    sfr23        00000
__Hsfr24                                    sfr24        00000
__Hsfr25                                    sfr25        00000
__Hsfr26                                    sfr26        00000
__Hsfr27                                    sfr27        00000
__Hsfr28                                    sfr28        00000
__Hsfr29                                    sfr29        00000
__Hsfr3                                     sfr3         00000
__Hsfr30                                    sfr30        00000
__Hsfr31                                    sfr31        00000
__Hsfr4                                     sfr4         00000
__Hsfr5                                     sfr5         00000
__Hsfr6                                     sfr6         00000
__Hsfr7                                     sfr7         00000
__Hsfr8                                     sfr8         00000
__Hsfr9                                     sfr9         00000
__Hspace_0                                  (abs)        03879
__Hspace_1                                  (abs)        00260
__Hspace_2                                  (abs)        00000
__Hspace_3                                  (abs)        00008
__Hspace_4                                  (abs)        10010
__Hstack                                    stack        00000
__Hstrings                                  strings      00000
__Hstringtext1                              stringtext1  00000
__Hstringtext10                             stringtext10 00000
__Hstringtext11                             stringtext11 00000
__Hstringtext12                             stringtext12 00000
__Hstringtext13                             stringtext13 00000
__Hstringtext14                             stringtext14 00000
__Hstringtext15                             stringtext15 00000
__Hstringtext16                             stringtext16 00000
__Hstringtext17                             stringtext17 00000
__Hstringtext18                             stringtext18 00000
__Hstringtext19                             stringtext19 00000
__Hstringtext2                              stringtext2  00000
__Hstringtext20                             stringtext20 00000
__Hstringtext21                             stringtext21 00000
__Hstringtext22                             stringtext22 00000
__Hstringtext3                              stringtext3  00000
__Hstringtext4                              stringtext4  00000
__Hstringtext5                              stringtext5  00000
__Hstringtext6                              stringtext6  00000
__Hstringtext7                              stringtext7  00000
__Hstringtext8                              stringtext8  00000
__Hstringtext9                              stringtext9  00000
__Htext                                     text         00000
__Labs1                                     abs1         00000
__Lbank0                                    bank0        00000
__Lbank1                                    bank1        00000
__Lbank10                                   bank10       00000
__Lbank11                                   bank11       00000
__Lbank12                                   bank12       00000
__Lbank13                                   bank13       00000
__Lbank14                                   bank14       00000
__Lbank15                                   bank15       00000
__Lbank16                                   bank16       00000
__Lbank17                                   bank17       00000
__Lbank18                                   bank18       00000
__Lbank19                                   bank19       00000
__Lbank2                                    bank2        00000
__Lbank20                                   bank20       00000
__Lbank21                                   bank21       00000
__Lbank22                                   bank22       00000
__Lbank23                                   bank23       00000
__Lbank24                                   bank24       00000
__Lbank25                                   bank25       00000
__Lbank26                                   bank26       00000
__Lbank27                                   bank27       00000
__Lbank28                                   bank28       00000
__Lbank29                                   bank29       00000
__Lbank3                                    bank3        00000
__Lbank30                                   bank30       00000
__Lbank31                                   bank31       00000
__Lbank4                                    bank4        00000
__Lbank5                                    bank5        00000
__Lbank6                                    bank6        00000
__Lbank7                                    bank7        00000
__Lbank8                                    bank8        00000
__Lbank9                                    bank9        00000
__Lbigram                                   bigram       00000
__LbssBANK1                                 bssBANK1     00000
__LbssBANK2                                 bssBANK2     00000
__LbssBANK3                                 bssBANK3     00000
__LbssBANK4                                 bssBANK4     00000
__LbssCOMMON                                bssCOMMON    00000
__Lcinit                                    cinit        0001E
__Lclrtext                                  clrtext      00000
__Lcode                                     code         00000
__Lcommon                                   common       00000
__Lconfig                                   config       00000
__LcstackBANK0                              cstackBANK0  00000
__LcstackBANK1                              cstackBANK1  00000
__LcstackCOMMON                             cstackCOMMON 00000
__Leeprom_data                              eeprom_data  00000
__Lend_init                                 end_init     0001C
__Lfunctab                                  functab      00000
__LidataBIGRAM                              idataBIGRAM  00000
__Linit                                     init         0001C
__Linittext                                 inittext     00000
__Lintentry                                 intentry     00004
__Lmaintext                                 maintext     00000
__LnvBANK2                                  nvBANK2      00000
__Lpowerup                                  powerup      00000
__Lram                                      ram          00000
__Lreset_vec                                reset_vec    00000
__Lsfr0                                     sfr0         00000
__Lsfr1                                     sfr1         00000
__Lsfr10                                    sfr10        00000
__Lsfr11                                    sfr11        00000
__Lsfr12                                    sfr12        00000
__Lsfr13                                    sfr13        00000
__Lsfr14                                    sfr14        00000
__Lsfr15                                    sfr15        00000
__Lsfr16                                    sfr16        00000
__Lsfr17                                    sfr17        00000
__Lsfr18                                    sfr18        00000
__Lsfr19                                    sfr19        00000
__Lsfr2                                     sfr2         00000
__Lsfr20                                    sfr20        00000
__Lsfr21                                    sfr21        00000
__Lsfr22                                    sfr22        00000
__Lsfr23                                    sfr23        00000
__Lsfr24                                    sfr24        00000
__Lsfr25                                    sfr25        00000
__Lsfr26                                    sfr26        00000
__Lsfr27                                    sfr27        00000
__Lsfr28                                    sfr28        00000
__Lsfr29                                    sfr29        00000
__Lsfr3                                     sfr3         00000
__Lsfr30                                    sfr30        00000
__Lsfr31                                    sfr31        00000
__Lsfr4                                     sfr4         00000
__Lsfr5                                     sfr5         00000
__Lsfr6                                     sfr6         00000
__Lsfr7                                     sfr7         00000
__Lsfr8                                     sfr8         00000
__Lsfr9                                     sfr9         00000
__Lspace_0                                  (abs)        00000
__Lspace_1                                  (abs)        00000
__Lspace_2                                  (abs)        00000
__Lspace_3                                  (abs)        00000
__Lspace_4                                  (abs)        00000
__Lstack                                    stack        00000
__Lstrings                                  strings      00000
__Lstringtext1                              stringtext1  00000
__Lstringtext10                             stringtext10 00000
__Lstringtext11                             stringtext11 00000
__Lstringtext12                             stringtext12 00000
__Lstringtext13                             stringtext13 00000
__Lstringtext14                             stringtext14 00000
__Lstringtext15                             stringtext15 00000
__Lstringtext16                             stringtext16 00000
__Lstringtext17                             stringtext17 00000
__Lstringtext18                             stringtext18 00000
__Lstringtext19                             stringtext19 00000
__Lstringtext2                              stringtext2  00000
__Lstringtext20                             stringtext20 00000
__Lstringtext21                             stringtext21 00000
__Lstringtext22                             stringtext22 00000
__Lstringtext3                              stringtext3  00000
__Lstringtext4                              stringtext4  00000
__Lstringtext5                              stringtext5  00000
__Lstringtext6                              stringtext6  00000
__Lstringtext7                              stringtext7  00000
__Lstringtext8                              stringtext8  00000
__Lstringtext9                              stringtext9  00000
__Ltext                                     text         00000
__S0                                        (abs)        03879
__S1                                        (abs)        00260
__S2                                        (abs)        00000
__S3                                        (abs)        0F008
___aodiv                                    text23       02195
___aodiv@counter                            cstackBANK0  00030
___aodiv@dividend                           cstackBANK0  00028
___aodiv@divisor                            cstackBANK0  00020
___aodiv@quotient                           cstackBANK0  00032
___aodiv@sign                               cstackBANK0  00031
___aomod                                    text22       020B8
___aomod@counter                            cstackBANK0  00030
___aomod@dividend                           cstackBANK0  00028
___aomod@divisor                            cstackBANK0  00020
___aomod@sign                               cstackBANK0  00031
___int_sp                                   stack        00000
___latbits                                  (abs)        00003
___lwdiv                                    text9        02B6D
___lwdiv@counter                            cstackBANK0  0002B
___lwdiv@dividend                           cstackBANK0  00026
___lwdiv@divisor                            cstackBANK0  00024
___lwdiv@quotient                           cstackBANK0  00029
___lwmod                                    text8        02AD9
___lwmod@counter                            cstackCOMMON 00075
___lwmod@dividend                           cstackBANK0  00022
___lwmod@divisor                            cstackBANK0  00020
___sp                                       stack        00000
___stackhi                                  (abs)        025EF
___stacklo                                  (abs)        02180
___wmul                                     text32       02A19
___wmul@multiplicand                        cstackBANK0  00022
___wmul@multiplier                          cstackBANK0  00020
___wmul@product                             cstackCOMMON 00074
__end_of_ADC_GetConversionResult            text62       0370B
__end_of_ADC_ISR                            text60       02E2E
__end_of_ADC_Initialize                     text54       03786
__end_of_ADC_StartConversion                text10       029B7
__end_of_DATAEE_ReadByte                    text44       03761
__end_of_DATAEE_WriteByte                   text34       02A8D
__end_of_FVR_Initialize                     text53       03706
__end_of_INTERRUPT_InterruptManager         intentry     0001C
__end_of_IOCAF0_SetInterruptHandler         text51       0371C
__end_of_OSCILLATOR_Initialize              text52       03755
__end_of_PIN_MANAGER_Initialize             text50       02B39
__end_of_SYSTEM_Initialize                  text46       037D7
__end_of_TMR1_DefaultInterruptHandler       text57       00003
__end_of_TMR1_ISR                           text56       02014
__end_of_TMR1_Initialize                    text48       02A50
__end_of_TMR1_SetInterruptHandler           text49       03722
__end_of_TMR1_StartTimer                    text45       01803
__end_of_TMR1_WriteTimer                    text59       037A3
__end_of_WDT_Initialize                     text47       03702
__end_of___aodiv                            text23       0228A
__end_of___aomod                            text22       02195
__end_of___lwdiv                            text9        02BA1
__end_of___lwmod                            text8        02B05
__end_of___wmul                             text32       02A34
__end_of__initialization                    cinit        0005B
__end_of_abs                                text21       029E7
__end_of_atoi                               text24       02F45
__end_of_calc_supply_voltage                text7        037B3
__end_of_calc_tip_temperatur                text6        03800
__end_of_dtoa                               text15       01800
__end_of_fb_clear                           text33       02A19
__end_of_fb_draw_char                       text5        02C30
__end_of_fb_draw_char_big                   text2        020B8
__end_of_fb_draw_char_super_big             text31       0238D
__end_of_fb_draw_string                     text4        02CE9
__end_of_fb_draw_string_big                 text30       03000
__end_of_fb_show                            text28       03740
__end_of_font                               stringtext4  029A3
__end_of_font2                              stringtext2  0122F
__end_of_font2@font$F1110                   stringtext1  00947
__end_of_font_3                             stringtext3  01667
__end_of_fputc                              text19       02BE8
__end_of_fputs                              text18       02AB2
__end_of_get_switch_state                   text27       02DBA
__end_of_idleI2C                            text42       03738
__end_of_initI2C                            text43       0374A
__end_of_init_system                        text35       016B3
__end_of_isdigit                            text26       029CF
__end_of_isspace                            text25       02A6D
__end_of_lcd_init                           text36       02D4D
__end_of_lcd_sendCommand                    text37       037EA
__end_of_lcd_sendFramebuffer                text29       02C8C
__end_of_main                               maintext     02EA6
__end_of_pad                                text16       01851
__end_of_proc_menue                         text11       02800
__end_of_proc_off                           text3        01C21
__end_of_proc_solder                        text1        02000
__end_of_putch                              text20       00004
__end_of_sendI2C                            text40       03794
__end_of_sprintf                            text12       02AD9
__end_of_startI2C                           text39       03729
__end_of_stopI2C                            text38       03730
__end_of_strlen                             text17       029FF
__end_of_timer1_fired                       text58       03716
__end_of_vfpfcnvrt                          text14       0198F
__end_of_vfprintf                           text13       02B6D
__end_of_waitI2C                            text41       03710
__end_ofi1_ADC_StartConversion              text61       037C5
__initialization                            cinit        0001E
__pbssBANK1                                 bssBANK1     000A0
__pbssBANK2                                 bssBANK2     00120
__pbssBANK3                                 bssBANK3     001A0
__pbssBANK4                                 bssBANK4     00220
__pbssCOMMON                                bssCOMMON    00076
__pcstackBANK0                              cstackBANK0  00020
__pcstackBANK1                              cstackBANK1  000D4
__pcstackCOMMON                             cstackCOMMON 00070
__pdataBIGRAM                               (abs)        025F0
__pidataBIGRAM                              idataBIGRAM  0238D
__pintentry                                 intentry     00004
__pmaintext                                 maintext     02E2E
__pnvBANK2                                  nvBANK2      00158
__pstringtext1                              stringtext1  0005F
__pstringtext10                             stringtext10 0382E
__pstringtext11                             stringtext11 03836
__pstringtext12                             stringtext12 0383E
__pstringtext13                             stringtext13 03846
__pstringtext14                             stringtext14 0384D
__pstringtext15                             stringtext15 03854
__pstringtext16                             stringtext16 0385B
__pstringtext17                             stringtext17 03861
__pstringtext18                             stringtext18 03866
__pstringtext19                             stringtext19 0386B
__pstringtext2                              stringtext2  00947
__pstringtext20                             stringtext20 03870
__pstringtext21                             stringtext21 03875
__pstringtext22                             stringtext22 00000
__pstringtext3                              stringtext3  0122F
__pstringtext4                              stringtext4  02800
__pstringtext5                              stringtext5  03800
__pstringtext6                              stringtext6  0380E
__pstringtext7                              stringtext7  03816
__pstringtext8                              stringtext8  0381E
__pstringtext9                              stringtext9  03826
__ptext1                                    text1        01C21
__ptext10                                   text10       029A4
__ptext11                                   text11       0258D
__ptext12                                   text12       02AB2
__ptext13                                   text13       02B39
__ptext14                                   text14       01851
__ptext15                                   text15       016B3
__ptext16                                   text16       01803
__ptext17                                   text17       029E7
__ptext18                                   text18       02A8D
__ptext19                                   text19       02BA1
__ptext2                                    text2        02014
__ptext20                                   text20       00003
__ptext21                                   text21       029CF
__ptext22                                   text22       020B8
__ptext23                                   text23       02195
__ptext24                                   text24       02EA6
__ptext25                                   text25       02A50
__ptext26                                   text26       029B7
__ptext27                                   text27       02D4D
__ptext28                                   text28       03738
__ptext29                                   text29       02C30
__ptext3                                    text3        0198F
__ptext30                                   text30       02F45
__ptext31                                   text31       0228A
__ptext32                                   text32       02A19
__ptext33                                   text33       029FF
__ptext34                                   text34       02A6D
__ptext35                                   text35       01668
__ptext36                                   text36       02CE9
__ptext37                                   text37       037D7
__ptext38                                   text38       03729
__ptext39                                   text39       03722
__ptext4                                    text4        02C8C
__ptext40                                   text40       03786
__ptext41                                   text41       0370B
__ptext42                                   text42       03730
__ptext43                                   text43       03740
__ptext44                                   text44       03755
__ptext45                                   text45       01800
__ptext46                                   text46       037C5
__ptext47                                   text47       036FF
__ptext48                                   text48       02A34
__ptext49                                   text49       0371C
__ptext5                                    text5        02BE8
__ptext50                                   text50       02B05
__ptext51                                   text51       03716
__ptext52                                   text52       0374A
__ptext53                                   text53       03702
__ptext54                                   text54       03779
__ptext56                                   text56       02000
__ptext57                                   text57       00002
__ptext58                                   text58       03710
__ptext59                                   text59       03794
__ptext6                                    text6        037EA
__ptext60                                   text60       02DBA
__ptext61                                   text61       037B3
__ptext62                                   text62       03706
__ptext7                                    text7        037A3
__ptext8                                    text8        02AD9
__ptext9                                    text9        02B6D
__size_of_ADC_GetConversionResult           (abs)        00000
__size_of_ADC_ISR                           (abs)        00000
__size_of_ADC_Initialize                    (abs)        00000
__size_of_ADC_StartConversion               (abs)        00000
__size_of_DATAEE_ReadByte                   (abs)        00000
__size_of_DATAEE_WriteByte                  (abs)        00000
__size_of_FVR_Initialize                    (abs)        00000
__size_of_INTERRUPT_InterruptManager        (abs)        00000
__size_of_IOCAF0_SetInterruptHandler        (abs)        00000
__size_of_OSCILLATOR_Initialize             (abs)        00000
__size_of_PIN_MANAGER_Initialize            (abs)        00000
__size_of_SYSTEM_Initialize                 (abs)        00000
__size_of_TMR1_DefaultInterruptHandler      (abs)        00000
__size_of_TMR1_ISR                          (abs)        00000
__size_of_TMR1_Initialize                   (abs)        00000
__size_of_TMR1_SetInterruptHandler          (abs)        00000
__size_of_TMR1_StartTimer                   (abs)        00000
__size_of_TMR1_WriteTimer                   (abs)        00000
__size_of_WDT_Initialize                    (abs)        00000
__size_of___aodiv                           (abs)        00000
__size_of___aomod                           (abs)        00000
__size_of___lwdiv                           (abs)        00000
__size_of___lwmod                           (abs)        00000
__size_of___wmul                            (abs)        00000
__size_of_abs                               (abs)        00000
__size_of_atoi                              (abs)        00000
__size_of_calc_supply_voltage               (abs)        00000
__size_of_calc_tip_temperatur               (abs)        00000
__size_of_dtoa                              (abs)        00000
__size_of_fb_clear                          (abs)        00000
__size_of_fb_draw_char                      (abs)        00000
__size_of_fb_draw_char_big                  (abs)        00000
__size_of_fb_draw_char_super_big            (abs)        00000
__size_of_fb_draw_string                    (abs)        00000
__size_of_fb_draw_string_big                (abs)        00000
__size_of_fb_show                           (abs)        00000
__size_of_fputc                             (abs)        00000
__size_of_fputs                             (abs)        00000
__size_of_get_switch_state                  (abs)        00000
__size_of_idleI2C                           (abs)        00000
__size_of_initI2C                           (abs)        00000
__size_of_init_system                       (abs)        00000
__size_of_isdigit                           (abs)        00000
__size_of_isspace                           (abs)        00000
__size_of_lcd_init                          (abs)        00000
__size_of_lcd_sendCommand                   (abs)        00000
__size_of_lcd_sendFramebuffer               (abs)        00000
__size_of_main                              (abs)        00000
__size_of_pad                               (abs)        00000
__size_of_proc_menue                        (abs)        00000
__size_of_proc_off                          (abs)        00000
__size_of_proc_solder                       (abs)        00000
__size_of_putch                             (abs)        00000
__size_of_sendI2C                           (abs)        00000
__size_of_sprintf                           (abs)        00000
__size_of_startI2C                          (abs)        00000
__size_of_stopI2C                           (abs)        00000
__size_of_strlen                            (abs)        00000
__size_of_timer1_fired                      (abs)        00000
__size_of_vfpfcnvrt                         (abs)        00000
__size_of_vfprintf                          (abs)        00000
__size_of_waitI2C                           (abs)        00000
__size_ofi1_ADC_StartConversion             (abs)        00000
_abs                                        text21       029CF
_an_in_pos                                  bssCOMMON    00079
_atoi                                       text24       02EA6
_atoi$1826                                  cstackBANK0  0002C
_atoi$1827                                  cstackBANK0  00030
_atoi$1828                                  cstackBANK0  0002E
_buffer                                     (abs)        025F0
_calc_supply_voltage                        text7        037A3
_calc_tip_temperatur                        text6        037EA
_counter2ms_blink                           bssBANK1     000B5
_counter2ms_solder                          bssBANK1     000D1
_counter_200ms                              bssBANK2     0012A
_counter_left                               bssBANK1     000CA
_counter_minutes                            bssBANK1     000D2
_counter_solder_break                       bssBANK1     000B4
_dbuf                                       bssBANK3     001C0
_dtoa                                       text15       016B3
_dtoa$1791                                  cstackBANK0  00046
_fb_clear                                   text33       029FF
_fb_draw_char                               text5        02BE8
_fb_draw_char_big                           text2        02014
_fb_draw_char_super_big                     text31       0228A
_fb_draw_string                             text4        02C8C
_fb_draw_string_big                         text30       02F45
_fb_show                                    text28       03738
_flags                                      bssBANK1     000A4
_font                                       stringtext4  02800
_font2                                      stringtext2  00947
_font_3                                     stringtext3  0122F
_fputc                                      text19       02BA1
_fputs                                      text18       02A8D
_get_switch_state                           text27       02D4D
_i                                          bssCOMMON    00078
_idleI2C                                    text42       03730
_initI2C                                    text43       03740
_init_system                                text35       01668
_isdigit                                    text26       029B7
_isspace                                    text25       02A50
_isspace$1844                               cstackBANK0  00022
_lcd_init                                   text36       02CE9
_lcd_sendCommand                            text37       037D7
_lcd_sendFramebuffer                        text29       02C30
_main                                       maintext     02E2E
_meassure_number                            bssBANK1     000D3
_mode                                       bssBANK1     000C7
_ne                                         bssBANK1     000B6
_nh                                         bssBANK1     000B8
_nout                                       bssBANK2     00120
[...]
      Temps:          0       0       0       0       0       0       0       0       0       0       0       0       0       0       0       0       0       0       0       0       0       0       0       0       0       0       0
      Totals:         0       0       0       0       0       0       0       0       0       0       0       0       0       0       0       0       0       0       0       0       0       0       0       0       0       0       0
Total ram usage:        0 bytes
 Hardware stack levels used:    1
 Hardware stack levels required when called:    2
 This function calls:
		_ADC_ISR
		_TMR1_ISR
 This function is called by:
		Interrupt level 1
 This function uses a non-reentrant model


 *************** function _TMR1_ISR *****************
 Defined at:
		line 157 in file "mcc_generated_files/tmr1.c"
 Parameters:    Size  Location     Type
		None
 Auto vars:     Size  Location     Type
		None
 Return value:  Size  Location     Type
                  1    wreg      void 
 Registers used:
		wreg, status,2, status,0, pclath, cstack
 Tracked objects:
		On entry : 
		On exit  : 
		Unchanged: 
 Data sizes:     COMMON   BANK0   BANK1   BANK2   BANK3   BANK4   BANK5   BANK6   BANK7   BANK8   BANK9  BANK10  BANK11  BANK12  BANK13  BANK14  BANK15  BANK16  BANK17  BANK18  BANK19  BANK20  BANK21  BANK22  BANK23  BANK24  BANK25
      Params:         0       0       0       0       0       0       0       0       0       0       0       0       0       0       0       0       0       0       0       0       0       0       0       0       0       0       0
      Locals:         0       0       0       0       0       0       0       0       0       0       0       0       0       0       0       0       0       0       0       0       0       0       0       0       0       0       0
      Temps:          0       0       0       0       0       0       0       0       0       0       0       0       0       0       0       0       0       0       0       0       0       0       0       0       0       0       0
      Totals:         0       0       0       0       0       0       0       0       0       0       0       0       0       0       0       0       0       0       0       0       0       0       0       0       0       0       0
Total ram usage:        0 bytes
 Hardware stack levels used:    1
 Hardware stack levels required when called:    1
 This function calls:
		Absolute function
		_TMR1_DefaultInterruptHandler
		_TMR1_WriteTimer
		_timer1_fired
 This function is called by:
		_INTERRUPT_InterruptManager
 This function uses a non-reentrant model


 *************** function _TMR1_DefaultInterruptHandler *****************
 Defined at:
		line 175 in file "mcc_generated_files/tmr1.c"
 Parameters:    Size  Location     Type
		None
 Auto vars:     Size  Location     Type
		None
 Return value:  Size  Location     Type
                  1    wreg      void 
 Registers used:
		None
 Tracked objects:
		On entry : 
		On exit  : 
		Unchanged: 
 Data sizes:     COMMON   BANK0   BANK1   BANK2   BANK3   BANK4   BANK5   BANK6   BANK7   BANK8   BANK9  BANK10  BANK11  BANK12  BANK13  BANK14  BANK15  BANK16  BANK17  BANK18  BANK19  BANK20  BANK21  BANK22  BANK23  BANK24  BANK25
      Params:         0       0       0       0       0       0       0       0       0       0       0       0       0       0       0       0       0       0       0       0       0       0       0       0       0       0       0
      Locals:         0       0       0       0       0       0       0       0       0       0       0       0       0       0       0       0       0       0       0       0       0       0       0       0       0       0       0
      Temps:          0       0       0       0       0       0       0       0       0       0       0       0       0       0       0       0       0       0       0       0       0       0       0       0       0       0       0
      Totals:         0       0       0       0       0       0       0       0       0       0       0       0       0       0       0       0       0       0       0       0       0       0       0       0       0       0       0
Total ram usage:        0 bytes
 Hardware stack levels used:    1
 This function calls:
		Nothing
 This function is called by:
		_TMR1_Initialize
		_TMR1_ISR
 This function uses a non-reentrant model


 *************** function _timer1_fired *****************
 Defined at:
		line 138 in file "main.c"
 Parameters:    Size  Location     Type
		None
 Auto vars:     Size  Location     Type
		None
 Return value:  Size  Location     Type
                  1    wreg      void 
 Registers used:
		wreg, status,2, status,0
 Tracked objects:
		On entry : 
		On exit  : 
		Unchanged: 
 Data sizes:     COMMON   BANK0   BANK1   BANK2   BANK3   BANK4   BANK5   BANK6   BANK7   BANK8   BANK9  BANK10  BANK11  BANK12  BANK13  BANK14  BANK15  BANK16  BANK17  BANK18  BANK19  BANK20  BANK21  BANK22  BANK23  BANK24  BANK25
      Params:         0       0       0       0       0       0       0       0       0       0       0       0       0       0       0       0       0       0       0       0       0       0       0       0       0       0       0
      Locals:         0       0       0       0       0       0       0       0       0       0       0       0       0       0       0       0       0       0       0       0       0       0       0       0       0       0       0
      Temps:          1       0       0       0       0       0       0       0       0       0       0       0       0       0       0       0       0       0       0       0       0       0       0       0       0       0       0
      Totals:         1       0       0       0       0       0       0       0       0       0       0       0       0       0       0       0       0       0       0       0       0       0       0       0       0       0       0
Total ram usage:        1 bytes
 Hardware stack levels used:    1
 This function calls:
		Nothing
 This function is called by:
		_main
		_TMR1_ISR
 This function uses a non-reentrant model


 *************** function _TMR1_WriteTimer *****************
 Defined at:
		line 120 in file "mcc_generated_files/tmr1.c"
 Parameters:    Size  Location     Type
  timerVal        2    0[COMMON] unsigned short 
 Auto vars:     Size  Location     Type
		None
 Return value:  Size  Location     Type
                  1    wreg      void 
 Registers used:
		wreg
 Tracked objects:
		On entry : 
		On exit  : 
		Unchanged: 
 Data sizes:     COMMON   BANK0   BANK1   BANK2   BANK3   BANK4   BANK5   BANK6   BANK7   BANK8   BANK9  BANK10  BANK11  BANK12  BANK13  BANK14  BANK15  BANK16  BANK17  BANK18  BANK19  BANK20  BANK21  BANK22  BANK23  BANK24  BANK25
      Params:         2       0       0       0       0       0       0       0       0       0       0       0       0       0       0       0       0       0       0       0       0       0       0       0       0       0       0
      Locals:         0       0       0       0       0       0       0       0       0       0       0       0       0       0       0       0       0       0       0       0       0       0       0       0       0       0       0
      Temps:          0       0       0       0       0       0       0       0       0       0       0       0       0       0       0       0       0       0       0       0       0       0       0       0       0       0       0
      Totals:         2       0       0       0       0       0       0       0       0       0       0       0       0       0       0       0       0       0       0       0       0       0       0       0       0       0       0
Total ram usage:        2 bytes
 Hardware stack levels used:    1
 This function calls:
		Nothing
 This function is called by:
		_TMR1_ISR
 This function uses a non-reentrant model


 *************** function _ADC_ISR *****************
 Defined at:
		line 151 in file "mcc_generated_files/adc.c"
 Parameters:    Size  Location     Type
		None
 Auto vars:     Size  Location     Type
		None
 Return value:  Size  Location     Type
                  1    wreg      void 
 Registers used:
		wreg, fsr1l, fsr1h, status,2, status,0, pclath, cstack
 Tracked objects:
		On entry : 
		On exit  : 
		Unchanged: 
 Data sizes:     COMMON   BANK0   BANK1   BANK2   BANK3   BANK4   BANK5   BANK6   BANK7   BANK8   BANK9  BANK10  BANK11  BANK12  BANK13  BANK14  BANK15  BANK16  BANK17  BANK18  BANK19  BANK20  BANK21  BANK22  BANK23  BANK24  BANK25
      Params:         0       0       0       0       0       0       0       0       0       0       0       0       0       0       0       0       0       0       0       0       0       0       0       0       0       0       0
      Locals:         0       0       0       0       0       0       0       0       0       0       0       0       0       0       0       0       0       0       0       0       0       0       0       0       0       0       0
      Temps:          2       0       0       0       0       0       0       0       0       0       0       0       0       0       0       0       0       0       0       0       0       0       0       0       0       0       0
      Totals:         2       0       0       0       0       0       0       0       0       0       0       0       0       0       0       0       0       0       0       0       0       0       0       0       0       0       0
Total ram usage:        2 bytes
 Hardware stack levels used:    1
 Hardware stack levels required when called:    1
 This function calls:
		_ADC_GetConversionResult
		i1_ADC_StartConversion
 This function is called by:
		_INTERRUPT_InterruptManager
 This function uses a non-reentrant model


 *************** function i1_ADC_StartConversion *****************
 Defined at:
		line 95 in file "mcc_generated_files/adc.c"
 Parameters:    Size  Location     Type
  channel         1    wreg     enum E5669
 Auto vars:     Size  Location     Type
  channel         1    1[COMMON] enum E5669
 Return value:  Size  Location     Type
                  1    wreg      void 
 Registers used:
		wreg, status,2, status,0
 Tracked objects:
		On entry : 
		On exit  : 
		Unchanged: 
 Data sizes:     COMMON   BANK0   BANK1   BANK2   BANK3   BANK4   BANK5   BANK6   BANK7   BANK8   BANK9  BANK10  BANK11  BANK12  BANK13  BANK14  BANK15  BANK16  BANK17  BANK18  BANK19  BANK20  BANK21  BANK22  BANK23  BANK24  BANK25
      Params:         0       0       0       0       0       0       0       0       0       0       0       0       0       0       0       0       0       0       0       0       0       0       0       0       0       0       0
      Locals:         1       0       0       0       0       0       0       0       0       0       0       0       0       0       0       0       0       0       0       0       0       0       0       0       0       0       0
      Temps:          1       0       0       0       0       0       0       0       0       0       0       0       0       0       0       0       0       0       0       0       0       0       0       0       0       0       0
      Totals:         2       0       0       0       0       0       0       0       0       0       0       0       0       0       0       0       0       0       0       0       0       0       0       0       0       0       0
Total ram usage:        2 bytes
 Hardware stack levels used:    1
 This function calls:
		Nothing
 This function is called by:
		_ADC_ISR
 This function uses a non-reentrant model


 *************** function _ADC_GetConversionResult *****************
 Defined at:
		line 116 in file "mcc_generated_files/adc.c"
 Parameters:    Size  Location     Type
		None
 Auto vars:     Size  Location     Type
		None
 Return value:  Size  Location     Type
                  2    0[COMMON] unsigned short 
 Registers used:
		wreg
 Tracked objects:
		On entry : 
		On exit  : 
		Unchanged: 
 Data sizes:     COMMON   BANK0   BANK1   BANK2   BANK3   BANK4   BANK5   BANK6   BANK7   BANK8   BANK9  BANK10  BANK11  BANK12  BANK13  BANK14  BANK15  BANK16  BANK17  BANK18  BANK19  BANK20  BANK21  BANK22  BANK23  BANK24  BANK25
      Params:         2       0       0       0       0       0       0       0       0       0       0       0       0       0       0       0       0       0       0       0       0       0       0       0       0       0       0
      Locals:         0       0       0       0       0       0       0       0       0       0       0       0       0       0       0       0       0       0       0       0       0       0       0       0       0       0       0
      Temps:          0       0       0       0       0       0       0       0       0       0       0       0       0       0       0       0       0       0       0       0       0       0       0       0       0       0       0
      Totals:         2       0       0       0       0       0       0       0       0       0       0       0       0       0       0       0       0       0       0       0       0       0       0       0       0       0       0
Total ram usage:        2 bytes
 Hardware stack levels used:    1
 This function calls:
		Nothing
 This function is called by:
		_ADC_ISR
 This function uses a non-reentrant model



MODULE INFORMATION

Module		Function		Class		Link	Load	Size
/Applications/microchip/xc8/v2.31/pic/sources/c99/common/putch.c
		_putch         		CODE           	0003	0000	1

/Applications/microchip/xc8/v2.31/pic/sources/c99/common/putch.c estimated size: 1

mcc_generated_files/fvr.c
		_FVR_Initialize		CODE           	3702	0000	4

mcc_generated_files/fvr.c estimated size: 4

mcc_generated_files/interrupt_manager.c
		_INTERRUPT_InterruptManager		CODE           	0004	0000	24

mcc_generated_files/interrupt_manager.c estimated size: 24

/Applications/microchip/xc8/v2.31/pic/sources/c99/common/aodiv.c
		___aodiv       		CODE           	2195	0000	245

/Applications/microchip/xc8/v2.31/pic/sources/c99/common/aodiv.c estimated size: 245

/Applications/microchip/xc8/v2.31/pic/sources/c99/common/atoi.c
		_atoi          		CODE           	2EA6	0000	159

/Applications/microchip/xc8/v2.31/pic/sources/c99/common/atoi.c estimated size: 159

mcc_generated_files/pin_manager.c
		_PIN_MANAGER_Initialize		CODE           	2B05	0000	52
		_IOCAF0_SetInterruptHandler		CODE           	3716	0000	6

mcc_generated_files/pin_manager.c estimated size: 58

/Applications/microchip/xc8/v2.31/pic/sources/c99/common/lwdiv.c
		___lwdiv       		CODE           	2B6D	0000	52

/Applications/microchip/xc8/v2.31/pic/sources/c99/common/lwdiv.c estimated size: 52

/Applications/microchip/xc8/v2.31/pic/sources/c99/common/nf_sprintf.c
		_sprintf       		CODE           	2AB2	0000	39

/Applications/microchip/xc8/v2.31/pic/sources/c99/common/nf_sprintf.c estimated size: 39

mcc_generated_files/adc.c
		_ADC_Initialize		CODE           	3779	0000	13
		_ADC_GetConversionResult		CODE           	3706	0000	5
		_ADC_StartConversion		CODE           	29A4	0000	19
		_ADC_ISR       		CODE           	2DBA	0000	116

mcc_generated_files/adc.c estimated size: 153

/Applications/microchip/xc8/v2.31/pic/sources/c99/common/nf_fputs.c
		_fputs         		CODE           	2A8D	0000	37

/Applications/microchip/xc8/v2.31/pic/sources/c99/common/nf_fputs.c estimated size: 37

/Applications/microchip/xc8/v2.31/pic/sources/c99/common/strlen.c
		_strlen        		CODE           	29E7	0000	24

/Applications/microchip/xc8/v2.31/pic/sources/c99/common/strlen.c estimated size: 24

/Applications/microchip/xc8/v2.31/pic/sources/c99/common/isspace.c
		_isspace       		CODE           	2A50	0000	29

/Applications/microchip/xc8/v2.31/pic/sources/c99/common/isspace.c estimated size: 29

OLED/i2c1.c
		_stopI2C       		CODE           	3729	0000	7
		_startI2C      		CODE           	3722	0000	7
		_idleI2C       		CODE           	3730	0000	8
		_sendI2C       		CODE           	3786	0000	14
		_waitI2C       		CODE           	370B	0000	5
		_initI2C       		CODE           	3740	0000	10

OLED/i2c1.c estimated size: 51

shared
		_font_3        		STRCODE        	122F	0000	1080
		_font          		STRCODE        	2800	0000	419
		i1_ADC_StartConversion		CODE           	37B3	0000	18
		__initialization		CODE           	001E	0000	61
		_font2@font$F1110		STRCODE        	0000	0000	0
		_font2         		STRCODE        	0947	0000	2280

shared estimated size: 3858

mcc_generated_files/mcc.c
		_WDT_Initialize		CODE           	36FF	0000	3
		_OSCILLATOR_Initialize		CODE           	374A	0000	11
		_SYSTEM_Initialize		CODE           	37C5	0000	18

mcc_generated_files/mcc.c estimated size: 32

/Applications/microchip/xc8/v2.31/pic/sources/c99/common/doprnt.c
		_vfpfcnvrt     		CODE           	1851	0000	318
		_pad           		CODE           	1803	0000	78
		_dtoa          		CODE           	16B3	0000	333
		_vfprintf      		CODE           	2B39	0000	52

/Applications/microchip/xc8/v2.31/pic/sources/c99/common/doprnt.c estimated size: 781

mcc_generated_files/tmr1.c
		_TMR1_Initialize		CODE           	2A34	0000	28
		_TMR1_SetInterruptHandler		CODE           	371C	0000	6
		_TMR1_DefaultInterruptHandler		CODE           	0002	0000	1
		_TMR1_WriteTimer		CODE           	3794	0000	15
		_TMR1_StartTimer		CODE           	1800	0000	3
		_TMR1_ISR      		CODE           	2000	0000	20

mcc_generated_files/tmr1.c estimated size: 73

/Applications/microchip/xc8/v2.31/pic/sources/c99/common/isdigit.c
		_isdigit       		CODE           	29B7	0000	24

/Applications/microchip/xc8/v2.31/pic/sources/c99/common/isdigit.c estimated size: 24

/Applications/microchip/xc8/v2.31/pic/sources/c99/common/Umul16.c
		___wmul        		CODE           	2A19	0000	27

/Applications/microchip/xc8/v2.31/pic/sources/c99/common/Umul16.c estimated size: 27

mcc_generated_files/memory.c
		_DATAEE_WriteByte		CODE           	2A6D	0000	32
		_DATAEE_ReadByte		CODE           	3755	0000	12

mcc_generated_files/memory.c estimated size: 44

OLED/lcd.c
		_fb_draw_string		CODE           	2C8C	0000	93
		_fb_show       		CODE           	3738	0000	8
		_fb_draw_string_big		CODE           	2F45	0000	187
		_lcd_sendFramebuffer		CODE           	2C30	0000	92
		_fb_draw_char_super_big		CODE           	228A	0000	259
		_lcd_sendCommand		CODE           	37D7	0000	19
		_fb_draw_char  		CODE           	2BE8	0000	72
		_fb_draw_char_big		CODE           	2014	0000	164
		_fb_clear      		CODE           	29FF	0000	26
		_lcd_init      		CODE           	2CE9	0000	100

OLED/lcd.c estimated size: 1020

/Applications/microchip/xc8/v2.31/pic/sources/c99/common/aomod.c
		___aomod       		CODE           	20B8	0000	221

/Applications/microchip/xc8/v2.31/pic/sources/c99/common/aomod.c estimated size: 221

/Applications/microchip/xc8/v2.31/pic/sources/c99/common/nf_fputc.c
		_fputc         		CODE           	2BA1	0000	71

/Applications/microchip/xc8/v2.31/pic/sources/c99/common/nf_fputc.c estimated size: 71

main.c
		_init_system   		CODE           	1668	0000	75
		_main          		CODE           	2E2E	0000	120
		_proc_solder   		CODE           	1C21	0000	991
		_proc_menue    		CODE           	258D	0000	627
		_calc_supply_voltage		CODE           	37A3	0000	16
		_get_switch_state		CODE           	2D4D	0000	109
		_calc_tip_temperatur		CODE           	37EA	0000	22
		_proc_off      		CODE           	198F	0000	658
		_timer1_fired  		CODE           	3710	0000	6

main.c estimated size: 2624

/Applications/microchip/xc8/v2.31/pic/sources/c99/common/abs.c
		_abs           		CODE           	29CF	0000	24

/Applications/microchip/xc8/v2.31/pic/sources/c99/common/abs.c estimated size: 24

/Applications/microchip/xc8/v2.31/pic/sources/c99/common/lwmod.c
		___lwmod       		CODE           	2AD9	0000	44

/Applications/microchip/xc8/v2.31/pic/sources/c99/common/lwmod.c estimated size: 44

