Microchip MPLAB XC8 Compiler V2.31

Linker command line:

-W-3 --edf=/Applications/microchip/xc8/v2.31/pic/dat/en_msgs.txt -cn \
  -h+dist/default/production/rtSolder.X.production.sym \
  --cmf=dist/default/production/rtSolder.X.production.cmf -z -Q16F1788 \
  -o/tmp/xcyvxHIyg --defsym=__MPLAB_BUILD=1 \
  -Mdist/default/production/rtSolder.X.production.map -E1 -ver=XC8 Compiler \
  --acfsm=1493 -ASTACK=02180h-025EFh -pstack=STACK -ACODE=00h-07FFhx8 \
  -ASTRCODE=00h-03FFFh -ASTRING=00h-0FFhx64 -ACONST=00h-0FFhx64 \
  -AENTRY=00h-0FFhx64 -ACOMMON=070h-07Fh -ABANK0=020h-06Fh \
  -ABANK1=0A0h-0EFh -ABANK2=0120h-016Fh -ABANK3=01A0h-01EFh \
  -ABANK4=0220h-026Fh -ABANK5=02A0h-02EFh -ABANK6=0320h-036Fh \
  -ABANK7=03A0h-03EFh -ABANK8=0420h-046Fh -ABANK9=04A0h-04EFh \
  -ABANK10=0520h-056Fh -ABANK11=05A0h-05EFh -ABANK12=0620h-066Fh \
  -ABANK13=06A0h-06EFh -ABANK14=0720h-076Fh -ABANK15=07A0h-07EFh \
  -ABANK16=0820h-086Fh -ABANK17=08A0h-08EFh -ABANK18=0920h-096Fh \
  -ABANK19=09A0h-09EFh -ABANK20=0A20h-0A6Fh -ABANK21=0AA0h-0AEFh \
  -ABANK22=0B20h-0B6Fh -ABANK23=0BA0h-0BEFh -ABANK24=0C20h-0C6Fh \
  -ABANK25=0CA0h-0CBFh -ABIGRAM=02000h-027EFh \
  -ARAM=020h-06Fh,0A0h-0EFh,0120h-016Fh,01A0h-01EFh,0220h-026Fh,02A0h-02EFh,0320h-036Fh,03A0h-03EFh,0420h-046Fh,04A0h-04EFh,0520h-056Fh,05A0h-05EFh,0620h-066Fh,06A0h-06EFh,0720h-076Fh,07A0h-07EFh,0820h-086Fh,08A0h-08EFh,0920h-096Fh,09A0h-09EFh,0A20h-0A6Fh,0AA0h-0AEFh,0B20h-0B6Fh,0BA0h-0BEFh,0C20h-0C6Fh,0CA0h-0CBFh \
  -AABS1=020h-07Fh,0A0h-0EFh,0120h-016Fh,01A0h-01EFh,0220h-026Fh,02A0h-02EFh,0320h-036Fh,03A0h-03EFh,0420h-046Fh,04A0h-04EFh,0520h-056Fh,05A0h-05EFh,0620h-066Fh,06A0h-06EFh,0720h-076Fh,07A0h-07EFh,0820h-086Fh,08A0h-08EFh,0920h-096Fh,09A0h-09EFh,0A20h-0A6Fh,0AA0h-0AEFh,0B20h-0B6Fh,0BA0h-0BEFh,0C20h-0C6Fh,0CA0h-0CBFh \
  -ASFR0=00h-01Fh -ASFR1=080h-09Fh -ASFR2=0100h-011Fh -ASFR3=0180h-019Fh \
  -ASFR4=0200h-021Fh -ASFR5=0280h-029Fh -ASFR6=0300h-031Fh \
  -ASFR7=0380h-039Fh -ASFR8=0400h-041Fh -ASFR9=0480h-049Fh \
  -ASFR10=0500h-051Fh -ASFR11=0580h-059Fh -ASFR12=0600h-061Fh \
  -ASFR13=0680h-069Fh -ASFR14=0700h-071Fh -ASFR15=0780h-079Fh \
  -ASFR16=0800h-081Fh -ASFR17=0880h-089Fh -ASFR18=0900h-091Fh \
  -ASFR19=0980h-099Fh -ASFR20=0A00h-0A1Fh -ASFR21=0A80h-0A9Fh \
  -ASFR22=0B00h-0B1Fh -ASFR23=0B80h-0B9Fh -ASFR24=0C00h-0C1Fh \
  -ASFR25=0C80h-0C9Fh -ASFR26=0D00h-0D6Fh -ASFR27=0D80h-0DEFh \
  -ASFR28=0E00h-0E6Fh -ASFR29=0E80h-0EEFh -ASFR30=0F00h-0F6Fh \
  -ASFR31=0F80h-0FEFh -ACONFIG=08007h-08008h -DCONFIG=2 \
  -AIDLOC=08000h-08003h -DIDLOC=2 -AEEDATA=00h-0FFh/0F000h \
  -peeprom_data=EEDATA -DEEDATA=2 -DCODE=2 -DSTRCODE=2 -DSTRING=2 -DCONST=2 \
  -DENTRY=2 -preset_vec=00h,intentry=04h,init,end_init -ppowerup=CODE \
  -pcinit=CODE -pfunctab=ENTRY -k /tmp/xcjOHe6n0.o \
  dist/default/production/rtSolder.X.production.o 

Object code version is 3.11

Machine type is 16F1788



                Name                               Link     Load   Length Selector   Space Scale
/tmp/xcjOHe6n0.o
                end_init                             1C       1C        2        8       0
                reset_vec                             0        0        2        0       0
                config                             8007     8007        2        0       4
dist/default/production/rtSolder.X.production.o
                cinit                                1E       1E       41        8       0
                intentry                              4        4       18        8       0
                eeprom_data                           0     F000        8    1E000       3
                config                             8007     8007        2        0       4
                text62                             2EF6     2EF6        5     5DEC       0
                text61                             2F8B     2F8B       12     5F16       0
                text60                             266B     266B       78     4CD6       0
                text59                             2F7C     2F7C        F     5EF8       0
                text58                             2F00     2F00        6     5E00       0
                text57                                2        2        1        0       0
                text56                             2FD4     2FD4       14     5FA8       0
                text54                             2F61     2F61        D     5EC2       0
                text53                             2EF2     2EF2        4     5DE4       0
                text52                             2F32     2F32        B     5E64       0
                text51                             2F06     2F06        6     5E0C       0
                text50                             22F0     22F0       34     45E0       0
                text49                             2F0C     2F0C        6     5E18       0
                text48                             221F     221F       1C     443E       0
                text47                             2EEF     2EEF        3     5DDE       0
                text46                             2F9D     2F9D       12     5F3A       0
                text45                             21A3     21A3        3     4346       0
                text44                             2F3D     2F3D        C     5E7A       0
                text43                             2F28     2F28        A     5E50       0
                text42                             2F20     2F20        8     5E40       0
                text41                             2EFB     2EFB        5     5DF6       0
                text40                             2F6E     2F6E        E     5EDC       0
                text39                             2F12     2F12        7     5E24       0
                text38                             2F19     2F19        7     5E32       0
                text37                             2FC1     2FC1       13     5F82       0
                text36                             259A     259A       64     4B34       0
                text35                             23E7     23E7       4A     47CE       0
                text34                             2258     2258       20     44B0       0
                text33                             21EA     21EA       1A     43D4       0
                text32                             2204     2204       1B     4408       0
                text31                             10CF     10CF      103     219E       0
                text30                             18E8     18E8       BB     31D0       0
                text29                             247F     247F       5C     48FE       0
                text28                             10C7     10C7        8     218E       0
                text27                             25FE     25FE       6D     4BFC       0
                text26                             2FE8     2FE8       18     5FD0       0
                text25                             223B     223B       1D     4476       0
                text24                             2761     2761       9F     4EC2       0
                text23                             1A80     1A80       F5     3500       0
                text22                             19A3     19A3       DD     3346       0
                text21                             21BA     21BA       18     4374       0
                text20                                3        3        1        6       0
                text19                             2358     2358       47     46B0       0
                text18                             2278     2278       25     44F0       0
                text17                             21D2     21D2       18     43A4       0
                text16                             2431     2431       4E     4862       0
                text15                             1CB3     1CB3      14D     3966       0
                text14                             1B75     1B75      13E     36EA       0
                text13                             2324     2324       34     4648       0
                text12                             229D     229D       27     453A       0
                text11                             11D2     11D2      237     23A4       0
                text10                             26E3     26E3       7E     4DC6       0
                text9                              2FAF     2FAF       12     5F5E       0
                text8                              1810     1810       34     3020       0
                text7                              22C4     22C4       2C     4588       0
                text6                              1800     1800       10     2812       0
                text5                              21A6     21A6       14     434C       0
                text4                              1844     1844       A4     3088       0
                text3                              239F     239F       48     473E       0
                text2                              24DB     24DB       5D     49B6       0
                text1                              1409     1409      3F7     2812       0
                maintext                           2538     2538       62     4A70       0
                cstackBANK0                          20       20       50       20       1
                cstackCOMMON                         70       70        6       70       1
                cstackBANK1                          D4       D4       1C       A0       1
                clrtext                            2F49     2F49        C     5E92       0
                inittext                           2F55     2F55        C     5EAA       0
                bssBANK4                            220      220       40      220       1
                bssBANK3                            1A0      1A0       20      1A0       1
                bssBANK2                            120      120       50      120       1
                bssBANK1                             A0       A0       34       A0       1
                bssCOMMON                            76       76        4       70       1
                stringtext18                       306E     306E        4     6000       0
                stringtext17                       3069     3069        5     6000       0
                stringtext16                       3064     3064        5     6000       0
                stringtext15                       305F     305F        5     6000       0
                stringtext14                       3059     3059        6     6000       0
                stringtext13                       3052     3052        7     6000       0
                stringtext12                       304B     304B        7     6000       0
                stringtext11                       3044     3044        7     6000       0
                stringtext10                       303C     303C        8     6000       0
                stringtext9                        3031     3031        B     6000       0
                stringtext8                        3026     3026        B     6000       0
                stringtext7                        301A     301A        C     6000       0
                stringtext6                        300E     300E        C     6000       0
                stringtext5                        3000     3000        E     6000       0
                nvBANK3                             1C0      1C0        2      1A0       1
                stringtext4                        2000     2000      1A3     4000       0
                stringtext3                         C8F      C8F      438       BE       0
                stringtext2                         677      677      618       BE       0
                stringtext1                          5F       5F      618       BE       0
                idataBIGRAM                        1E00     1E00      200     3C00       0

TOTAL           Name                               Link     Load   Length     Space
        CLASS   STACK          

        CLASS   CODE           
                end_init                             1C       1C        2         0
                cinit                                1E       1E       41         0
                intentry                              4        4       18         0
                reset_vec                             0        0        2         0
                text62                             2EF6     2EF6        5         0
                text61                             2F8B     2F8B       12         0
                text60                             266B     266B       78         0
                text59                             2F7C     2F7C        F         0
                text58                             2F00     2F00        6         0
                text57                                2        2        1         0
                text56                             2FD4     2FD4       14         0
                text54                             2F61     2F61        D         0
                text53                             2EF2     2EF2        4         0
                text52                             2F32     2F32        B         0
                text51                             2F06     2F06        6         0
                text50                             22F0     22F0       34         0
                text49                             2F0C     2F0C        6         0
                text48                             221F     221F       1C         0
                text47                             2EEF     2EEF        3         0
                text46                             2F9D     2F9D       12         0
                text45                             21A3     21A3        3         0
                text44                             2F3D     2F3D        C         0
                text43                             2F28     2F28        A         0
                text42                             2F20     2F20        8         0
                text41                             2EFB     2EFB        5         0
                text40                             2F6E     2F6E        E         0
                text39                             2F12     2F12        7         0
                text38                             2F19     2F19        7         0
                text37                             2FC1     2FC1       13         0
                text36                             259A     259A       64         0
                text35                             23E7     23E7       4A         0
                text34                             2258     2258       20         0
                text33                             21EA     21EA       1A         0
                text32                             2204     2204       1B         0
                text31                             10CF     10CF      103         0
                text30                             18E8     18E8       BB         0
                text29                             247F     247F       5C         0
                text28                             10C7     10C7        8         0
                text27                             25FE     25FE       6D         0
                text26                             2FE8     2FE8       18         0
                text25                             223B     223B       1D         0
                text24                             2761     2761       9F         0
                text23                             1A80     1A80       F5         0
                text22                             19A3     19A3       DD         0
                text21                             21BA     21BA       18         0
                text20                                3        3        1         0
                text19                             2358     2358       47         0
                text18                             2278     2278       25         0
                text17                             21D2     21D2       18         0
                text16                             2431     2431       4E         0
                text15                             1CB3     1CB3      14D         0
                text14                             1B75     1B75      13E         0
                text13                             2324     2324       34         0
                text12                             229D     229D       27         0
                text11                             11D2     11D2      237         0
                text10                             26E3     26E3       7E         0
                text9                              2FAF     2FAF       12         0
                text8                              1810     1810       34         0
                text7                              22C4     22C4       2C         0
                text6                              1800     1800       10         0
                text5                              21A6     21A6       14         0
                text4                              1844     1844       A4         0
                text3                              239F     239F       48         0
                text2                              24DB     24DB       5D         0
                text1                              1409     1409      3F7         0
                maintext                           2538     2538       62         0
                clrtext                            2F49     2F49        C         0
                inittext                           2F55     2F55        C         0
                idataBIGRAM                        1E00     1E00      200         0

        CLASS   STRCODE        
                stringtext18                       306E     306E        4         0
                stringtext17                       3069     3069        5         0
                stringtext16                       3064     3064        5         0
                stringtext15                       305F     305F        5         0
                stringtext14                       3059     3059        6         0
                stringtext13                       3052     3052        7         0
                stringtext12                       304B     304B        7         0
                stringtext11                       3044     3044        7         0
                stringtext10                       303C     303C        8         0
                stringtext9                        3031     3031        B         0
                stringtext8                        3026     3026        B         0
                stringtext7                        301A     301A        C         0
                stringtext6                        300E     300E        C         0
                stringtext5                        3000     3000        E         0
                stringtext4                        2000     2000      1A3         0
                stringtext3                         C8F      C8F      438         0
                stringtext2                         677      677      618         0
                stringtext1                          5F       5F      618         0

        CLASS   STRING         

        CLASS   CONST          

        CLASS   ENTRY          

        CLASS   COMMON         
                cstackCOMMON                         70       70        6         1
                bssCOMMON                            76       76        4         1

        CLASS   BANK0          
                cstackBANK0                          20       20       50         1

        CLASS   BANK1          
                cstackBANK1                          D4       D4       1C         1
                bssBANK1                             A0       A0       34         1

        CLASS   BANK2          
                bssBANK2                            120      120       50         1

        CLASS   BANK3          
                bssBANK3                            1A0      1A0       20         1
                nvBANK3                             1C0      1C0        2         1

        CLASS   BANK4          
                bssBANK4                            220      220       40         1

        CLASS   BANK5          

        CLASS   BANK6          

        CLASS   BANK7          

        CLASS   BANK8          

        CLASS   BANK9          

        CLASS   BANK10         

        CLASS   BANK11         

        CLASS   BANK12         

        CLASS   BANK13         

        CLASS   BANK14         

        CLASS   BANK15         

        CLASS   BANK16         

        CLASS   BANK17         

        CLASS   BANK18         

        CLASS   BANK19         

        CLASS   BANK20         

        CLASS   BANK21         

        CLASS   BANK22         

        CLASS   BANK23         

        CLASS   BANK24         

        CLASS   BANK25         

        CLASS   BIGRAM         

        CLASS   RAM            

        CLASS   ABS1           
                abs_s1                               7E       7E        2         1
                abs_s1                              9A0      9A0       50         1
                abs_s1                              A20      A20       50         1
                abs_s1                              AA0      AA0       50         1
                abs_s1                              B20      B20       50         1
                abs_s1                              BA0      BA0       50         1
                abs_s1                              C20      C20       50         1
                abs_s1                              CA0      CA0       20         1
                abs_s1                             25F0     25F0        0         1

        CLASS   SFR0           

        CLASS   SFR1           

        CLASS   SFR2           

        CLASS   SFR3           

        CLASS   SFR4           

        CLASS   SFR5           

        CLASS   SFR6           

        CLASS   SFR7           

        CLASS   SFR8           

        CLASS   SFR9           

        CLASS   SFR10          

        CLASS   SFR11          

        CLASS   SFR12          

        CLASS   SFR13          

        CLASS   SFR14          

        CLASS   SFR15          

        CLASS   SFR16          

        CLASS   SFR17          

        CLASS   SFR18          

        CLASS   SFR19          

        CLASS   SFR20          

        CLASS   SFR21          

        CLASS   SFR22          

        CLASS   SFR23          

        CLASS   SFR24          

        CLASS   SFR25          

        CLASS   SFR26          

        CLASS   SFR27          

        CLASS   SFR28          

        CLASS   SFR29          

        CLASS   SFR30          

        CLASS   SFR31          

        CLASS   CONFIG         
                config                             8007     8007        2         4

        CLASS   IDLOC          

        CLASS   EEDATA         
                eeprom_data                           0     F000        8         3

        CLASS   BANK31         

        CLASS   BANK30         

        CLASS   BANK29         

        CLASS   BANK28         

        CLASS   BANK27         

        CLASS   BANK26         



SEGMENTS        Name                           Load    Length   Top    Selector   Space  Class     Delta

                text21                         0021BA  000018  0021D2      4374       0  CODE        2
                text26                         002FE8  000018  003000      5FD0       0  CODE        2
                text17                         0021D2  000018  0021EA      43A4       0  CODE        2
                text48                         00221F  00001C  00223B      443E       0  CODE        2
                text32                         002204  00001B  00221F      4408       0  CODE        2
                text25                         00223B  00001D  002258      4476       0  CODE        2
                text33                         0021EA  00001A  002204      43D4       0  CODE        2
                text5                          0021A6  000014  0021BA      434C       0  CODE        2
                text44                         002F3D  00000C  002F49      5E7A       0  CODE        2
                text52                         002F32  00000B  002F3D      5E64       0  CODE        2
                inittext                       002F55  00000C  002F61      5EAA       0  CODE        2
                clrtext                        002F49  00000C  002F55      5E92       0  CODE        2
                text42                         002F20  000008  002F28      5E40       0  CODE        2
                text38                         002F19  000007  002F20      5E32       0  CODE        2
                text43                         002F28  00000A  002F32      5E50       0  CODE        2
                text28                         0010C7  000008  0010CF      218E       0  CODE        2
                text54                         002F61  00000D  002F6E      5EC2       0  CODE        2
                text9                          002FAF  000012  002FC1      5F5E       0  CODE        2
                text46                         002F9D  000012  002FAF      5F3A       0  CODE        2
                text56                         002FD4  000014  002FE8      5FA8       0  CODE        2
                text37                         002FC1  000013  002FD4      5F82       0  CODE        2
                stringtext5                    003000  000072  003072      6000       0  STRCODE     2
                text40                         002F6E  00000E  002F7C      5EDC       0  CODE        2
                text61                         002F8B  000012  002F9D      5F16       0  CODE        2
                text59                         002F7C  00000F  002F8B      5EF8       0  CODE        2
                text34                         002258  000020  002278      44B0       0  CODE        2
                reset_vec                      000000  000003  000003         0       0  CODE        2
                text18                         002278  000025  00229D      44F0       0  CODE        2
                text7                          0022C4  00002C  0022F0      4588       0  CODE        2
                text12                         00229D  000027  0022C4      453A       0  CODE        2
                text39                         002F12  000007  002F19      5E24       0  CODE        2
                text51                         002F06  000006  002F0C      5E0C       0  CODE        2
                text45                         0021A3  000003  0021A6      4346       0  CODE        2
                text47                         002EEF  000003  002EF2      5DDE       0  CODE        2
                text20                         000003  000001  000004         6       0  CODE        2
                text53                         002EF2  000004  002EF6      5DE4       0  CODE        2
                text58                         002F00  000006  002F06      5E00       0  CODE        2
                text41                         002EFB  000005  002F00      5DF6       0  CODE        2
                text62                         002EF6  000005  002EFB      5DEC       0  CODE        2
                text49                         002F0C  000006  002F12      5E18       0  CODE        2
                text1                          001409  000407  001810      2812       0  CODE        2
                text11                         0011D2  000237  001409      23A4       0  CODE        2
                stringtext1                    00005F  001068  0010C7        BE       0  STRCODE     2
                text15                         001CB3  00014D  001E00      3966       0  CODE        2
                text14                         001B75  00013E  001CB3      36EA       0  CODE        2
                idataBIGRAM                    001E00  000200  002000      3C00       0  CODE        2
                stringtext4                    002000  0001A3  0021A3      4000       0  STRCODE     2
                bssBANK3                       0001A0  000022  0001C2       1A0       1  BANK3       1
                cstackCOMMON                   000070  00000A  00007A        70       1  COMMON      1
                bssBANK2                       000120  000050  000170       120       1  BANK2       1
                intentry                       000004  00005B  00005F         8       0  CODE        2
                eeprom_data                    00F000  000008  00F008     1E000       3  EEDATA      2
                cstackBANK0                    000020  000050  000070        20       1  BANK0       1
                bssBANK1                       0000A0  000050  0000F0        A0       1  BANK1       1
                bssBANK4                       000220  000040  000260       220       1  BANK4       1
                text16                         002431  00004E  00247F      4862       0  CODE        2
                text35                         0023E7  00004A  002431      47CE       0  CODE        2
                text29                         00247F  00005C  0024DB      48FE       0  CODE        2
                maintext                       002538  000062  00259A      4A70       0  CODE        2
                text2                          0024DB  00005D  002538      49B6       0  CODE        2
                text13                         002324  000034  002358      4648       0  CODE        2
                text50                         0022F0  000034  002324      45E0       0  CODE        2
                text8                          001810  000034  001844      3020       0  CODE        2
                text3                          00239F  000048  0023E7      473E       0  CODE        2
                text19                         002358  000047  00239F      46B0       0  CODE        2
                text30                         0018E8  0000BB  0019A3      31D0       0  CODE        2
                text4                          001844  0000A4  0018E8      3088       0  CODE        2
                text22                         0019A3  0000DD  001A80      3346       0  CODE        2
                text31                         0010CF  000103  0011D2      219E       0  CODE        2
                text23                         001A80  0000F5  001B75      3500       0  CODE        2
                text27                         0025FE  00006D  00266B      4BFC       0  CODE        2
                text36                         00259A  000064  0025FE      4B34       0  CODE        2
                text60                         00266B  000078  0026E3      4CD6       0  CODE        2
                text24                         002761  00009F  002800      4EC2       0  CODE        2
                text10                         0026E3  00007E  002761      4DC6       0  CODE        2


UNUSED ADDRESS RANGES

        Name                Unused          Largest block    Delta
        BANK10           00520-0056F              50           1
        BANK11           005A0-005EF              50           1
        BANK12           00620-0066F              50           1
        BANK13           006A0-006EF              50           1
        BANK14           00720-0076F              50           1
        BANK15           007A0-007EF              50           1
        BANK16           00820-0086F              50           1
        BANK17           008A0-008EF              50           1
        BANK18           00920-0096F              50           1
        BANK3            001C2-001EF              2E           1
        BANK4            00260-0026F              10           1
        BANK5            002A0-002EF              50           1
        BANK6            00320-0036F              50           1
        BANK7            003A0-003EF              50           1
        BANK8            00420-0046F              50           1
        BANK9            004A0-004EF              50           1
        BIGRAM           02000-027EF             7F0           1
        CODE             02800-02EEE             6EF           2
                         03072-03FFF             78E
        COMMON           0007A-0007D               4           1
        CONST            02800-02EEE             100           2
                         03072-03FFF             100
        EEDATA           0F008-0F0FF              F8           2
        ENTRY            02800-02EEE             100           2
                         03072-03FFF             100
        IDLOC            08000-08003               4           2
        RAM              001C2-001EF              2E           1
                         00260-0026F              10
                         002A0-002EF              50
                         00320-0036F              50
                         003A0-003EF              50
                         00420-0046F              50
                         004A0-004EF              50
                         00520-0056F              50
                         005A0-005EF              50
                         00620-0066F              50
                         006A0-006EF              50
                         00720-0076F              50
                         007A0-007EF              50
                         00820-0086F              50
                         008A0-008EF              50
                         00920-0096F              50
        SFR0             00000-0001F              20           1
        SFR1             00080-0009F              20           1
        SFR10            00500-0051F              20           1
        SFR11            00580-0059F              20           1
        SFR12            00600-0061F              20           1
        SFR13            00680-0069F              20           1
        SFR14            00700-0071F              20           1
        SFR15            00780-0079F              20           1
        SFR16            00800-0081F              20           1
        SFR17            00880-0089F              20           1
        SFR18            00900-0091F              20           1
        SFR19            00980-0099F              20           1
        SFR2             00100-0011F              20           1
        SFR20            00A00-00A1F              20           1
        SFR21            00A80-00A9F              20           1
        SFR22            00B00-00B1F              20           1
        SFR23            00B80-00B9F              20           1
        SFR24            00C00-00C1F              20           1
        SFR25            00C80-00C9F              20           1
        SFR26            00D00-00D6F              70           1
        SFR27            00D80-00DEF              70           1
        SFR28            00E00-00E6F              70           1
        SFR29            00E80-00EEF              70           1
        SFR3             00180-0019F              20           1
        SFR30            00F00-00F6F              70           1
        SFR31            00F80-00FEF              70           1
        SFR4             00200-0021F              20           1
        SFR5             00280-0029F              20           1
        SFR6             00300-0031F              20           1
        SFR7             00380-0039F              20           1
        SFR8             00400-0041F              20           1
        SFR9             00480-0049F              20           1
        STACK            02180-025EF             470           1
        STRCODE          02800-02EEE             6EF           2
                         03072-03FFF             F8E
        STRING           02800-02EEE             100           2
                         03072-03FFF             100

                                  Symbol Table

?_ADC_GetConversionResult                   cstackCOMMON 00070
?___aodiv                                   cstackBANK0  00020
?___aomod                                   cstackBANK0  00020
?___lwdiv                                   cstackBANK0  00024
?___lwmod                                   cstackBANK0  00020
?___wmul                                    cstackBANK0  00020
?_abs                                       cstackBANK0  00032
?_atoi                                      cstackBANK0  00024
?_calc_supply_voltage                       cstackCOMMON 00074
?_calc_tip_temperatur                       cstackCOMMON 00074
?_dtoa                                      cstackBANK0  0003A
?_isdigit                                   cstackCOMMON 00074
?_isspace                                   cstackCOMMON 00074
?_pad                                       cstackBANK0  0002F
?_sprintf                                   cstackBANK1  000D7
?_strlen                                    cstackCOMMON 00074
?_vfpfcnvrt                                 cstackBANK0  00058
?_vfprintf                                  cstackBANK0  0006B
ADC_StartConversion@channel                 cstackCOMMON 00075
DATAEE_ReadByte@bAdd                        cstackCOMMON 00074
DATAEE_WriteByte@GIEBitValue                cstackBANK0  00021
DATAEE_WriteByte@bAdd                       cstackBANK0  00020
DATAEE_WriteByte@bData                      cstackCOMMON 00074
IOCAF0_SetInterruptHandler@InterruptHandler cstackCOMMON 00074
TMR1_SetInterruptHandler@InterruptHandler   cstackCOMMON 00074
TMR1_WriteTimer@timerVal                    cstackCOMMON 00070
_ADCON0                                     (abs)        0009D
_ADCON0bits                                 (abs)        0009D
_ADCON1                                     (abs)        0009E
_ADCON2                                     (abs)        0009F
_ADC_GetConversionResult                    text62       02EF6
_ADC_ISR                                    text60       0266B
_ADC_Initialize                             text54       02F61
_ADC_StartConversion                        text9        02FAF
_ADRESH                                     (abs)        0009C
_ADRESL                                     (abs)        0009B
_ANSELA                                     (abs)        0018C
_ANSELB                                     (abs)        0018D
_ANSELC                                     (abs)        0018E
_AN_IN_Temp                                 bssBANK1     000B0
_AN_IN_U_Supply                             bssBANK1     000AE
_AN_Sample                                  bssBANK4     00220
_APFCON1                                    (abs)        0011D
_APFCON2                                    (abs)        0011C
_BORCON                                     (abs)        00116
_DATAEE_ReadByte                            text44       02F3D
_DATAEE_WriteByte                           text34       02258
_EEADRL                                     (abs)        00191
_EECON1bits                                 (abs)        00195
_EECON2                                     (abs)        00196
_EEDATL                                     (abs)        00193
_EE_AutoOff                                 bssBANK1     000C1
_EE_soll_Power                              bssBANK1     000C2
_EE_solltemperatur                          bssBANK1     000C3
_FVRCON                                     (abs)        00117
_FVR_Initialize                             text53       02EF2
_INTCONbits                                 (abs)        0000B
_INTERRUPT_InterruptManager                 intentry     00004
_IOCAF0_DefaultInterruptHandler             (abs)        00000
_IOCAF0_InterruptHandler                    nvBANK3      001C0
_IOCAF0_SetInterruptHandler                 text51       02F06
_IOCAFbits                                  (abs)        00393
_IOCANbits                                  (abs)        00392
_IOCAPbits                                  (abs)        00391
_LATA                                       (abs)        0010C
_LATB                                       (abs)        0010D
_LATC                                       (abs)        0010E
_LATCbits                                   (abs)        0010E
_ODCONA                                     (abs)        0028C
_ODCONB                                     (abs)        0028D
_ODCONC                                     (abs)        0028E
_OPTION_REGbits                             (abs)        00095
_OSCCON                                     (abs)        00099
_OSCILLATOR_Initialize                      text52       02F32
_OSCSTAT                                    (abs)        0009A
_OSCTUNE                                    (abs)        00098
_PIE1bits                                   (abs)        00091
_PIN_MANAGER_Initialize                     text50       022F0
_PIR1bits                                   (abs)        00011
_PLLR                                       (abs)        004D6
_PORTAbits                                  (abs)        0000C
_PORTBbits                                  (abs)        0000D
_SLRCONA                                    (abs)        0030C
_SLRCONB                                    (abs)        0030D
_SLRCONC                                    (abs)        0030E
_SSP1ADD                                    (abs)        00212
_SSP1BUF                                    (abs)        00211
_SSP1CON1bits                               (abs)        00215
_SSP1CON2                                   (abs)        00216
_SSP1CON2bits                               (abs)        00216
_SSP1STATbits                               (abs)        00214
_SYSTEM_Initialize                          text46       02F9D
_T1CON                                      (abs)        00018
_T1CONbits                                  (abs)        00018
_T1GCON                                     (abs)        00019
_TEMP_SOLL                                  bssBANK1     000A8
_TMR1H                                      (abs)        00017
_TMR1L                                      (abs)        00016
_TMR1_DefaultInterruptHandler               text57       00002
_TMR1_ISR                                   text56       02FD4
_TMR1_Initialize                            text48       0221F
_TMR1_InterruptHandler                      bssBANK2     0014E
_TMR1_SetInterruptHandler                   text49       02F0C
_TMR1_StartTimer                            text45       021A3
_TMR1_WriteTimer                            text59       02F7C
_TRISA                                      (abs)        0008C
_TRISB                                      (abs)        0008D
_TRISC                                      (abs)        0008E
_TRISCbits                                  (abs)        0008E
_TRISE                                      (abs)        00090
_Temp_Anz_Filter                            bssBANK2     00120
_Temp_Anz_pos                               bssBANK1     000C7
_Temperatur_Anzeige                         bssBANK1     000A6
_Temperatur_TIP                             bssBANK1     000AC
_U_Supply                                   bssBANK1     000AA
_WDTCON                                     (abs)        00097
_WDT_Initialize                             text47       02EEF
_WPUA                                       (abs)        0020C
_WPUB                                       (abs)        0020D
_WPUC                                       (abs)        0020E
_WPUE                                       (abs)        00210
__Beeprom_data                              eeprom_data  0F000
__Habs1                                     abs1         00000
__Hbank0                                    bank0        00000
__Hbank1                                    bank1        00000
__Hbank10                                   bank10       00000
__Hbank11                                   bank11       00000
__Hbank12                                   bank12       00000
__Hbank13                                   bank13       00000
__Hbank14                                   bank14       00000
__Hbank15                                   bank15       00000
__Hbank16                                   bank16       00000
__Hbank17                                   bank17       00000
__Hbank18                                   bank18       00000
__Hbank19                                   bank19       00000
__Hbank2                                    bank2        00000
__Hbank20                                   bank20       00000
__Hbank21                                   bank21       00000
__Hbank22                                   bank22       00000
__Hbank23                                   bank23       00000
__Hbank24                                   bank24       00000
__Hbank25                                   bank25       00000
__Hbank26                                   bank26       00000
__Hbank27                                   bank27       00000
__Hbank28                                   bank28       00000
__Hbank29                                   bank29       00000
__Hbank3                                    bank3        00000
__Hbank30                                   bank30       00000
__Hbank31                                   bank31       00000
__Hbank4                                    bank4        00000
__Hbank5                                    bank5        00000
__Hbank6                                    bank6        00000
__Hbank7                                    bank7        00000
__Hbank8                                    bank8        00000
__Hbank9                                    bank9        00000
__Hbigram                                   bigram       00000
__HbssBANK1                                 bssBANK1     00000
__HbssBANK2                                 bssBANK2     00000
__HbssBANK3                                 bssBANK3     00000
__HbssBANK4                                 bssBANK4     00000
__HbssCOMMON                                bssCOMMON    00000
__Hcinit                                    cinit        0005F
__Hclrtext                                  clrtext      00000
__Hcode                                     code         00000
__Hcommon                                   common       00000
__Hconfig                                   config       08009
__HcstackBANK0                              cstackBANK0  00000
__HcstackBANK1                              cstackBANK1  00000
__HcstackCOMMON                             cstackCOMMON 00000
__Heeprom_data                              eeprom_data  00008
__Hend_init                                 end_init     0001E
__Hfunctab                                  functab      00000
__HidataBIGRAM                              idataBIGRAM  00000
__Hinit                                     init         0001C
__Hinittext                                 inittext     00000
__Hintentry                                 intentry     0001C
__Hmaintext                                 maintext     00000
__HnvBANK3                                  nvBANK3      00000
__Hpowerup                                  powerup      00000
__Hram                                      ram          00000
__Hreset_vec                                reset_vec    00002
__Hsfr0                                     sfr0         00000
__Hsfr1                                     sfr1         00000
__Hsfr10                                    sfr10        00000
__Hsfr11                                    sfr11        00000
__Hsfr12                                    sfr12        00000
__Hsfr13                                    sfr13        00000
__Hsfr14                                    sfr14        00000
__Hsfr15                                    sfr15        00000
__Hsfr16                                    sfr16        00000
__Hsfr17                                    sfr17        00000
__Hsfr18                                    sfr18        00000
__Hsfr19                                    sfr19        00000
__Hsfr2                                     sfr2         00000
__Hsfr20                                    sfr20        00000
__Hsfr21                                    sfr21        00000
__Hsfr22                                    sfr22        00000
__Hsfr23                                    sfr23        00000
__Hsfr24                                    sfr24        00000
__Hsfr25                                    sfr25        00000
__Hsfr26                                    sfr26        00000
__Hsfr27                                    sfr27        00000
__Hsfr28                                    sfr28        00000
__Hsfr29                                    sfr29        00000
__Hsfr3                                     sfr3         00000
__Hsfr30                                    sfr30        00000
__Hsfr31                                    sfr31        00000
__Hsfr4                                     sfr4         00000
__Hsfr5                                     sfr5         00000
__Hsfr6                                     sfr6         00000
__Hsfr7                                     sfr7         00000
__Hsfr8                                     sfr8         00000
__Hsfr9                                     sfr9         00000
__Hspace_0                                  (abs)        03072
__Hspace_1                                  (abs)        00260
__Hspace_2                                  (abs)        00000
__Hspace_3                                  (abs)        00008
__Hspace_4                                  (abs)        10010
__Hstack                                    stack        00000
__Hstrings                                  strings      00000
__Hstringtext1                              stringtext1  00000
__Hstringtext10                             stringtext10 00000
__Hstringtext11                             stringtext11 00000
__Hstringtext12                             stringtext12 00000
__Hstringtext13                             stringtext13 00000
__Hstringtext14                             stringtext14 00000
__Hstringtext15                             stringtext15 00000
__Hstringtext16                             stringtext16 00000
__Hstringtext17                             stringtext17 00000
__Hstringtext18                             stringtext18 00000
__Hstringtext19                             stringtext19 00000
__Hstringtext2                              stringtext2  00000
__Hstringtext3                              stringtext3  00000
__Hstringtext4                              stringtext4  00000
__Hstringtext5                              stringtext5  00000
__Hstringtext6                              stringtext6  00000
__Hstringtext7                              stringtext7  00000
__Hstringtext8                              stringtext8  00000
__Hstringtext9                              stringtext9  00000
__Htext                                     text         00000
__Labs1                                     abs1         00000
__Lbank0                                    bank0        00000
__Lbank1                                    bank1        00000
__Lbank10                                   bank10       00000
__Lbank11                                   bank11       00000
__Lbank12                                   bank12       00000
__Lbank13                                   bank13       00000
__Lbank14                                   bank14       00000
__Lbank15                                   bank15       00000
__Lbank16                                   bank16       00000
__Lbank17                                   bank17       00000
__Lbank18                                   bank18       00000
__Lbank19                                   bank19       00000
__Lbank2                                    bank2        00000
__Lbank20                                   bank20       00000
__Lbank21                                   bank21       00000
__Lbank22                                   bank22       00000
__Lbank23                                   bank23       00000
__Lbank24                                   bank24       00000
__Lbank25                                   bank25       00000
__Lbank26                                   bank26       00000
__Lbank27                                   bank27       00000
__Lbank28                                   bank28       00000
__Lbank29                                   bank29       00000
__Lbank3                                    bank3        00000
__Lbank30                                   bank30       00000
__Lbank31                                   bank31       00000
__Lbank4                                    bank4        00000
__Lbank5                                    bank5        00000
__Lbank6                                    bank6        00000
__Lbank7                                    bank7        00000
__Lbank8                                    bank8        00000
__Lbank9                                    bank9        00000
__Lbigram                                   bigram       00000
__LbssBANK1                                 bssBANK1     00000
__LbssBANK2                                 bssBANK2     00000
__LbssBANK3                                 bssBANK3     00000
__LbssBANK4                                 bssBANK4     00000
__LbssCOMMON                                bssCOMMON    00000
__Lcinit                                    cinit        0001E
__Lclrtext                                  clrtext      00000
__Lcode                                     code         00000
__Lcommon                                   common       00000
__Lconfig                                   config       00000
__LcstackBANK0                              cstackBANK0  00000
__LcstackBANK1                              cstackBANK1  00000
__LcstackCOMMON                             cstackCOMMON 00000
__Leeprom_data                              eeprom_data  00000
__Lend_init                                 end_init     0001C
__Lfunctab                                  functab      00000
__LidataBIGRAM                              idataBIGRAM  00000
__Linit                                     init         0001C
__Linittext                                 inittext     00000
__Lintentry                                 intentry     00004
__Lmaintext                                 maintext     00000
__LnvBANK3                                  nvBANK3      00000
__Lpowerup                                  powerup      00000
__Lram                                      ram          00000
__Lreset_vec                                reset_vec    00000
__Lsfr0                                     sfr0         00000
__Lsfr1                                     sfr1         00000
__Lsfr10                                    sfr10        00000
__Lsfr11                                    sfr11        00000
__Lsfr12                                    sfr12        00000
__Lsfr13                                    sfr13        00000
__Lsfr14                                    sfr14        00000
__Lsfr15                                    sfr15        00000
__Lsfr16                                    sfr16        00000
__Lsfr17                                    sfr17        00000
__Lsfr18                                    sfr18        00000
__Lsfr19                                    sfr19        00000
__Lsfr2                                     sfr2         00000
__Lsfr20                                    sfr20        00000
__Lsfr21                                    sfr21        00000
__Lsfr22                                    sfr22        00000
__Lsfr23                                    sfr23        00000
__Lsfr24                                    sfr24        00000
__Lsfr25                                    sfr25        00000
__Lsfr26                                    sfr26        00000
__Lsfr27                                    sfr27        00000
__Lsfr28                                    sfr28        00000
__Lsfr29                                    sfr29        00000
__Lsfr3                                     sfr3         00000
__Lsfr30                                    sfr30        00000
__Lsfr31                                    sfr31        00000
__Lsfr4                                     sfr4         00000
__Lsfr5                                     sfr5         00000
__Lsfr6                                     sfr6         00000
__Lsfr7                                     sfr7         00000
__Lsfr8                                     sfr8         00000
__Lsfr9                                     sfr9         00000
__Lspace_0                                  (abs)        00000
__Lspace_1                                  (abs)        00000
__Lspace_2                                  (abs)        00000
__Lspace_3                                  (abs)        00000
__Lspace_4                                  (abs)        00000
__Lstack                                    stack        00000
__Lstrings                                  strings      00000
__Lstringtext1                              stringtext1  00000
__Lstringtext10                             stringtext10 00000
__Lstringtext11                             stringtext11 00000
__Lstringtext12                             stringtext12 00000
__Lstringtext13                             stringtext13 00000
__Lstringtext14                             stringtext14 00000
__Lstringtext15                             stringtext15 00000
__Lstringtext16                             stringtext16 00000
__Lstringtext17                             stringtext17 00000
__Lstringtext18                             stringtext18 00000
__Lstringtext19                             stringtext19 00000
__Lstringtext2                              stringtext2  00000
__Lstringtext3                              stringtext3  00000
__Lstringtext4                              stringtext4  00000
__Lstringtext5                              stringtext5  00000
__Lstringtext6                              stringtext6  00000
__Lstringtext7                              stringtext7  00000
__Lstringtext8                              stringtext8  00000
__Lstringtext9                              stringtext9  00000
__Ltext                                     text         00000
__S0                                        (abs)        03072
__S1                                        (abs)        00260
__S2                                        (abs)        00000
__S3                                        (abs)        0F008
___aodiv                                    text23       01A80
___aodiv@counter                            cstackBANK0  00030
___aodiv@dividend                           cstackBANK0  00028
___aodiv@divisor                            cstackBANK0  00020
___aodiv@quotient                           cstackBANK0  00032
___aodiv@sign                               cstackBANK0  00031
___aomod                                    text22       019A3
___aomod@counter                            cstackBANK0  00030
___aomod@dividend                           cstackBANK0  00028
___aomod@divisor                            cstackBANK0  00020
___aomod@sign                               cstackBANK0  00031
___int_sp                                   stack        00000
___latbits                                  (abs)        00003
___lwdiv                                    text8        01810
___lwdiv@counter                            cstackBANK0  0002B
___lwdiv@dividend                           cstackBANK0  00026
___lwdiv@divisor                            cstackBANK0  00024
___lwdiv@quotient                           cstackBANK0  00029
___lwmod                                    text7        022C4
___lwmod@counter                            cstackCOMMON 00075
___lwmod@dividend                           cstackBANK0  00022
___lwmod@divisor                            cstackBANK0  00020
___sp                                       stack        00000
___stackhi                                  (abs)        025EF
___stacklo                                  (abs)        02180
___wmul                                     text32       02204
___wmul@multiplicand                        cstackBANK0  00022
___wmul@multiplier                          cstackBANK0  00020
___wmul@product                             cstackCOMMON 00074
__end_of_ADC_GetConversionResult            text62       02EFB
__end_of_ADC_ISR                            text60       026E3
__end_of_ADC_Initialize                     text54       02F6E
__end_of_ADC_StartConversion                text9        02FC1
__end_of_DATAEE_ReadByte                    text44       02F49
__end_of_DATAEE_WriteByte                   text34       02278
__end_of_FVR_Initialize                     text53       02EF6
__end_of_INTERRUPT_InterruptManager         intentry     0001C
__end_of_IOCAF0_SetInterruptHandler         text51       02F0C
__end_of_OSCILLATOR_Initialize              text52       02F3D
__end_of_PIN_MANAGER_Initialize             text50       02324
__end_of_SYSTEM_Initialize                  text46       02FAF
__end_of_TMR1_DefaultInterruptHandler       text57       00003
__end_of_TMR1_ISR                           text56       02FE8
__end_of_TMR1_Initialize                    text48       0223B
__end_of_TMR1_SetInterruptHandler           text49       02F12
__end_of_TMR1_StartTimer                    text45       021A6
__end_of_TMR1_WriteTimer                    text59       02F8B
__end_of_WDT_Initialize                     text47       02EF2
__end_of___aodiv                            text23       01B75
__end_of___aomod                            text22       01A80
__end_of___lwdiv                            text8        01844
__end_of___lwmod                            text7        022F0
__end_of___wmul                             text32       0221F
__end_of__initialization                    cinit        0005B
__end_of_abs                                text21       021D2
__end_of_atoi                               text24       02800
__end_of_calc_supply_voltage                text6        01810
__end_of_calc_tip_temperatur                text5        021BA
__end_of_dtoa                               text15       01E00
__end_of_fb_clear                           text33       02204
__end_of_fb_draw_char                       text3        023E7
__end_of_fb_draw_char_big                   text4        018E8
__end_of_fb_draw_char_super_big             text31       011D2
__end_of_fb_draw_string                     text2        02538
__end_of_fb_draw_string_big                 text30       019A3
__end_of_fb_show                            text28       010CF
__end_of_font                               stringtext4  021A3
__end_of_font2                              stringtext2  00C8F
__end_of_font2@font$F1117                   stringtext1  00677
__end_of_font_3                             stringtext3  010C7
__end_of_fputc                              text19       0239F
__end_of_fputs                              text18       0229D
__end_of_get_switch_state                   text27       0266B
__end_of_idleI2C                            text42       02F28
__end_of_initI2C                            text43       02F32
__end_of_init_system                        text35       02431
__end_of_isdigit                            text26       03000
__end_of_isspace                            text25       02258
__end_of_lcd_init                           text36       025FE
__end_of_lcd_sendCommand                    text37       02FD4
__end_of_lcd_sendFramebuffer                text29       024DB
__end_of_main                               maintext     0259A
__end_of_pad                                text16       0247F
__end_of_proc_menue                         text11       01409
__end_of_proc_off                           text10       02761
__end_of_proc_solder                        text1        01800
__end_of_putch                              text20       00004
__end_of_sendI2C                            text40       02F7C
__end_of_sprintf                            text12       022C4
__end_of_startI2C                           text39       02F19
__end_of_stopI2C                            text38       02F20
__end_of_strlen                             text17       021EA
__end_of_timer1_fired                       text58       02F06
__end_of_vfpfcnvrt                          text14       01CB3
__end_of_vfprintf                           text13       02358
__end_of_waitI2C                            text41       02F00
__end_ofi1_ADC_StartConversion              text61       02F9D
__initialization                            cinit        0001E
__pbssBANK1                                 bssBANK1     000A0
__pbssBANK2                                 bssBANK2     00120
__pbssBANK3                                 bssBANK3     001A0
__pbssBANK4                                 bssBANK4     00220
__pbssCOMMON                                bssCOMMON    00076
__pcstackBANK0                              cstackBANK0  00020
__pcstackBANK1                              cstackBANK1  000D4
__pcstackCOMMON                             cstackCOMMON 00070
__pdataBIGRAM                               (abs)        025F0
__pidataBIGRAM                              idataBIGRAM  01E00
__pintentry                                 intentry     00004
__pmaintext                                 maintext     02538
__pnvBANK3                                  nvBANK3      001C0
__pstringtext1                              stringtext1  0005F
__pstringtext10                             stringtext10 0303C
__pstringtext11                             stringtext11 03044
__pstringtext12                             stringtext12 0304B
__pstringtext13                             stringtext13 03052
__pstringtext14                             stringtext14 03059
__pstringtext15                             stringtext15 0305F
__pstringtext16                             stringtext16 03064
__pstringtext17                             stringtext17 03069
__pstringtext18                             stringtext18 0306E
__pstringtext19                             stringtext19 00000
__pstringtext2                              stringtext2  00677
__pstringtext3                              stringtext3  00C8F
__pstringtext4                              stringtext4  02000
__pstringtext5                              stringtext5  03000
__pstringtext6                              stringtext6  0300E
__pstringtext7                              stringtext7  0301A
__pstringtext8                              stringtext8  03026
__pstringtext9                              stringtext9  03031
__ptext1                                    text1        01409
__ptext10                                   text10       026E3
__ptext11                                   text11       011D2
__ptext12                                   text12       0229D
__ptext13                                   text13       02324
__ptext14                                   text14       01B75
__ptext15                                   text15       01CB3
__ptext16                                   text16       02431
__ptext17                                   text17       021D2
__ptext18                                   text18       02278
__ptext19                                   text19       02358
__ptext2                                    text2        024DB
__ptext20                                   text20       00003
__ptext21                                   text21       021BA
__ptext22                                   text22       019A3
__ptext23                                   text23       01A80
__ptext24                                   text24       02761
__ptext25                                   text25       0223B
__ptext26                                   text26       02FE8
__ptext27                                   text27       025FE
__ptext28                                   text28       010C7
__ptext29                                   text29       0247F
__ptext3                                    text3        0239F
__ptext30                                   text30       018E8
__ptext31                                   text31       010CF
__ptext32                                   text32       02204
__ptext33                                   text33       021EA
__ptext34                                   text34       02258
__ptext35                                   text35       023E7
__ptext36                                   text36       0259A
__ptext37                                   text37       02FC1
__ptext38                                   text38       02F19
__ptext39                                   text39       02F12
__ptext4                                    text4        01844
__ptext40                                   text40       02F6E
__ptext41                                   text41       02EFB
__ptext42                                   text42       02F20
__ptext43                                   text43       02F28
__ptext44                                   text44       02F3D
__ptext45                                   text45       021A3
__ptext46                                   text46       02F9D
__ptext47                                   text47       02EEF
__ptext48                                   text48       0221F
__ptext49                                   text49       02F0C
__ptext5                                    text5        021A6
__ptext50                                   text50       022F0
__ptext51                                   text51       02F06
__ptext52                                   text52       02F32
__ptext53                                   text53       02EF2
__ptext54                                   text54       02F61
__ptext56                                   text56       02FD4
__ptext57                                   text57       00002
__ptext58                                   text58       02F00
__ptext59                                   text59       02F7C
__ptext6                                    text6        01800
__ptext60                                   text60       0266B
__ptext61                                   text61       02F8B
__ptext62                                   text62       02EF6
__ptext7                                    text7        022C4
__ptext8                                    text8        01810
__ptext9                                    text9        02FAF
__size_of_ADC_GetConversionResult           (abs)        00000
__size_of_ADC_ISR                           (abs)        00000
__size_of_ADC_Initialize                    (abs)        00000
__size_of_ADC_StartConversion               (abs)        00000
__size_of_DATAEE_ReadByte                   (abs)        00000
__size_of_DATAEE_WriteByte                  (abs)        00000
__size_of_FVR_Initialize                    (abs)        00000
__size_of_INTERRUPT_InterruptManager        (abs)        00000
__size_of_IOCAF0_SetInterruptHandler        (abs)        00000
__size_of_OSCILLATOR_Initialize             (abs)        00000
__size_of_PIN_MANAGER_Initialize            (abs)        00000
__size_of_SYSTEM_Initialize                 (abs)        00000
__size_of_TMR1_DefaultInterruptHandler      (abs)        00000
__size_of_TMR1_ISR                          (abs)        00000
__size_of_TMR1_Initialize                   (abs)        00000
__size_of_TMR1_SetInterruptHandler          (abs)        00000
__size_of_TMR1_StartTimer                   (abs)        00000
__size_of_TMR1_WriteTimer                   (abs)        00000
__size_of_WDT_Initialize                    (abs)        00000
__size_of___aodiv                           (abs)        00000
__size_of___aomod                           (abs)        00000
__size_of___lwdiv                           (abs)        00000
__size_of___lwmod                           (abs)        00000
__size_of___wmul                            (abs)        00000
__size_of_abs                               (abs)        00000
__size_of_atoi                              (abs)        00000
__size_of_calc_supply_voltage               (abs)        00000
__size_of_calc_tip_temperatur               (abs)        00000
__size_of_dtoa                              (abs)        00000
__size_of_fb_clear                          (abs)        00000
__size_of_fb_draw_char                      (abs)        00000
__size_of_fb_draw_char_big                  (abs)        00000
__size_of_fb_draw_char_super_big            (abs)        00000
__size_of_fb_draw_string                    (abs)        00000
__size_of_fb_draw_string_big                (abs)        00000
__size_of_fb_show                           (abs)        00000
__size_of_fputc                             (abs)        00000
__size_of_fputs                             (abs)        00000
__size_of_get_switch_state                  (abs)        00000
__size_of_idleI2C                           (abs)        00000
__size_of_initI2C                           (abs)        00000
__size_of_init_system                       (abs)        00000
__size_of_isdigit                           (abs)        00000
__size_of_isspace                           (abs)        00000
__size_of_lcd_init                          (abs)        00000
__size_of_lcd_sendCommand                   (abs)        00000
__size_of_lcd_sendFramebuffer               (abs)        00000
__size_of_main                              (abs)        00000
__size_of_pad                               (abs)        00000
__size_of_proc_menue                        (abs)        00000
__size_of_proc_off                          (abs)        00000
__size_of_proc_solder                       (abs)        00000
__size_of_putch                             (abs)        00000
__size_of_sendI2C                           (abs)        00000
__size_of_sprintf                           (abs)        00000
__size_of_startI2C                          (abs)        00000
__size_of_stopI2C                           (abs)        00000
__size_of_strlen                            (abs)        00000
__size_of_timer1_fired                      (abs)        00000
__size_of_vfpfcnvrt                         (abs)        00000
__size_of_vfprintf                          (abs)        00000
__size_of_waitI2C                           (abs)        00000
__size_ofi1_ADC_StartConversion             (abs)        00000
_abs                                        text21       021BA
_an_in_pos                                  bssCOMMON    00079
_atoi                                       text24       02761
_atoi$1815                                  cstackBANK0  0002C
_atoi$1816                                  cstackBANK0  00030
_atoi$1817                                  cstackBANK0  0002E
_buffer                                     (abs)        025F0
_calc_supply_voltage                        text6        01800
_calc_tip_temperatur                        text5        021A6
_counter2ms_blink                           bssBANK1     000B3
_counter2ms_solder                          bssBANK1     000D1
_counter_200ms                              bssBANK2     00148
_counter_minutes                            bssBANK1     000D2
_dbuf                                       bssBANK3     001A0
_display_pulses_per_minute                  bssBANK2     00142
_dtoa                                       text15       01CB3
_dtoa$1780                                  cstackBANK0  00046
_fb_clear                                   text33       021EA
_fb_draw_char                               text3        0239F
_fb_draw_char_big                           text4        01844
_fb_draw_char_super_big                     text31       010CF
_fb_draw_string                             text2        024DB
_fb_draw_string_big                         text30       018E8
_fb_show                                    text28       010C7
_flags                                      bssBANK1     000A4
_font                                       stringtext4  02000
_font2                                      stringtext2  00677
_font_3                                     stringtext3  00C8F
_fputc                                      text19       02358
_fputs                                      text18       02278
_get_switch_state                           text27       025FE
_i                                          bssCOMMON    00078
_idleI2C                                    text42       02F20
_initI2C                                    text43       02F28
_init_system                                text35       023E7
_isdigit                                    text26       02FE8
_isspace                                    text25       0223B
_isspace$1833                               cstackBANK0  00022
_lcd_init                                   text36       0259A
_lcd_sendCommand                            text37       02FC1
_lcd_sendFramebuffer                        text29       0247F
_loads_per_minute                           bssBANK2     0014C
_main                                       maintext     02538
_meassure_number                            bssBANK1     000D3
_mode                                       bssBANK1     000C6
_ne                                         bssBANK1     000B4
_nh                                         bssBANK1     000B6
_nout                                       bssBANK2     00140
_nz                                         bssBANK1     000B5
_pad                                        text16       02431
_prec                                       bssBANK1     000A2
_proc_menue                                 text11       011D2
_proc_menue$2164                            cstackBANK1  000EB
_proc_off                                   text10       026E3
_proc_solder                                text1        01409
_proc_solder$2165                           cstackBANK1  000EC
_putch                                      text20       00003
_sendI2C                                    text40       02F6E
_solder_display_mode                        bssBANK1     000C4
_sprintf                                    text12       0229D
_startI2C                                   text39       02F12
_stopI2C                                    text38       02F19
_strlen                                     text17       021D2
_text_out                                   bssBANK2     00152
_time_counter                               bssBANK2     0014A
_timer1ReloadVal                            bssBANK2     00150
_timer1_fired                               text58       02F00
_tmr1_msg                                   bssBANK1     000CE
_tmr_2ms                                    bssBANK1     000CF
_vfpfcnvrt                                  text14       01B75
_vfpfcnvrt$1795                             cstackBANK0  00068
_vfprintf                                   text13       02324
_waitI2C                                    text41       02EFB
_width                                      bssBANK1     000A0
[...]
      Temps:          0       0       0       0       0       0       0       0       0       0       0       0       0       0       0       0       0       0       0       0       0       0       0       0       0       0       0
      Totals:         0       0       0       0       0       0       0       0       0       0       0       0       0       0       0       0       0       0       0       0       0       0       0       0       0       0       0
Total ram usage:        0 bytes
 Hardware stack levels used:    1
 Hardware stack levels required when called:    2
 This function calls:
		_ADC_ISR
		_TMR1_ISR
 This function is called by:
		Interrupt level 1
 This function uses a non-reentrant model


 *************** function _TMR1_ISR *****************
 Defined at:
		line 157 in file "mcc_generated_files/tmr1.c"
 Parameters:    Size  Location     Type
		None
 Auto vars:     Size  Location     Type
		None
 Return value:  Size  Location     Type
                  1    wreg      void 
 Registers used:
		wreg, status,2, status,0, pclath, cstack
 Tracked objects:
		On entry : 
		On exit  : 
		Unchanged: 
 Data sizes:     COMMON   BANK0   BANK1   BANK2   BANK3   BANK4   BANK5   BANK6   BANK7   BANK8   BANK9  BANK10  BANK11  BANK12  BANK13  BANK14  BANK15  BANK16  BANK17  BANK18  BANK19  BANK20  BANK21  BANK22  BANK23  BANK24  BANK25
      Params:         0       0       0       0       0       0       0       0       0       0       0       0       0       0       0       0       0       0       0       0       0       0       0       0       0       0       0
      Locals:         0       0       0       0       0       0       0       0       0       0       0       0       0       0       0       0       0       0       0       0       0       0       0       0       0       0       0
      Temps:          0       0       0       0       0       0       0       0       0       0       0       0       0       0       0       0       0       0       0       0       0       0       0       0       0       0       0
      Totals:         0       0       0       0       0       0       0       0       0       0       0       0       0       0       0       0       0       0       0       0       0       0       0       0       0       0       0
Total ram usage:        0 bytes
 Hardware stack levels used:    1
 Hardware stack levels required when called:    1
 This function calls:
		Absolute function
		_TMR1_DefaultInterruptHandler
		_TMR1_WriteTimer
		_timer1_fired
 This function is called by:
		_INTERRUPT_InterruptManager
 This function uses a non-reentrant model


 *************** function _TMR1_DefaultInterruptHandler *****************
 Defined at:
		line 175 in file "mcc_generated_files/tmr1.c"
 Parameters:    Size  Location     Type
		None
 Auto vars:     Size  Location     Type
		None
 Return value:  Size  Location     Type
                  1    wreg      void 
 Registers used:
		None
 Tracked objects:
		On entry : 
		On exit  : 
		Unchanged: 
 Data sizes:     COMMON   BANK0   BANK1   BANK2   BANK3   BANK4   BANK5   BANK6   BANK7   BANK8   BANK9  BANK10  BANK11  BANK12  BANK13  BANK14  BANK15  BANK16  BANK17  BANK18  BANK19  BANK20  BANK21  BANK22  BANK23  BANK24  BANK25
      Params:         0       0       0       0       0       0       0       0       0       0       0       0       0       0       0       0       0       0       0       0       0       0       0       0       0       0       0
      Locals:         0       0       0       0       0       0       0       0       0       0       0       0       0       0       0       0       0       0       0       0       0       0       0       0       0       0       0
      Temps:          0       0       0       0       0       0       0       0       0       0       0       0       0       0       0       0       0       0       0       0       0       0       0       0       0       0       0
      Totals:         0       0       0       0       0       0       0       0       0       0       0       0       0       0       0       0       0       0       0       0       0       0       0       0       0       0       0
Total ram usage:        0 bytes
 Hardware stack levels used:    1
 This function calls:
		Nothing
 This function is called by:
		_TMR1_Initialize
		_TMR1_ISR
 This function uses a non-reentrant model


 *************** function _timer1_fired *****************
 Defined at:
		line 124 in file "main.c"
 Parameters:    Size  Location     Type
		None
 Auto vars:     Size  Location     Type
		None
 Return value:  Size  Location     Type
                  1    wreg      void 
 Registers used:
		wreg, status,2, status,0
 Tracked objects:
		On entry : 
		On exit  : 
		Unchanged: 
 Data sizes:     COMMON   BANK0   BANK1   BANK2   BANK3   BANK4   BANK5   BANK6   BANK7   BANK8   BANK9  BANK10  BANK11  BANK12  BANK13  BANK14  BANK15  BANK16  BANK17  BANK18  BANK19  BANK20  BANK21  BANK22  BANK23  BANK24  BANK25
      Params:         0       0       0       0       0       0       0       0       0       0       0       0       0       0       0       0       0       0       0       0       0       0       0       0       0       0       0
      Locals:         0       0       0       0       0       0       0       0       0       0       0       0       0       0       0       0       0       0       0       0       0       0       0       0       0       0       0
      Temps:          1       0       0       0       0       0       0       0       0       0       0       0       0       0       0       0       0       0       0       0       0       0       0       0       0       0       0
      Totals:         1       0       0       0       0       0       0       0       0       0       0       0       0       0       0       0       0       0       0       0       0       0       0       0       0       0       0
Total ram usage:        1 bytes
 Hardware stack levels used:    1
 This function calls:
		Nothing
 This function is called by:
		_main
		_TMR1_ISR
 This function uses a non-reentrant model


 *************** function _TMR1_WriteTimer *****************
 Defined at:
		line 120 in file "mcc_generated_files/tmr1.c"
 Parameters:    Size  Location     Type
  timerVal        2    0[COMMON] unsigned short 
 Auto vars:     Size  Location     Type
		None
 Return value:  Size  Location     Type
                  1    wreg      void 
 Registers used:
		wreg
 Tracked objects:
		On entry : 
		On exit  : 
		Unchanged: 
 Data sizes:     COMMON   BANK0   BANK1   BANK2   BANK3   BANK4   BANK5   BANK6   BANK7   BANK8   BANK9  BANK10  BANK11  BANK12  BANK13  BANK14  BANK15  BANK16  BANK17  BANK18  BANK19  BANK20  BANK21  BANK22  BANK23  BANK24  BANK25
      Params:         2       0       0       0       0       0       0       0       0       0       0       0       0       0       0       0       0       0       0       0       0       0       0       0       0       0       0
      Locals:         0       0       0       0       0       0       0       0       0       0       0       0       0       0       0       0       0       0       0       0       0       0       0       0       0       0       0
      Temps:          0       0       0       0       0       0       0       0       0       0       0       0       0       0       0       0       0       0       0       0       0       0       0       0       0       0       0
      Totals:         2       0       0       0       0       0       0       0       0       0       0       0       0       0       0       0       0       0       0       0       0       0       0       0       0       0       0
Total ram usage:        2 bytes
 Hardware stack levels used:    1
 This function calls:
		Nothing
 This function is called by:
		_TMR1_ISR
 This function uses a non-reentrant model


 *************** function _ADC_ISR *****************
 Defined at:
		line 150 in file "mcc_generated_files/adc.c"
 Parameters:    Size  Location     Type
		None
 Auto vars:     Size  Location     Type
		None
 Return value:  Size  Location     Type
                  1    wreg      void 
 Registers used:
		wreg, fsr1l, fsr1h, status,2, status,0, pclath, cstack
 Tracked objects:
		On entry : 
		On exit  : 
		Unchanged: 
 Data sizes:     COMMON   BANK0   BANK1   BANK2   BANK3   BANK4   BANK5   BANK6   BANK7   BANK8   BANK9  BANK10  BANK11  BANK12  BANK13  BANK14  BANK15  BANK16  BANK17  BANK18  BANK19  BANK20  BANK21  BANK22  BANK23  BANK24  BANK25
      Params:         0       0       0       0       0       0       0       0       0       0       0       0       0       0       0       0       0       0       0       0       0       0       0       0       0       0       0
      Locals:         0       0       0       0       0       0       0       0       0       0       0       0       0       0       0       0       0       0       0       0       0       0       0       0       0       0       0
      Temps:          2       0       0       0       0       0       0       0       0       0       0       0       0       0       0       0       0       0       0       0       0       0       0       0       0       0       0
      Totals:         2       0       0       0       0       0       0       0       0       0       0       0       0       0       0       0       0       0       0       0       0       0       0       0       0       0       0
Total ram usage:        2 bytes
 Hardware stack levels used:    1
 Hardware stack levels required when called:    1
 This function calls:
		_ADC_GetConversionResult
		i1_ADC_StartConversion
 This function is called by:
		_INTERRUPT_InterruptManager
 This function uses a non-reentrant model


 *************** function i1_ADC_StartConversion *****************
 Defined at:
		line 95 in file "mcc_generated_files/adc.c"
 Parameters:    Size  Location     Type
  channel         1    wreg     enum E5669
 Auto vars:     Size  Location     Type
  channel         1    1[COMMON] enum E5669
 Return value:  Size  Location     Type
                  1    wreg      void 
 Registers used:
		wreg, status,2, status,0
 Tracked objects:
		On entry : 
		On exit  : 
		Unchanged: 
 Data sizes:     COMMON   BANK0   BANK1   BANK2   BANK3   BANK4   BANK5   BANK6   BANK7   BANK8   BANK9  BANK10  BANK11  BANK12  BANK13  BANK14  BANK15  BANK16  BANK17  BANK18  BANK19  BANK20  BANK21  BANK22  BANK23  BANK24  BANK25
      Params:         0       0       0       0       0       0       0       0       0       0       0       0       0       0       0       0       0       0       0       0       0       0       0       0       0       0       0
      Locals:         1       0       0       0       0       0       0       0       0       0       0       0       0       0       0       0       0       0       0       0       0       0       0       0       0       0       0
      Temps:          1       0       0       0       0       0       0       0       0       0       0       0       0       0       0       0       0       0       0       0       0       0       0       0       0       0       0
      Totals:         2       0       0       0       0       0       0       0       0       0       0       0       0       0       0       0       0       0       0       0       0       0       0       0       0       0       0
Total ram usage:        2 bytes
 Hardware stack levels used:    1
 This function calls:
		Nothing
 This function is called by:
		_ADC_ISR
 This function uses a non-reentrant model


 *************** function _ADC_GetConversionResult *****************
 Defined at:
		line 116 in file "mcc_generated_files/adc.c"
 Parameters:    Size  Location     Type
		None
 Auto vars:     Size  Location     Type
		None
 Return value:  Size  Location     Type
                  2    0[COMMON] unsigned short 
 Registers used:
		wreg
 Tracked objects:
		On entry : 
		On exit  : 
		Unchanged: 
 Data sizes:     COMMON   BANK0   BANK1   BANK2   BANK3   BANK4   BANK5   BANK6   BANK7   BANK8   BANK9  BANK10  BANK11  BANK12  BANK13  BANK14  BANK15  BANK16  BANK17  BANK18  BANK19  BANK20  BANK21  BANK22  BANK23  BANK24  BANK25
      Params:         2       0       0       0       0       0       0       0       0       0       0       0       0       0       0       0       0       0       0       0       0       0       0       0       0       0       0
      Locals:         0       0       0       0       0       0       0       0       0       0       0       0       0       0       0       0       0       0       0       0       0       0       0       0       0       0       0
      Temps:          0       0       0       0       0       0       0       0       0       0       0       0       0       0       0       0       0       0       0       0       0       0       0       0       0       0       0
      Totals:         2       0       0       0       0       0       0       0       0       0       0       0       0       0       0       0       0       0       0       0       0       0       0       0       0       0       0
Total ram usage:        2 bytes
 Hardware stack levels used:    1
 This function calls:
		Nothing
 This function is called by:
		_ADC_ISR
 This function uses a non-reentrant model



MODULE INFORMATION

Module		Function		Class		Link	Load	Size
/Applications/microchip/xc8/v2.31/pic/sources/c99/common/putch.c
		_putch         		CODE           	0003	0000	1

/Applications/microchip/xc8/v2.31/pic/sources/c99/common/putch.c estimated size: 1

mcc_generated_files/fvr.c
		_FVR_Initialize		CODE           	2EF2	0000	4

mcc_generated_files/fvr.c estimated size: 4

mcc_generated_files/interrupt_manager.c
		_INTERRUPT_InterruptManager		CODE           	0004	0000	24

mcc_generated_files/interrupt_manager.c estimated size: 24

/Applications/microchip/xc8/v2.31/pic/sources/c99/common/aodiv.c
		___aodiv       		CODE           	1A80	0000	245

/Applications/microchip/xc8/v2.31/pic/sources/c99/common/aodiv.c estimated size: 245

/Applications/microchip/xc8/v2.31/pic/sources/c99/common/atoi.c
		_atoi          		CODE           	2761	0000	159

/Applications/microchip/xc8/v2.31/pic/sources/c99/common/atoi.c estimated size: 159

mcc_generated_files/pin_manager.c
		_PIN_MANAGER_Initialize		CODE           	22F0	0000	52
		_IOCAF0_SetInterruptHandler		CODE           	2F06	0000	6

mcc_generated_files/pin_manager.c estimated size: 58

/Applications/microchip/xc8/v2.31/pic/sources/c99/common/lwdiv.c
		___lwdiv       		CODE           	1810	0000	52

/Applications/microchip/xc8/v2.31/pic/sources/c99/common/lwdiv.c estimated size: 52

/Applications/microchip/xc8/v2.31/pic/sources/c99/common/nf_sprintf.c
		_sprintf       		CODE           	229D	0000	39

/Applications/microchip/xc8/v2.31/pic/sources/c99/common/nf_sprintf.c estimated size: 39

mcc_generated_files/adc.c
		_ADC_Initialize		CODE           	2F61	0000	13
		_ADC_GetConversionResult		CODE           	2EF6	0000	5
		_ADC_StartConversion		CODE           	2FAF	0000	18
		_ADC_ISR       		CODE           	266B	0000	120

mcc_generated_files/adc.c estimated size: 156

/Applications/microchip/xc8/v2.31/pic/sources/c99/common/nf_fputs.c
		_fputs         		CODE           	2278	0000	37

/Applications/microchip/xc8/v2.31/pic/sources/c99/common/nf_fputs.c estimated size: 37

/Applications/microchip/xc8/v2.31/pic/sources/c99/common/strlen.c
		_strlen        		CODE           	21D2	0000	24

/Applications/microchip/xc8/v2.31/pic/sources/c99/common/strlen.c estimated size: 24

/Applications/microchip/xc8/v2.31/pic/sources/c99/common/isspace.c
		_isspace       		CODE           	223B	0000	29

/Applications/microchip/xc8/v2.31/pic/sources/c99/common/isspace.c estimated size: 29

OLED/i2c1.c
		_stopI2C       		CODE           	2F19	0000	7
		_startI2C      		CODE           	2F12	0000	7
		_idleI2C       		CODE           	2F20	0000	8
		_sendI2C       		CODE           	2F6E	0000	14
		_waitI2C       		CODE           	2EFB	0000	5
		_initI2C       		CODE           	2F28	0000	10

OLED/i2c1.c estimated size: 51

shared
		_font_3        		STRCODE        	0C8F	0000	1080
		_font          		STRCODE        	2000	0000	419
		i1_ADC_StartConversion		CODE           	2F8B	0000	18
		__initialization		CODE           	001E	0000	61
		_font2@font$F1117		STRCODE        	0000	0000	0
		_font2         		STRCODE        	0677	0000	1560

shared estimated size: 3138

mcc_generated_files/mcc.c
		_WDT_Initialize		CODE           	2EEF	0000	3
		_OSCILLATOR_Initialize		CODE           	2F32	0000	11
		_SYSTEM_Initialize		CODE           	2F9D	0000	18

mcc_generated_files/mcc.c estimated size: 32

/Applications/microchip/xc8/v2.31/pic/sources/c99/common/doprnt.c
		_vfpfcnvrt     		CODE           	1B75	0000	318
		_pad           		CODE           	2431	0000	78
		_dtoa          		CODE           	1CB3	0000	333
		_vfprintf      		CODE           	2324	0000	52

/Applications/microchip/xc8/v2.31/pic/sources/c99/common/doprnt.c estimated size: 781

mcc_generated_files/tmr1.c
		_TMR1_Initialize		CODE           	221F	0000	28
		_TMR1_SetInterruptHandler		CODE           	2F0C	0000	6
		_TMR1_DefaultInterruptHandler		CODE           	0002	0000	1
		_TMR1_WriteTimer		CODE           	2F7C	0000	15
		_TMR1_StartTimer		CODE           	21A3	0000	3
		_TMR1_ISR      		CODE           	2FD4	0000	20

mcc_generated_files/tmr1.c estimated size: 73

/Applications/microchip/xc8/v2.31/pic/sources/c99/common/isdigit.c
		_isdigit       		CODE           	2FE8	0000	24

/Applications/microchip/xc8/v2.31/pic/sources/c99/common/isdigit.c estimated size: 24

/Applications/microchip/xc8/v2.31/pic/sources/c99/common/Umul16.c
		___wmul        		CODE           	2204	0000	27

/Applications/microchip/xc8/v2.31/pic/sources/c99/common/Umul16.c estimated size: 27

mcc_generated_files/memory.c
		_DATAEE_WriteByte		CODE           	2258	0000	32
		_DATAEE_ReadByte		CODE           	2F3D	0000	12

mcc_generated_files/memory.c estimated size: 44

OLED/lcd.c
		_fb_draw_string		CODE           	24DB	0000	93
		_fb_show       		CODE           	10C7	0000	8
		_fb_draw_string_big		CODE           	18E8	0000	187
		_lcd_sendFramebuffer		CODE           	247F	0000	92
		_fb_draw_char_super_big		CODE           	10CF	0000	259
		_lcd_sendCommand		CODE           	2FC1	0000	19
		_fb_draw_char  		CODE           	239F	0000	72
		_fb_draw_char_big		CODE           	1844	0000	164
		_fb_clear      		CODE           	21EA	0000	26
		_lcd_init      		CODE           	259A	0000	100

OLED/lcd.c estimated size: 1020

/Applications/microchip/xc8/v2.31/pic/sources/c99/common/aomod.c
		___aomod       		CODE           	19A3	0000	221

/Applications/microchip/xc8/v2.31/pic/sources/c99/common/aomod.c estimated size: 221

/Applications/microchip/xc8/v2.31/pic/sources/c99/common/nf_fputc.c
		_fputc         		CODE           	2358	0000	71

/Applications/microchip/xc8/v2.31/pic/sources/c99/common/nf_fputc.c estimated size: 71

main.c
		_init_system   		CODE           	23E7	0000	74
		_main          		CODE           	2538	0000	98
		_proc_solder   		CODE           	1409	0000	1015
		_proc_menue    		CODE           	11D2	0000	567
		_calc_supply_voltage		CODE           	1800	0000	16
		_get_switch_state		CODE           	25FE	0000	109
		_calc_tip_temperatur		CODE           	21A6	0000	20
		_proc_off      		CODE           	26E3	0000	126
		_timer1_fired  		CODE           	2F00	0000	6

main.c estimated size: 2031

/Applications/microchip/xc8/v2.31/pic/sources/c99/common/abs.c
		_abs           		CODE           	21BA	0000	24

/Applications/microchip/xc8/v2.31/pic/sources/c99/common/abs.c estimated size: 24

/Applications/microchip/xc8/v2.31/pic/sources/c99/common/lwmod.c
		___lwmod       		CODE           	22C4	0000	44

/Applications/microchip/xc8/v2.31/pic/sources/c99/common/lwmod.c estimated size: 44

